Archive member included to satisfy reference by file (symbol)

d:/mounriver/mounriver_studio2/resources/app/resources/win32/components/wch/toolchain/risc-v embedded gcc12/bin/../lib/gcc/riscv-wch-elf/12.2.0/rv32imac_zba_zbb_zbc_zbs_xw/ilp32\libgcc.a(_udivdi3.o)
                              ./Peripheral/src/ch32h417_usart.o (__udivdi3)
d:/mounriver/mounriver_studio2/resources/app/resources/win32/components/wch/toolchain/risc-v embedded gcc12/bin/../lib/gcc/riscv-wch-elf/12.2.0/rv32imac_zba_zbb_zbc_zbs_xw/ilp32\libgcc.a(divsf3.o)
                              ./Driver/atk_ms901m.o (__divsf3)
d:/mounriver/mounriver_studio2/resources/app/resources/win32/components/wch/toolchain/risc-v embedded gcc12/bin/../lib/gcc/riscv-wch-elf/12.2.0/rv32imac_zba_zbb_zbc_zbs_xw/ilp32\libgcc.a(mulsf3.o)
                              ./Driver/atk_ms901m.o (__mulsf3)
d:/mounriver/mounriver_studio2/resources/app/resources/win32/components/wch/toolchain/risc-v embedded gcc12/bin/../lib/gcc/riscv-wch-elf/12.2.0/rv32imac_zba_zbb_zbc_zbs_xw/ilp32\libgcc.a(floatsisf.o)
                              ./Driver/atk_ms901m.o (__floatsisf)
d:/mounriver/mounriver_studio2/resources/app/resources/win32/components/wch/toolchain/risc-v embedded gcc12/bin/../lib/gcc/riscv-wch-elf/12.2.0/rv32imac_zba_zbb_zbc_zbs_xw/ilp32\libgcc.a(floatunsisf.o)
                              ./Driver/atk_ms901m.o (__floatunsisf)
d:/mounriver/mounriver_studio2/resources/app/resources/win32/components/wch/toolchain/risc-v embedded gcc12/bin/../lib/gcc/riscv-wch-elf/12.2.0/rv32imac_zba_zbb_zbc_zbs_xw/ilp32\libgcc.a(save-restore.o)
                              ./Driver/atk_ms901m.o (__riscv_save_8)
d:/mounriver/mounriver_studio2/resources/app/resources/win32/components/wch/toolchain/risc-v embedded gcc12/bin/../lib/gcc/riscv-wch-elf/12.2.0/rv32imac_zba_zbb_zbc_zbs_xw/ilp32\libgcc.a(_clz.o)
                              d:/mounriver/mounriver_studio2/resources/app/resources/win32/components/wch/toolchain/risc-v embedded gcc12/bin/../lib/gcc/riscv-wch-elf/12.2.0/rv32imac_zba_zbb_zbc_zbs_xw/ilp32\libgcc.a(_udivdi3.o) (__clz_tab)
d:/mounriver/mounriver_studio2/resources/app/resources/win32/components/wch/toolchain/risc-v embedded gcc12/bin/../lib/gcc/riscv-wch-elf/12.2.0/../../../../riscv-wch-elf/lib/rv32imac_zba_zbb_zbc_zbs_xw/ilp32\libg_nano.a(lib_a-printf.o)
                              ./User/main.o (printf)
d:/mounriver/mounriver_studio2/resources/app/resources/win32/components/wch/toolchain/risc-v embedded gcc12/bin/../lib/gcc/riscv-wch-elf/12.2.0/../../../../riscv-wch-elf/lib/rv32imac_zba_zbb_zbc_zbs_xw/ilp32\libg_nano.a(lib_a-puts.o)
                              ./User/main.o (puts)
d:/mounriver/mounriver_studio2/resources/app/resources/win32/components/wch/toolchain/risc-v embedded gcc12/bin/../lib/gcc/riscv-wch-elf/12.2.0/../../../../riscv-wch-elf/lib/rv32imac_zba_zbb_zbc_zbs_xw/ilp32\libg_nano.a(lib_a-wbuf.o)
                              d:/mounriver/mounriver_studio2/resources/app/resources/win32/components/wch/toolchain/risc-v embedded gcc12/bin/../lib/gcc/riscv-wch-elf/12.2.0/../../../../riscv-wch-elf/lib/rv32imac_zba_zbb_zbc_zbs_xw/ilp32\libg_nano.a(lib_a-puts.o) (__swbuf_r)
d:/mounriver/mounriver_studio2/resources/app/resources/win32/components/wch/toolchain/risc-v embedded gcc12/bin/../lib/gcc/riscv-wch-elf/12.2.0/../../../../riscv-wch-elf/lib/rv32imac_zba_zbb_zbc_zbs_xw/ilp32\libg_nano.a(lib_a-wsetup.o)
                              d:/mounriver/mounriver_studio2/resources/app/resources/win32/components/wch/toolchain/risc-v embedded gcc12/bin/../lib/gcc/riscv-wch-elf/12.2.0/../../../../riscv-wch-elf/lib/rv32imac_zba_zbb_zbc_zbs_xw/ilp32\libg_nano.a(lib_a-puts.o) (__swsetup_r)
d:/mounriver/mounriver_studio2/resources/app/resources/win32/components/wch/toolchain/risc-v embedded gcc12/bin/../lib/gcc/riscv-wch-elf/12.2.0/../../../../riscv-wch-elf/lib/rv32imac_zba_zbb_zbc_zbs_xw/ilp32\libg_nano.a(lib_a-fflush.o)
                              d:/mounriver/mounriver_studio2/resources/app/resources/win32/components/wch/toolchain/risc-v embedded gcc12/bin/../lib/gcc/riscv-wch-elf/12.2.0/../../../../riscv-wch-elf/lib/rv32imac_zba_zbb_zbc_zbs_xw/ilp32\libg_nano.a(lib_a-wbuf.o) (_fflush_r)
d:/mounriver/mounriver_studio2/resources/app/resources/win32/components/wch/toolchain/risc-v embedded gcc12/bin/../lib/gcc/riscv-wch-elf/12.2.0/../../../../riscv-wch-elf/lib/rv32imac_zba_zbb_zbc_zbs_xw/ilp32\libg_nano.a(lib_a-findfp.o)
                              d:/mounriver/mounriver_studio2/resources/app/resources/win32/components/wch/toolchain/risc-v embedded gcc12/bin/../lib/gcc/riscv-wch-elf/12.2.0/../../../../riscv-wch-elf/lib/rv32imac_zba_zbb_zbc_zbs_xw/ilp32\libg_nano.a(lib_a-printf.o) (__sinit)
d:/mounriver/mounriver_studio2/resources/app/resources/win32/components/wch/toolchain/risc-v embedded gcc12/bin/../lib/gcc/riscv-wch-elf/12.2.0/../../../../riscv-wch-elf/lib/rv32imac_zba_zbb_zbc_zbs_xw/ilp32\libg_nano.a(lib_a-fwalk.o)
[...]
Memory Configuration

Name             Origin             Length             Attributes
FLASH            0x0000000000000000 0x0000000000010000 xr
RAM_CODE         0x0000000020100000 0x0000000000010000 xrw
RAM              0x0000000020110100 0x000000000006ff00 xrw
RAM_LOAD         0x0000000020110000 0x0000000000000100 xrw
*default*        0x0000000000000000 0xffffffffffffffff

Linker script and memory map

LOAD ./User/ch32h417_it.o
LOAD ./User/main.o
LOAD ./User/system_ch32h417.o
LOAD ./Startup/startup_ch32h417_v3f.o
LOAD ./Peripheral/src/ch32h417_adc.o
LOAD ./Peripheral/src/ch32h417_can.o
LOAD ./Peripheral/src/ch32h417_crc.o
LOAD ./Peripheral/src/ch32h417_dac.o
LOAD ./Peripheral/src/ch32h417_dbgmcu.o
LOAD ./Peripheral/src/ch32h417_dfsdm.o
LOAD ./Peripheral/src/ch32h417_dma.o
LOAD ./Peripheral/src/ch32h417_dvp.o
LOAD ./Peripheral/src/ch32h417_ecdc.o
LOAD ./Peripheral/src/ch32h417_eth.o
LOAD ./Peripheral/src/ch32h417_exti.o
LOAD ./Peripheral/src/ch32h417_flash.o
LOAD ./Peripheral/src/ch32h417_fmc.o
LOAD ./Peripheral/src/ch32h417_gpha.o
LOAD ./Peripheral/src/ch32h417_gpio.o
LOAD ./Peripheral/src/ch32h417_hsadc.o
LOAD ./Peripheral/src/ch32h417_hsem.o
LOAD ./Peripheral/src/ch32h417_i2c.o
LOAD ./Peripheral/src/ch32h417_i3c.o
LOAD ./Peripheral/src/ch32h417_ipc.o
LOAD ./Peripheral/src/ch32h417_iwdg.o
LOAD ./Peripheral/src/ch32h417_lptim.o
LOAD ./Peripheral/src/ch32h417_ltdc.o
LOAD ./Peripheral/src/ch32h417_opa.o
LOAD ./Peripheral/src/ch32h417_pwr.o
LOAD ./Peripheral/src/ch32h417_qspi.o
LOAD ./Peripheral/src/ch32h417_rcc.o
LOAD ./Peripheral/src/ch32h417_rng.o
LOAD ./Peripheral/src/ch32h417_rtc.o
LOAD ./Peripheral/src/ch32h417_sai.o
LOAD ./Peripheral/src/ch32h417_sdio.o
LOAD ./Peripheral/src/ch32h417_sdmmc.o
LOAD ./Peripheral/src/ch32h417_serdes.o
LOAD ./Peripheral/src/ch32h417_spi.o
LOAD ./Peripheral/src/ch32h417_swpmi.o
LOAD ./Peripheral/src/ch32h417_tim.o
LOAD ./Peripheral/src/ch32h417_usart.o
LOAD ./Peripheral/src/ch32h417_wwdg.o
LOAD ./Driver/atk_ms901m.o
LOAD ./Driver/atk_ms901m_uart.o
LOAD ./Driver/bsp_esc_pwm.o
LOAD ./Driver/bsp_tof_tfmini.o
LOAD ./Debug/debug.o
LOAD ./Core/core_riscv.o
LOAD ./Common/atk_ms901m_uart.o
LOAD ./Common/hardware.o
LOAD ./Common/ipc_comm.o
LOAD d:/mounriver/mounriver_studio2/resources/app/resources/win32/components/wch/toolchain/risc-v embedded gcc12/bin/../lib/gcc/riscv-wch-elf/12.2.0/../../../../riscv-wch-elf/lib/rv32imac_zba_zbb_zbc_zbs_xw/ilp32\libm_nano.a
LOAD d:/mounriver/mounriver_studio2/resources/app/resources/win32/components/wch/toolchain/risc-v embedded gcc12/bin/../lib/gcc/riscv-wch-elf/12.2.0/rv32imac_zba_zbb_zbc_zbs_xw/ilp32\libgcc.a
LOAD d:/mounriver/mounriver_studio2/resources/app/resources/win32/components/wch/toolchain/risc-v embedded gcc12/bin/../lib/gcc/riscv-wch-elf/12.2.0/../../../../riscv-wch-elf/lib/rv32imac_zba_zbb_zbc_zbs_xw/ilp32\libg_nano.a
LOAD d:/mounriver/mounriver_studio2/resources/app/resources/win32/components/wch/toolchain/risc-v embedded gcc12/bin/../lib/gcc/riscv-wch-elf/12.2.0/../../../../riscv-wch-elf/lib/rv32imac_zba_zbb_zbc_zbs_xw/ilp32\libc_nano.a
LOAD d:/mounriver/mounriver_studio2/resources/app/resources/win32/components/wch/toolchain/risc-v embedded gcc12/bin/../lib/gcc/riscv-wch-elf/12.2.0/rv32imac_zba_zbb_zbc_zbs_xw/ilp32\libgcc.a
START GROUP
LOAD d:/mounriver/mounriver_studio2/resources/app/resources/win32/components/wch/toolchain/risc-v embedded gcc12/bin/../lib/gcc/riscv-wch-elf/12.2.0/rv32imac_zba_zbb_zbc_zbs_xw/ilp32\libgcc.a
LOAD d:/mounriver/mounriver_studio2/resources/app/resources/win32/components/wch/toolchain/risc-v embedded gcc12/bin/../lib/gcc/riscv-wch-elf/12.2.0/../../../../riscv-wch-elf/lib/rv32imac_zba_zbb_zbc_zbs_xw/ilp32\libc_nano.a
LOAD d:/mounriver/mounriver_studio2/resources/app/resources/win32/components/wch/toolchain/risc-v embedded gcc12/bin/../lib/gcc/riscv-wch-elf/12.2.0/../../../../riscv-wch-elf/lib/rv32imac_zba_zbb_zbc_zbs_xw/ilp32\libnosys.a
END GROUP
START GROUP
LOAD d:/mounriver/mounriver_studio2/resources/app/resources/win32/components/wch/toolchain/risc-v embedded gcc12/bin/../lib/gcc/riscv-wch-elf/12.2.0/rv32imac_zba_zbb_zbc_zbs_xw/ilp32\libgcc.a
LOAD d:/mounriver/mounriver_studio2/resources/app/resources/win32/components/wch/toolchain/risc-v embedded gcc12/bin/../lib/gcc/riscv-wch-elf/12.2.0/../../../../riscv-wch-elf/lib/rv32imac_zba_zbb_zbc_zbs_xw/ilp32\libc_nano.a
LOAD d:/mounriver/mounriver_studio2/resources/app/resources/win32/components/wch/toolchain/risc-v embedded gcc12/bin/../lib/gcc/riscv-wch-elf/12.2.0/../../../../riscv-wch-elf/lib/rv32imac_zba_zbb_zbc_zbs_xw/ilp32\libnosys.a
END GROUP
                0x0000000000000800                __stack_size = 0x800
                [!provide]                        PROVIDE (_stack_size = __stack_size)

.init           0x0000000000000000        0x8
                0x0000000000000000                _sinit = .
                0x0000000000000000                . = ALIGN (0x4)
 *(SORT_NONE(.init))
 .init          0x0000000000000000        0x6 ./Startup/startup_ch32h417_v3f.o
                0x0000000000000000                _start
                0x0000000000000008                . = ALIGN (0x4)
 *fill*         0x0000000000000006        0x2 
                0x0000000000000008                _einit = .

.loadcodelalign
                0x0000000000000008        0x0
                0x0000000000000008                . = ALIGN (0x4)
                0x0000000000000008                PROVIDE (_loadcode_lma = .)

.loadcode       0x0000000020110000       0xe4 load address 0x0000000000000008
                0x0000000020110000                . = ALIGN (0x4)
                0x0000000020110000                PROVIDE (_loadcode_vma_start = .)
 *(.load)
 .load          0x0000000020110000       0xe2 ./Startup/startup_ch32h417_v3f.o
                0x00000000201100e4                . = ALIGN (0x4)
 *fill*         0x00000000201100e2        0x2 
                0x00000000201100e4                PROVIDE (_loadcode_vma_end = .)

.highcodelalign
                0x00000000000000ec        0x0
                0x00000000000000ec                . = ALIGN (0x4)
                0x00000000000000ec                PROVIDE (_highcode_lma = .)

.highcode       0x0000000020100000     0x4490 load address 0x00000000000000ec
                0x0000000020100000                . = ALIGN (0x4)
                0x0000000020100000                PROVIDE (_highcode_vma_start = .)
 *(.vector)
 .vector        0x0000000020100000      0x254 ./Startup/startup_ch32h417_v3f.o
 *(SORT_NONE(.vector_handler))
 *(.text)
 .text          0x0000000020100254       0x60 d:/mounriver/mounriver_studio2/resources/app/resources/win32/components/wch/toolchain/risc-v embedded gcc12/bin/../lib/gcc/riscv-wch-elf/12.2.0/rv32imac_zba_zbb_zbc_zbs_xw/ilp32\libgcc.a(save-restore.o)
                0x0000000020100254                __riscv_save_12
                0x000000002010025c                __riscv_save_9
                0x000000002010025c                __riscv_save_11
                0x000000002010025c                __riscv_save_10
                0x000000002010025c                __riscv_save_8
                0x000000002010026a                __riscv_save_4
                0x000000002010026a                __riscv_save_6
                0x000000002010026a                __riscv_save_5
                0x000000002010026a                __riscv_save_7
                0x0000000020100284                __riscv_save_3
                0x0000000020100284                __riscv_save_2
                0x0000000020100284                __riscv_save_1
                0x0000000020100284                __riscv_save_0
                0x0000000020100290                __riscv_restore_12
                0x0000000020100294                __riscv_restore_11
                0x0000000020100294                __riscv_restore_9
                0x0000000020100294                __riscv_restore_10
                0x0000000020100294                __riscv_restore_8
                0x000000002010029e                __riscv_restore_5
                0x000000002010029e                __riscv_restore_7
                0x000000002010029e                __riscv_restore_6
                0x000000002010029e                __riscv_restore_4
                0x00000000201002a8                __riscv_restore_3
                0x00000000201002a8                __riscv_restore_0
                0x00000000201002a8                __riscv_restore_2
                0x00000000201002a8                __riscv_restore_1
 .text          0x00000000201002b4       0x10 d:/mounriver/mounriver_studio2/resources/app/resources/win32/components/wch/toolchain/risc-v embedded gcc12/bin/../lib/gcc/riscv-wch-elf/12.2.0/../../../../riscv-wch-elf/lib/rv32imac_zba_zbb_zbc_zbs_xw/ilp32\libg_nano.a(lib_a-memset.o)
                0x00000000201002b4                memset
 *(.text.*)
 .text.NMI_Handler
                0x00000000201002c4        0x2 ./User/ch32h417_it.o
                0x00000000201002c4                NMI_Handler
 .text.HardFault_Handler
                0x00000000201002c6       0x10 ./User/ch32h417_it.o
                0x00000000201002c6                HardFault_Handler
 .text.USART3_IRQHandler
                0x00000000201002d6        0x8 ./User/ch32h417_it.o
                0x00000000201002d6                USART3_IRQHandler
 .text.main     0x00000000201002de       0xa2 ./User/main.o
                0x00000000201002de                main
 .text.SetSYSCLK_400M_CoreCLK_V5F_400M_V3F_100M_HSE
                0x0000000020100380      0x140 ./User/system_ch32h417.o
 .text.SetSysClock
                0x00000000201004c0        0xa ./User/system_ch32h417.o
 .text.SystemInit
                0x00000000201004ca       0x88 ./User/system_ch32h417.o
                0x00000000201004ca                SystemInit
 .text.SystemAndCoreClockUpdate
                0x0000000020100552      0x21c ./User/system_ch32h417.o
                0x0000000020100552                SystemAndCoreClockUpdate
 .text.vector_handler
                0x000000002010076e        0x2 ./Startup/startup_ch32h417_v3f.o
                0x000000002010076e                TIM8_TRG_COM_IRQHandler
                0x000000002010076e                TIM8_CC_IRQHandler
                0x000000002010076e                USART_WKUP_IRQHandler
                0x000000002010076e                SPI4_IRQHandler
                0x000000002010076e                DFSDM0_IRQHandler
                0x000000002010076e                TIM1_CC_IRQHandler
                0x000000002010076e                TIM10_IRQHandler
                0x000000002010076e                IPC_CH2_Handler
                0x000000002010076e                USBPD_IRQHandler
                0x000000002010076e                TIM6_IRQHandler
                0x000000002010076e                CAN3_RX1_IRQHandler
                0x000000002010076e                I3C_ER_IRQHandler
                0x000000002010076e                SDIO_IRQHandler
                0x000000002010076e                DMA2_Channel8_IRQHandler
                0x000000002010076e                CAN2_RX1_IRQHandler
                0x000000002010076e                HSEM_Handler
                0x000000002010076e                USBHS_IRQHandler
                0x000000002010076e                LPTIM2_IRQHandler
                0x000000002010076e                USBFSWakeup_IRQHandler
                0x000000002010076e                I2C3_ER_IRQHandler
                0x000000002010076e                USBFS_IRQHandler
                0x000000002010076e                USART8_IRQHandler
                0x000000002010076e                I2C2_EV_IRQHandler
                0x000000002010076e                CAN1_RX0_IRQHandler
                0x000000002010076e                CAN3_SCE_IRQHandler
                0x000000002010076e                CAN2_SCE_IRQHandler
                0x000000002010076e                ADC1_2_IRQHandler
                0x000000002010076e                Break_Point_Handler
                0x000000002010076e                IPC_CH0_Handler
                0x000000002010076e                SPI1_IRQHandler
                0x000000002010076e                USART5_IRQHandler
                0x000000002010076e                SysTick0_Handler
                0x000000002010076e                EXTI7_0_IRQHandler
                0x000000002010076e                CAN2_RX0_IRQHandler
                0x000000002010076e                TIM8_UP_IRQHandler
                0x000000002010076e                Ecall_M_Mode_Handler
                0x000000002010076e                ECDC_IRQHandler
                0x000000002010076e                SDMMC_IRQHandler
                0x000000002010076e                USART7_IRQHandler
                0x000000002010076e                DMA2_Channel2_IRQHandler
                0x000000002010076e                DMA1_Channel4_IRQHandler
                0x000000002010076e                USART6_IRQHandler
                0x000000002010076e                CAN3_RX0_IRQHandler
                0x000000002010076e                HSADC_IRQHandler
                0x000000002010076e                RTC_IRQHandler
                0x000000002010076e                DMA1_Channel7_IRQHandler
                0x000000002010076e                CAN1_RX1_IRQHandler
                0x000000002010076e                DVP_IRQHandler
                0x000000002010076e                USBSS_IRQHandler
                0x000000002010076e                SWPMI_IRQHandler
                0x000000002010076e                USBPDWakeUp_IRQHandler
                0x000000002010076e                EXTI15_8_IRQHandler
                0x000000002010076e                TIM4_IRQHandler
                0x000000002010076e                DMA2_Channel1_IRQHandler
                0x000000002010076e                SWPMI_WKUP_IRQHandler
                0x000000002010076e                I2C1_EV_IRQHandler
                0x000000002010076e                USBSSWakeup_IRQHandler
                0x000000002010076e                DMA1_Channel6_IRQHandler
                0x000000002010076e                DMA2_Channel4_IRQHandler
                0x000000002010076e                TIM3_IRQHandler
                0x000000002010076e                RCC_IRQHandler
                0x000000002010076e                TIM1_TRG_COM_IRQHandler
                0x000000002010076e                DMA1_Channel1_IRQHandler
                0x000000002010076e                DMA2_Channel7_IRQHandler
                0x000000002010076e                QSPI1_IRQHandler
                0x000000002010076e                DMA1_Channel8_IRQHandler
                0x000000002010076e                IPC_CH3_Handler
                0x000000002010076e                I3C_EV_IRQHandler
                0x000000002010076e                I3C_WKUP_IRQHandler
                0x000000002010076e                TIM12_IRQHandler
                0x000000002010076e                TIM7_IRQHandler
                0x000000002010076e                CAN2_TX_IRQHandler
                0x000000002010076e                TIM5_IRQHandler
                0x000000002010076e                I2C3_EV_IRQHandler
                0x000000002010076e                PIOC_IRQHandler
                0x000000002010076e                TIM9_IRQHandler
                0x000000002010076e                LTDC_IRQHandler
                0x000000002010076e                SAI_IRQHandler
                0x000000002010076e                ETH_WKUP_IRQHandler
                0x000000002010076e                SPI2_IRQHandler
                0x000000002010076e                IPC_CH1_Handler
                0x000000002010076e                LPTIM1_WKUP_IRQHandler
                0x000000002010076e                CAN1_TX_IRQHandler
                0x000000002010076e                DMA2_Channel5_IRQHandler
                0x000000002010076e                DMA1_Channel5_IRQHandler
                0x000000002010076e                QSPI2_IRQHandler
                0x000000002010076e                RNG_IRQHandler
                0x000000002010076e                DMA1_Channel3_IRQHandler
                0x000000002010076e                ETH_IRQHandler
                0x000000002010076e                TIM1_UP_IRQHandler
                0x000000002010076e                WWDG_IRQHandler
                0x000000002010076e                USBHSWakeup_IRQHandler
                0x000000002010076e                Ecall_U_Mode_Handler
                0x000000002010076e                I2C4_EV_IRQHandler
                0x000000002010076e                CAN3_TX_IRQHandler
                0x000000002010076e                DMA2_Channel6_IRQHandler
                0x000000002010076e                TIM2_IRQHandler
                0x000000002010076e                SW_Handler
                0x000000002010076e                TIM1_BRK_IRQHandler
                0x000000002010076e                GPHA_IRQHandler
                0x000000002010076e                LPTIM2_WKUP_IRQHandler
                0x000000002010076e                RTCAlarm_IRQHandler
                0x000000002010076e                TIM11_IRQHandler
                0x000000002010076e                USART2_IRQHandler
                0x000000002010076e                UHSIF_IRQHandler
                0x000000002010076e                I2C2_ER_IRQHandler
                0x000000002010076e                DMA1_Channel2_IRQHandler
                0x000000002010076e                TIM8_BRK_IRQHandler
                0x000000002010076e                CAN1_SCE_IRQHandler
                0x000000002010076e                FLASH_IRQHandler
                0x000000002010076e                USART1_IRQHandler
                0x000000002010076e                SPI3_IRQHandler
                0x000000002010076e                I2C1_ER_IRQHandler
                0x000000002010076e                FMC_IRQHandler
                0x000000002010076e                SysTick1_Handler
                0x000000002010076e                LPTIM1_IRQHandler
                0x000000002010076e                DFSDM1_IRQHandler
                0x000000002010076e                I2C4_ER_IRQHandler
                0x000000002010076e                SERDES_IRQHandler
                0x000000002010076e                USBSS_LINK_IRQHandler
                0x000000002010076e                DMA2_Channel3_IRQHandler
 .text.FLASH_BOOT_GetMode
                0x0000000020100770       0x36 ./Peripheral/src/ch32h417_flash.o
                0x0000000020100770                FLASH_BOOT_GetMode
 .text.FLASH_GetUserOptionByte
                0x00000000201007a6        0xa ./Peripheral/src/ch32h417_flash.o
                0x00000000201007a6                FLASH_GetUserOptionByte
 .text.GPIO_Init
                0x00000000201007b0       0xee ./Peripheral/src/ch32h417_gpio.o
                0x00000000201007b0                GPIO_Init
 .text.GPIO_ReadOutputDataBit
                0x000000002010089e        0xe ./Peripheral/src/ch32h417_gpio.o
                0x000000002010089e                GPIO_ReadOutputDataBit
 .text.GPIO_SetBits
                0x00000000201008ac        0x4 ./Peripheral/src/ch32h417_gpio.o
                0x00000000201008ac                GPIO_SetBits
 .text.GPIO_ResetBits
                0x00000000201008b0        0x4 ./Peripheral/src/ch32h417_gpio.o
                0x00000000201008b0                GPIO_ResetBits
 .text.GPIO_PinAFConfig
                0x00000000201008b4      0x1fe ./Peripheral/src/ch32h417_gpio.o
                0x00000000201008b4                GPIO_PinAFConfig
 .text.GPIO_IPD_Unused
                0x0000000020100ab2      0x286 ./Peripheral/src/ch32h417_gpio.o
                0x0000000020100ab2                GPIO_IPD_Unused
 .text.HSEM_FastTake
                0x0000000020100d38       0x2c ./Peripheral/src/ch32h417_hsem.o
                0x0000000020100d38                HSEM_FastTake
 .text.HSEM_ReleaseOneSem
                0x0000000020100d64       0x20 ./Peripheral/src/ch32h417_hsem.o
                0x0000000020100d64                HSEM_ReleaseOneSem
 .text.HSEM_ReleaseAllSem
                0x0000000020100d84        0xe ./Peripheral/src/ch32h417_hsem.o
                0x0000000020100d84                HSEM_ReleaseAllSem
 .text.HSEM_ITConfig
                0x0000000020100d92       0x26 ./Peripheral/src/ch32h417_hsem.o
                0x0000000020100d92                HSEM_ITConfig
 .text.HSEM_ClearFlag
                0x0000000020100db8        0xe ./Peripheral/src/ch32h417_hsem.o
                0x0000000020100db8                HSEM_ClearFlag
 .text.IPC_Init
                0x0000000020100dc6       0x50 ./Peripheral/src/ch32h417_ipc.o
                0x0000000020100dc6                IPC_Init
 .text.IPC_StructInit
                0x0000000020100e16       0x1a ./Peripheral/src/ch32h417_ipc.o
                0x0000000020100e16                IPC_StructInit
 .text.IPC_CH0_Lock
                0x0000000020100e30        0xe ./Peripheral/src/ch32h417_ipc.o
                0x0000000020100e30                IPC_CH0_Lock
 .text.IPC_CH1_Lock
                0x0000000020100e3e        0xe ./Peripheral/src/ch32h417_ipc.o
                0x0000000020100e3e                IPC_CH1_Lock
 .text.IPC_GetFlagStatus
                0x0000000020100e4c       0x16 ./Peripheral/src/ch32h417_ipc.o
                0x0000000020100e4c                IPC_GetFlagStatus
 .text.IPC_SetFlagStatus
                0x0000000020100e62       0x10 ./Peripheral/src/ch32h417_ipc.o
                0x0000000020100e62                IPC_SetFlagStatus
 .text.IPC_ClearFlagStatus
                0x0000000020100e72       0x10 ./Peripheral/src/ch32h417_ipc.o
                0x0000000020100e72                IPC_ClearFlagStatus
 .text.IPC_WriteMSG
                0x0000000020100e82       0x1e ./Peripheral/src/ch32h417_ipc.o
                0x0000000020100e82                IPC_WriteMSG
 .text.IPC_ReadMSG
                0x0000000020100ea0       0x1e ./Peripheral/src/ch32h417_ipc.o
                0x0000000020100ea0                IPC_ReadMSG
 .text.PWR_EnterSTOPMode
                0x0000000020100ebe       0xb8 ./Peripheral/src/ch32h417_pwr.o
                0x0000000020100ebe                PWR_EnterSTOPMode
 .text.RCC_GetClocksFreq
                0x0000000020100f76      0x24a ./Peripheral/src/ch32h417_rcc.o
                0x0000000020100f76                RCC_GetClocksFreq
 .text.RCC_HB2PeriphClockCmd
                0x00000000201011c0       0x1c ./Peripheral/src/ch32h417_rcc.o
                0x00000000201011c0                RCC_HB2PeriphClockCmd
 .text.RCC_HB1PeriphClockCmd
                0x00000000201011dc       0x1c ./Peripheral/src/ch32h417_rcc.o
                0x00000000201011dc                RCC_HB1PeriphClockCmd
 .text.TIM_TimeBaseInit
                0x00000000201011f8       0x82 ./Peripheral/src/ch32h417_tim.o
                0x00000000201011f8                TIM_TimeBaseInit
 .text.TIM_OC1Init
                0x000000002010127a       0x6e ./Peripheral/src/ch32h417_tim.o
                0x000000002010127a                TIM_OC1Init
 .text.TIM_OC2Init
                0x00000000201012e8       0xa2 ./Peripheral/src/ch32h417_tim.o
                0x00000000201012e8                TIM_OC2Init
 .text.TIM_OC3Init
                0x000000002010138a       0xa0 ./Peripheral/src/ch32h417_tim.o
                0x000000002010138a                TIM_OC3Init
 .text.TIM_OC4Init
                0x000000002010142a       0x76 ./Peripheral/src/ch32h417_tim.o
                0x000000002010142a                TIM_OC4Init
 .text.TIM_Cmd  0x00000000201014a0       0x1c ./Peripheral/src/ch32h417_tim.o
                0x00000000201014a0                TIM_Cmd
 .text.TIM_CtrlPWMOutputs
                0x00000000201014bc       0x24 ./Peripheral/src/ch32h417_tim.o
                0x00000000201014bc                TIM_CtrlPWMOutputs
 .text.TIM_ARRPreloadConfig
                0x00000000201014e0       0x1e ./Peripheral/src/ch32h417_tim.o
                0x00000000201014e0                TIM_ARRPreloadConfig
 .text.TIM_OC1PreloadConfig
                0x00000000201014fe        0xe ./Peripheral/src/ch32h417_tim.o
                0x00000000201014fe                TIM_OC1PreloadConfig
 .text.TIM_OC2PreloadConfig
                0x000000002010150c       0x16 ./Peripheral/src/ch32h417_tim.o
                0x000000002010150c                TIM_OC2PreloadConfig
 .text.TIM_OC3PreloadConfig
                0x0000000020101522        0xe ./Peripheral/src/ch32h417_tim.o
                0x0000000020101522                TIM_OC3PreloadConfig
 .text.TIM_OC4PreloadConfig
                0x0000000020101530       0x16 ./Peripheral/src/ch32h417_tim.o
                0x0000000020101530                TIM_OC4PreloadConfig
 .text.TIM_SetCompare1
                0x0000000020101546        0x4 ./Peripheral/src/ch32h417_tim.o
                0x0000000020101546                TIM_SetCompare1
 .text.TIM_SetCompare2
                0x000000002010154a        0x4 ./Peripheral/src/ch32h417_tim.o
                0x000000002010154a                TIM_SetCompare2
 .text.TIM_SetCompare3
                0x000000002010154e        0x4 ./Peripheral/src/ch32h417_tim.o
                0x000000002010154e                TIM_SetCompare3
 .text.TIM_SetCompare4
                0x0000000020101552        0x6 ./Peripheral/src/ch32h417_tim.o
                0x0000000020101552                TIM_SetCompare4
 .text.USART_Init
                0x0000000020101558       0xc0 ./Peripheral/src/ch32h417_usart.o
                0x0000000020101558                USART_Init
 .text.USART_Cmd
                0x0000000020101618       0x18 ./Peripheral/src/ch32h417_usart.o
                0x0000000020101618                USART_Cmd
 .text.USART_ITConfig
                0x0000000020101630       0x4e ./Peripheral/src/ch32h417_usart.o
                0x0000000020101630                USART_ITConfig
 .text.USART_SendData
                0x000000002010167e        0x8 ./Peripheral/src/ch32h417_usart.o
                0x000000002010167e                USART_SendData
 .text.USART_ReceiveData
                0x0000000020101686        0x8 ./Peripheral/src/ch32h417_usart.o
                0x0000000020101686                USART_ReceiveData
 .text.USART_GetFlagStatus
                0x000000002010168e        0xe ./Peripheral/src/ch32h417_usart.o
                0x000000002010168e                USART_GetFlagStatus
 .text.USART_GetITStatus
                0x000000002010169c       0x52 ./Peripheral/src/ch32h417_usart.o
                0x000000002010169c                USART_GetITStatus
 .text.atk_ms901m_write_reg_by_id
                0x00000000201016ee       0x72 ./Driver/atk_ms901m.o
 .text.atk_ms901m_get_frame_by_id
                0x0000000020101760      0x152 ./Driver/atk_ms901m.o
 .text.atk_ms901m_read_reg_by_id
                0x00000000201018b2       0x82 ./Driver/atk_ms901m.o
 .text.atk_ms901m_init
                0x0000000020101934       0xbc ./Driver/atk_ms901m.o
                0x0000000020101934                atk_ms901m_init
 .text.atk_ms901m_get_attitude
                0x00000000201019f0       0xae ./Driver/atk_ms901m.o
                0x00000000201019f0                atk_ms901m_get_attitude
 .text.atk_ms901m_get_gyro_accelerometer
                0x0000000020101a9e      0x178 ./Driver/atk_ms901m.o
                0x0000000020101a9e                atk_ms901m_get_gyro_accelerometer
 .text.atk_ms901m_uart_rx_fifo_write
                0x0000000020101c16       0x3c ./Driver/atk_ms901m_uart.o
                0x0000000020101c16                atk_ms901m_uart_rx_fifo_write
 .text.atk_ms901m_uart_rx_fifo_read
                0x0000000020101c52       0x72 ./Driver/atk_ms901m_uart.o
                0x0000000020101c52                atk_ms901m_uart_rx_fifo_read
 .text.atk_ms901m_uart_rx_fifo_flush
                0x0000000020101cc4       0x12 ./Driver/atk_ms901m_uart.o
                0x0000000020101cc4                atk_ms901m_uart_rx_fifo_flush
 .text.atk_ms901m_uart_send
                0x0000000020101cd6       0x3e ./Driver/atk_ms901m_uart.o
                0x0000000020101cd6                atk_ms901m_uart_send
 .text.atk_ms901m_uart_init
                0x0000000020101d14       0xd6 ./Driver/atk_ms901m_uart.o
                0x0000000020101d14                atk_ms901m_uart_init
 .text.ATK_MS901M_UART_IRQHandler
                0x0000000020101dea       0x54 ./Driver/atk_ms901m_uart.o
                0x0000000020101dea                ATK_MS901M_UART_IRQHandler
 .text.bsp_esc_pwm_init
                0x0000000020101e3e      0x122 ./Driver/bsp_esc_pwm.o
                0x0000000020101e3e                bsp_esc_pwm_init
 .text.bsp_esc_pwm_set_all
                0x0000000020101f60       0x46 ./Driver/bsp_esc_pwm.o
                0x0000000020101f60                bsp_esc_pwm_set_all
 .text.bsp_tof_tfmini_init
                0x0000000020101fa6       0x98 ./Driver/bsp_tof_tfmini.o
                0x0000000020101fa6                bsp_tof_tfmini_init
 .text.bsp_tof_tfmini_poll
                0x000000002010203e       0x26 ./Driver/bsp_tof_tfmini.o
                0x000000002010203e                bsp_tof_tfmini_poll
 .text.USART4_IRQHandler
                0x0000000020102064       0xb6 ./Driver/bsp_tof_tfmini.o
                0x0000000020102064                USART4_IRQHandler
 .text.Delay_Init
                0x000000002010211a       0x26 ./Debug/debug.o
                0x000000002010211a                Delay_Init
 .text.Delay_Us
                0x0000000020102140       0x3a ./Debug/debug.o
                0x0000000020102140                Delay_Us
 .text.Delay_Ms
                0x000000002010217a       0x3a ./Debug/debug.o
                0x000000002010217a                Delay_Ms
 .text.USART_Printf_Init
                0x00000000201021b4       0x7c ./Debug/debug.o
                0x00000000201021b4                USART_Printf_Init
 .text._write   0x0000000020102230       0x44 ./Debug/debug.o
                0x0000000020102230                _write
 .text._sbrk    0x0000000020102274       0x2a ./Debug/debug.o
                0x0000000020102274                _sbrk
 .text.Hardware
                0x000000002010229e      0x18e ./Common/hardware.o
                0x000000002010229e                Hardware
 .text.ipc_comm_init
                0x000000002010242c       0x56 ./Common/ipc_comm.o
                0x000000002010242c                ipc_comm_init
 .text.ipc_v3f_send_sensor_frame
                0x0000000020102482       0xfe ./Common/ipc_comm.o
                0x0000000020102482                ipc_v3f_send_sensor_frame
 .text.ipc_v3f_recv_control
                0x0000000020102580       0x52 ./Common/ipc_comm.o
                0x0000000020102580                ipc_v3f_recv_control
 .text.__udivdi3
                0x00000000201025d2      0x39a d:/mounriver/mounriver_studio2/resources/app/resources/win32/components/wch/toolchain/risc-v embedded gcc12/bin/../lib/gcc/riscv-wch-elf/12.2.0/rv32imac_zba_zbb_zbc_zbs_xw/ilp32\libgcc.a(_udivdi3.o)
                0x00000000201025d2                __udivdi3
 .text.__mulsf3
                0x000000002010296c      0x2c6 d:/mounriver/mounriver_studio2/resources/app/resources/win32/components/wch/toolchain/risc-v embedded gcc12/bin/../lib/gcc/riscv-wch-elf/12.2.0/rv32imac_zba_zbb_zbc_zbs_xw/ilp32\libgcc.a(mulsf3.o)
                0x000000002010296c                __mulsf3
 .text.__floatsisf
                0x0000000020102c32       0xc0 d:/mounriver/mounriver_studio2/resources/app/resources/win32/components/wch/toolchain/risc-v embedded gcc12/bin/../lib/gcc/riscv-wch-elf/12.2.0/rv32imac_zba_zbb_zbc_zbs_xw/ilp32\libgcc.a(floatsisf.o)
                0x0000000020102c32                __floatsisf
 .text.__floatunsisf
                0x0000000020102cf2       0xa8 d:/mounriver/mounriver_studio2/resources/app/resources/win32/components/wch/toolchain/risc-v embedded gcc12/bin/../lib/gcc/riscv-wch-elf/12.2.0/rv32imac_zba_zbb_zbc_zbs_xw/ilp32\libgcc.a(floatunsisf.o)
                0x0000000020102cf2                __floatunsisf
 .text.printf   0x0000000020102d9a       0x3a d:/mounriver/mounriver_studio2/resources/app/resources/win32/components/wch/toolchain/risc-v embedded gcc12/bin/../lib/gcc/riscv-wch-elf/12.2.0/../../../../riscv-wch-elf/lib/rv32imac_zba_zbb_zbc_zbs_xw/ilp32\libg_nano.a(lib_a-printf.o)
                0x0000000020102d9a                iprintf
                0x0000000020102d9a                printf
 .text._puts_r  0x0000000020102dd4      0x104 d:/mounriver/mounriver_studio2/resources/app/resources/win32/components/wch/toolchain/risc-v embedded gcc12/bin/../lib/gcc/riscv-wch-elf/12.2.0/../../../../riscv-wch-elf/lib/rv32imac_zba_zbb_zbc_zbs_xw/ilp32\libg_nano.a(lib_a-puts.o)
                0x0000000020102dd4                _puts_r
 .text.puts     0x0000000020102ed8        0x8 d:/mounriver/mounriver_studio2/resources/app/resources/win32/components/wch/toolchain/risc-v embedded gcc12/bin/../lib/gcc/riscv-wch-elf/12.2.0/../../../../riscv-wch-elf/lib/rv32imac_zba_zbb_zbc_zbs_xw/ilp32\libg_nano.a(lib_a-puts.o)
                0x0000000020102ed8                puts
 .text.__swbuf_r
                0x0000000020102ee0       0xbc d:/mounriver/mounriver_studio2/resources/app/resources/win32/components/wch/toolchain/risc-v embedded gcc12/bin/../lib/gcc/riscv-wch-elf/12.2.0/../../../../riscv-wch-elf/lib/rv32imac_zba_zbb_zbc_zbs_xw/ilp32\libg_nano.a(lib_a-wbuf.o)
                0x0000000020102ee0                __swbuf_r
 .text.__swsetup_r
                0x0000000020102f9c       0xee d:/mounriver/mounriver_studio2/resources/app/resources/win32/components/wch/toolchain/risc-v embedded gcc12/bin/../lib/gcc/riscv-wch-elf/12.2.0/../../../../riscv-wch-elf/lib/rv32imac_zba_zbb_zbc_zbs_xw/ilp32\libg_nano.a(lib_a-wsetup.o)
                0x0000000020102f9c                __swsetup_r
 .text.__sflush_r
                0x000000002010308a      0x132 d:/mounriver/mounriver_studio2/resources/app/resources/win32/components/wch/toolchain/risc-v embedded gcc12/bin/../lib/gcc/riscv-wch-elf/12.2.0/../../../../riscv-wch-elf/lib/rv32imac_zba_zbb_zbc_zbs_xw/ilp32\libg_nano.a(lib_a-fflush.o)
                0x000000002010308a                __sflush_r
 .text._fflush_r
                0x00000000201031bc       0x86 d:/mounriver/mounriver_studio2/resources/app/resources/win32/components/wch/toolchain/risc-v embedded gcc12/bin/../lib/gcc/riscv-wch-elf/12.2.0/../../../../riscv-wch-elf/lib/rv32imac_zba_zbb_zbc_zbs_xw/ilp32\libg_nano.a(lib_a-fflush.o)
                0x00000000201031bc                _fflush_r
 .text.std      0x0000000020103242       0x66 d:/mounriver/mounriver_studio2/resources/app/resources/win32/components/wch/toolchain/risc-v embedded gcc12/bin/../lib/gcc/riscv-wch-elf/12.2.0/../../../../riscv-wch-elf/lib/rv32imac_zba_zbb_zbc_zbs_xw/ilp32\libg_nano.a(lib_a-findfp.o)
 .text._cleanup_r
                0x00000000201032a8        0xa d:/mounriver/mounriver_studio2/resources/app/resources/win32/components/wch/toolchain/risc-v embedded gcc12/bin/../lib/gcc/riscv-wch-elf/12.2.0/../../../../riscv-wch-elf/lib/rv32imac_zba_zbb_zbc_zbs_xw/ilp32\libg_nano.a(lib_a-findfp.o)
                0x00000000201032a8                _cleanup_r
 .text.__sfmoreglue
                0x00000000201032b2       0x46 d:/mounriver/mounriver_studio2/resources/app/resources/win32/components/wch/toolchain/risc-v embedded gcc12/bin/../lib/gcc/riscv-wch-elf/12.2.0/../../../../riscv-wch-elf/lib/rv32imac_zba_zbb_zbc_zbs_xw/ilp32\libg_nano.a(lib_a-findfp.o)
                0x00000000201032b2                __sfmoreglue
 .text.__sfp_lock_acquire
                0x00000000201032f8        0x6 d:/mounriver/mounriver_studio2/resources/app/resources/win32/components/wch/toolchain/risc-v embedded gcc12/bin/../lib/gcc/riscv-wch-elf/12.2.0/../../../../riscv-wch-elf/lib/rv32imac_zba_zbb_zbc_zbs_xw/ilp32\libg_nano.a(lib_a-findfp.o)
                0x00000000201032f8                __sfp_lock_acquire
 .text.__sfp_lock_release
                0x00000000201032fe        0x6 d:/mounriver/mounriver_studio2/resources/app/resources/win32/components/wch/toolchain/risc-v embedded gcc12/bin/../lib/gcc/riscv-wch-elf/12.2.0/../../../../riscv-wch-elf/lib/rv32imac_zba_zbb_zbc_zbs_xw/ilp32\libg_nano.a(lib_a-findfp.o)
                0x00000000201032fe                __sfp_lock_release
 .text.__sinit_lock_acquire
                0x0000000020103304        0x6 d:/mounriver/mounriver_studio2/resources/app/resources/win32/components/wch/toolchain/risc-v embedded gcc12/bin/../lib/gcc/riscv-wch-elf/12.2.0/../../../../riscv-wch-elf/lib/rv32imac_zba_zbb_zbc_zbs_xw/ilp32\libg_nano.a(lib_a-findfp.o)
                0x0000000020103304                __sinit_lock_acquire
 .text.__sinit_lock_release
                0x000000002010330a        0x6 d:/mounriver/mounriver_studio2/resources/app/resources/win32/components/wch/toolchain/risc-v embedded gcc12/bin/../lib/gcc/riscv-wch-elf/12.2.0/../../../../riscv-wch-elf/lib/rv32imac_zba_zbb_zbc_zbs_xw/ilp32\libg_nano.a(lib_a-findfp.o)
                0x000000002010330a                __sinit_lock_release
 .text.__sinit  0x0000000020103310       0x68 d:/mounriver/mounriver_studio2/resources/app/resources/win32/components/wch/toolchain/risc-v embedded gcc12/bin/../lib/gcc/riscv-wch-elf/12.2.0/../../../../riscv-wch-elf/lib/rv32imac_zba_zbb_zbc_zbs_xw/ilp32\libg_nano.a(lib_a-findfp.o)
                0x0000000020103310                __sinit
 .text.__sfp    0x0000000020103378       0xa6 d:/mounriver/mounriver_studio2/resources/app/resources/win32/components/wch/toolchain/risc-v embedded gcc12/bin/../lib/gcc/riscv-wch-elf/12.2.0/../../../../riscv-wch-elf/lib/rv32imac_zba_zbb_zbc_zbs_xw/ilp32\libg_nano.a(lib_a-findfp.o)
                0x0000000020103378                __sfp
 .text._fwalk_reent
                0x000000002010341e       0x68 d:/mounriver/mounriver_studio2/resources/app/resources/win32/components/wch/toolchain/risc-v embedded gcc12/bin/../lib/gcc/riscv-wch-elf/12.2.0/../../../../riscv-wch-elf/lib/rv32imac_zba_zbb_zbc_zbs_xw/ilp32\libg_nano.a(lib_a-fwalk.o)
                0x000000002010341e                _fwalk_reent
 .text.__retarget_lock_init_recursive
                0x0000000020103486        0x2 d:/mounriver/mounriver_studio2/resources/app/resources/win32/components/wch/toolchain/risc-v embedded gcc12/bin/../lib/gcc/riscv-wch-elf/12.2.0/../../../../riscv-wch-elf/lib/rv32imac_zba_zbb_zbc_zbs_xw/ilp32\libg_nano.a(lib_a-lock.o)
                0x0000000020103486                __retarget_lock_init_recursive
 .text.__retarget_lock_acquire_recursive
                0x0000000020103488        0x2 d:/mounriver/mounriver_studio2/resources/app/resources/win32/components/wch/toolchain/risc-v embedded gcc12/bin/../lib/gcc/riscv-wch-elf/12.2.0/../../../../riscv-wch-elf/lib/rv32imac_zba_zbb_zbc_zbs_xw/ilp32\libg_nano.a(lib_a-lock.o)
                0x0000000020103488                __retarget_lock_acquire_recursive
 .text.__retarget_lock_release_recursive
                0x000000002010348a        0x2 d:/mounriver/mounriver_studio2/resources/app/resources/win32/components/wch/toolchain/risc-v embedded gcc12/bin/../lib/gcc/riscv-wch-elf/12.2.0/../../../../riscv-wch-elf/lib/rv32imac_zba_zbb_zbc_zbs_xw/ilp32\libg_nano.a(lib_a-lock.o)
                0x000000002010348a                __retarget_lock_release_recursive
 .text.__swhatbuf_r
                0x000000002010348c       0x58 d:/mounriver/mounriver_studio2/resources/app/resources/win32/components/wch/toolchain/risc-v embedded gcc12/bin/../lib/gcc/riscv-wch-elf/12.2.0/../../../../riscv-wch-elf/lib/rv32imac_zba_zbb_zbc_zbs_xw/ilp32\libg_nano.a(lib_a-makebuf.o)
                0x000000002010348c                __swhatbuf_r
 .text.__smakebuf_r
                0x00000000201034e4       0x92 d:/mounriver/mounriver_studio2/resources/app/resources/win32/components/wch/toolchain/risc-v embedded gcc12/bin/../lib/gcc/riscv-wch-elf/12.2.0/../../../../riscv-wch-elf/lib/rv32imac_zba_zbb_zbc_zbs_xw/ilp32\libg_nano.a(lib_a-makebuf.o)
                0x00000000201034e4                __smakebuf_r
 .text._free_r  0x0000000020103576       0x9e d:/mounriver/mounriver_studio2/resources/app/resources/win32/components/wch/toolchain/risc-v embedded gcc12/bin/../lib/gcc/riscv-wch-elf/12.2.0/../../../../riscv-wch-elf/lib/rv32imac_zba_zbb_zbc_zbs_xw/ilp32\libg_nano.a(lib_a-nano-freer.o)
                0x0000000020103576                _free_r
 .text.sbrk_aligned
                0x0000000020103614       0x54 d:/mounriver/mounriver_studio2/resources/app/resources/win32/components/wch/toolchain/risc-v embedded gcc12/bin/../lib/gcc/riscv-wch-elf/12.2.0/../../../../riscv-wch-elf/lib/rv32imac_zba_zbb_zbc_zbs_xw/ilp32\libg_nano.a(lib_a-nano-mallocr.o)
 .text._malloc_r
                0x0000000020103668      0x102 d:/mounriver/mounriver_studio2/resources/app/resources/win32/components/wch/toolchain/risc-v embedded gcc12/bin/../lib/gcc/riscv-wch-elf/12.2.0/../../../../riscv-wch-elf/lib/rv32imac_zba_zbb_zbc_zbs_xw/ilp32\libg_nano.a(lib_a-nano-mallocr.o)
                0x0000000020103668                _malloc_r
 .text.__sfputc_r
                0x000000002010376a       0x28 d:/mounriver/mounriver_studio2/resources/app/resources/win32/components/wch/toolchain/risc-v embedded gcc12/bin/../lib/gcc/riscv-wch-elf/12.2.0/../../../../riscv-wch-elf/lib/rv32imac_zba_zbb_zbc_zbs_xw/ilp32\libg_nano.a(lib_a-nano-vfprintf.o)
 .text.__sfputs_r
                0x0000000020103792       0x40 d:/mounriver/mounriver_studio2/resources/app/resources/win32/components/wch/toolchain/risc-v embedded gcc12/bin/../lib/gcc/riscv-wch-elf/12.2.0/../../../../riscv-wch-elf/lib/rv32imac_zba_zbb_zbc_zbs_xw/ilp32\libg_nano.a(lib_a-nano-vfprintf.o)
                0x0000000020103792                __sfputs_r
 .text._vfprintf_r
                0x00000000201037d2      0x2b8 d:/mounriver/mounriver_studio2/resources/app/resources/win32/components/wch/toolchain/risc-v embedded gcc12/bin/../lib/gcc/riscv-wch-elf/12.2.0/../../../../riscv-wch-elf/lib/rv32imac_zba_zbb_zbc_zbs_xw/ilp32\libg_nano.a(lib_a-nano-vfprintf.o)
                0x00000000201037d2                _vfprintf_r
                0x00000000201037d2                _vfiprintf_r
 .text._sbrk_r  0x0000000020103a8a       0x28 d:/mounriver/mounriver_studio2/resources/app/resources/win32/components/wch/toolchain/risc-v embedded gcc12/bin/../lib/gcc/riscv-wch-elf/12.2.0/../../../../riscv-wch-elf/lib/rv32imac_zba_zbb_zbc_zbs_xw/ilp32\libg_nano.a(lib_a-sbrkr.o)
                0x0000000020103a8a                _sbrk_r
 .text.__sread  0x0000000020103ab2       0x2a d:/mounriver/mounriver_studio2/resources/app/resources/win32/components/wch/toolchain/risc-v embedded gcc12/bin/../lib/gcc/riscv-wch-elf/12.2.0/../../../../riscv-wch-elf/lib/rv32imac_zba_zbb_zbc_zbs_xw/ilp32\libg_nano.a(lib_a-stdio.o)
                0x0000000020103ab2                __sread
 .text.__swrite
                0x0000000020103adc       0x46 d:/mounriver/mounriver_studio2/resources/app/resources/win32/components/wch/toolchain/risc-v embedded gcc12/bin/../lib/gcc/riscv-wch-elf/12.2.0/../../../../riscv-wch-elf/lib/rv32imac_zba_zbb_zbc_zbs_xw/ilp32\libg_nano.a(lib_a-stdio.o)
                0x0000000020103adc                __swrite
 .text.__sseek  0x0000000020103b22       0x2e d:/mounriver/mounriver_studio2/resources/app/resources/win32/components/wch/toolchain/risc-v embedded gcc12/bin/../lib/gcc/riscv-wch-elf/12.2.0/../../../../riscv-wch-elf/lib/rv32imac_zba_zbb_zbc_zbs_xw/ilp32\libg_nano.a(lib_a-stdio.o)
                0x0000000020103b22                __sseek
 .text.__sclose
                0x0000000020103b50        0x6 d:/mounriver/mounriver_studio2/resources/app/resources/win32/components/wch/toolchain/risc-v embedded gcc12/bin/../lib/gcc/riscv-wch-elf/12.2.0/../../../../riscv-wch-elf/lib/rv32imac_zba_zbb_zbc_zbs_xw/ilp32\libg_nano.a(lib_a-stdio.o)
                0x0000000020103b50                __sclose
 .text._write_r
                0x0000000020103b56       0x2c d:/mounriver/mounriver_studio2/resources/app/resources/win32/components/wch/toolchain/risc-v embedded gcc12/bin/../lib/gcc/riscv-wch-elf/12.2.0/../../../../riscv-wch-elf/lib/rv32imac_zba_zbb_zbc_zbs_xw/ilp32\libg_nano.a(lib_a-writer.o)
                0x0000000020103b56                _write_r
 .text._close_r
                0x0000000020103b82       0x26 d:/mounriver/mounriver_studio2/resources/app/resources/win32/components/wch/toolchain/risc-v embedded gcc12/bin/../lib/gcc/riscv-wch-elf/12.2.0/../../../../riscv-wch-elf/lib/rv32imac_zba_zbb_zbc_zbs_xw/ilp32\libg_nano.a(lib_a-closer.o)
                0x0000000020103b82                _close_r
 .text._fstat_r
                0x0000000020103ba8       0x28 d:/mounriver/mounriver_studio2/resources/app/resources/win32/components/wch/toolchain/risc-v embedded gcc12/bin/../lib/gcc/riscv-wch-elf/12.2.0/../../../../riscv-wch-elf/lib/rv32imac_zba_zbb_zbc_zbs_xw/ilp32\libg_nano.a(lib_a-fstatr.o)
                0x0000000020103ba8                _fstat_r
 .text._isatty_r
                0x0000000020103bd0       0x26 d:/mounriver/mounriver_studio2/resources/app/resources/win32/components/wch/toolchain/risc-v embedded gcc12/bin/../lib/gcc/riscv-wch-elf/12.2.0/../../../../riscv-wch-elf/lib/rv32imac_zba_zbb_zbc_zbs_xw/ilp32\libg_nano.a(lib_a-isattyr.o)
                0x0000000020103bd0                _isatty_r
 .text._lseek_r
                0x0000000020103bf6       0x2a d:/mounriver/mounriver_studio2/resources/app/resources/win32/components/wch/toolchain/risc-v embedded gcc12/bin/../lib/gcc/riscv-wch-elf/12.2.0/../../../../riscv-wch-elf/lib/rv32imac_zba_zbb_zbc_zbs_xw/ilp32\libg_nano.a(lib_a-lseekr.o)
                0x0000000020103bf6                _lseek_r
 .text.memchr   0x0000000020103c20       0x18 d:/mounriver/mounriver_studio2/resources/app/resources/win32/components/wch/toolchain/risc-v embedded gcc12/bin/../lib/gcc/riscv-wch-elf/12.2.0/../../../../riscv-wch-elf/lib/rv32imac_zba_zbb_zbc_zbs_xw/ilp32\libg_nano.a(lib_a-memchr.o)
                0x0000000020103c20                memchr
 .text.__malloc_lock
                0x0000000020103c38        0x8 d:/mounriver/mounriver_studio2/resources/app/resources/win32/components/wch/toolchain/risc-v embedded gcc12/bin/../lib/gcc/riscv-wch-elf/12.2.0/../../../../riscv-wch-elf/lib/rv32imac_zba_zbb_zbc_zbs_xw/ilp32\libg_nano.a(lib_a-mlock.o)
                0x0000000020103c38                __malloc_lock
 .text.__malloc_unlock
                0x0000000020103c40        0x8 d:/mounriver/mounriver_studio2/resources/app/resources/win32/components/wch/toolchain/risc-v embedded gcc12/bin/../lib/gcc/riscv-wch-elf/12.2.0/../../../../riscv-wch-elf/lib/rv32imac_zba_zbb_zbc_zbs_xw/ilp32\libg_nano.a(lib_a-mlock.o)
                0x0000000020103c40                __malloc_unlock
 .text._printf_common
                0x0000000020103c48      0x10a d:/mounriver/mounriver_studio2/resources/app/resources/win32/components/wch/toolchain/risc-v embedded gcc12/bin/../lib/gcc/riscv-wch-elf/12.2.0/../../../../riscv-wch-elf/lib/rv32imac_zba_zbb_zbc_zbs_xw/ilp32\libg_nano.a(lib_a-nano-vfprintf_i.o)
                0x0000000020103c48                _printf_common
 .text._printf_i
                0x0000000020103d52      0x27c d:/mounriver/mounriver_studio2/resources/app/resources/win32/components/wch/toolchain/risc-v embedded gcc12/bin/../lib/gcc/riscv-wch-elf/12.2.0/../../../../riscv-wch-elf/lib/rv32imac_zba_zbb_zbc_zbs_xw/ilp32\libg_nano.a(lib_a-nano-vfprintf_i.o)
                0x0000000020103d52                _printf_i
 .text._read_r  0x0000000020103fce       0x2a d:/mounriver/mounriver_studio2/resources/app/resources/win32/components/wch/toolchain/risc-v embedded gcc12/bin/../lib/gcc/riscv-wch-elf/12.2.0/../../../../riscv-wch-elf/lib/rv32imac_zba_zbb_zbc_zbs_xw/ilp32\libg_nano.a(lib_a-readr.o)
                0x0000000020103fce                _read_r
 .text._close   0x0000000020103ff8        0xc d:/mounriver/mounriver_studio2/resources/app/resources/win32/components/wch/toolchain/risc-v embedded gcc12/bin/../lib/gcc/riscv-wch-elf/12.2.0/../../../../riscv-wch-elf/lib/rv32imac_zba_zbb_zbc_zbs_xw/ilp32\libnosys.a(close.o)
                0x0000000020103ff8                _close
 .text._fstat   0x0000000020104004        0xc d:/mounriver/mounriver_studio2/resources/app/resources/win32/components/wch/toolchain/risc-v embedded gcc12/bin/../lib/gcc/riscv-wch-elf/12.2.0/../../../../riscv-wch-elf/lib/rv32imac_zba_zbb_zbc_zbs_xw/ilp32\libnosys.a(fstat.o)
                0x0000000020104004                _fstat
 .text._isatty  0x0000000020104010        0xc d:/mounriver/mounriver_studio2/resources/app/resources/win32/components/wch/toolchain/risc-v embedded gcc12/bin/../lib/gcc/riscv-wch-elf/12.2.0/../../../../riscv-wch-elf/lib/rv32imac_zba_zbb_zbc_zbs_xw/ilp32\libnosys.a(isatty.o)
                0x0000000020104010                _isatty
 .text._lseek   0x000000002010401c        0xc d:/mounriver/mounriver_studio2/resources/app/resources/win32/components/wch/toolchain/risc-v embedded gcc12/bin/../lib/gcc/riscv-wch-elf/12.2.0/../../../../riscv-wch-elf/lib/rv32imac_zba_zbb_zbc_zbs_xw/ilp32\libnosys.a(lseek.o)
                0x000000002010401c                _lseek
 .text._read    0x0000000020104028        0xc d:/mounriver/mounriver_studio2/resources/app/resources/win32/components/wch/toolchain/risc-v embedded gcc12/bin/../lib/gcc/riscv-wch-elf/12.2.0/../../../../riscv-wch-elf/lib/rv32imac_zba_zbb_zbc_zbs_xw/ilp32\libnosys.a(read.o)
                0x0000000020104028                _read
 *(.rodata)
 *(.rodata*)
 .rodata.main.str1.4
                0x0000000020104034       0x35 ./User/main.o
 *fill*         0x0000000020104069        0x3 
 .rodata.atk_ms901m_get_frame_by_id
                0x000000002010406c       0x44 ./Driver/atk_ms901m.o
 .rodata.atk_ms901m_init.str1.4
                0x00000000201040b0       0xea ./Driver/atk_ms901m.o
 *fill*         0x000000002010419a        0x2 
 .rodata.Hardware.str1.4
                0x000000002010419c       0xe8 ./Common/hardware.o
 .rodata.ipc_comm_init.str1.4
                0x0000000020104284       0x17 ./Common/ipc_comm.o
 *fill*         0x000000002010429b        0x1 
 .rodata.__clz_tab
                0x000000002010429c      0x100 d:/mounriver/mounriver_studio2/resources/app/resources/win32/components/wch/toolchain/risc-v embedded gcc12/bin/../lib/gcc/riscv-wch-elf/12.2.0/rv32imac_zba_zbb_zbc_zbs_xw/ilp32\libgcc.a(_clz.o)
                0x000000002010429c                __clz_tab
 .rodata.__sf_fake_stderr
                0x000000002010439c       0x20 d:/mounriver/mounriver_studio2/resources/app/resources/win32/components/wch/toolchain/risc-v embedded gcc12/bin/../lib/gcc/riscv-wch-elf/12.2.0/../../../../riscv-wch-elf/lib/rv32imac_zba_zbb_zbc_zbs_xw/ilp32\libg_nano.a(lib_a-findfp.o)
                0x000000002010439c                __sf_fake_stderr
 .rodata.__sf_fake_stdout
                0x00000000201043bc       0x20 d:/mounriver/mounriver_studio2/resources/app/resources/win32/components/wch/toolchain/risc-v embedded gcc12/bin/../lib/gcc/riscv-wch-elf/12.2.0/../../../../riscv-wch-elf/lib/rv32imac_zba_zbb_zbc_zbs_xw/ilp32\libg_nano.a(lib_a-findfp.o)
                0x00000000201043bc                __sf_fake_stdout
 .rodata.__sf_fake_stdin
                0x00000000201043dc       0x20 d:/mounriver/mounriver_studio2/resources/app/resources/win32/components/wch/toolchain/risc-v embedded gcc12/bin/../lib/gcc/riscv-wch-elf/12.2.0/../../../../riscv-wch-elf/lib/rv32imac_zba_zbb_zbc_zbs_xw/ilp32\libg_nano.a(lib_a-findfp.o)
                0x00000000201043dc                __sf_fake_stdin
 .rodata._vfprintf_r.str1.4
                0x00000000201043fc       0x13 d:/mounriver/mounriver_studio2/resources/app/resources/win32/components/wch/toolchain/risc-v embedded gcc12/bin/../lib/gcc/riscv-wch-elf/12.2.0/../../../../riscv-wch-elf/lib/rv32imac_zba_zbb_zbc_zbs_xw/ilp32\libg_nano.a(lib_a-nano-vfprintf.o)
 *fill*         0x000000002010440f        0x1 
 .rodata._printf_i.str1.4
                0x0000000020104410       0x25 d:/mounriver/mounriver_studio2/resources/app/resources/win32/components/wch/toolchain/risc-v embedded gcc12/bin/../lib/gcc/riscv-wch-elf/12.2.0/../../../../riscv-wch-elf/lib/rv32imac_zba_zbb_zbc_zbs_xw/ilp32\libg_nano.a(lib_a-nano-vfprintf_i.o)
 *fill*         0x0000000020104435        0x3 
 .rodata._printf_i
                0x0000000020104438       0x58 d:/mounriver/mounriver_studio2/resources/app/resources/win32/components/wch/toolchain/risc-v embedded gcc12/bin/../lib/gcc/riscv-wch-elf/12.2.0/../../../../riscv-wch-elf/lib/rv32imac_zba_zbb_zbc_zbs_xw/ilp32\libg_nano.a(lib_a-nano-vfprintf_i.o)
 *(.sdata2.*)
 *(.glue_7)
 *(.glue_7t)
 *(.gnu.linkonce.t.*)
                0x0000000020104490                . = ALIGN (0x4)
                0x0000000020104490                PROVIDE (_highcode_vma_end = .)

.text           0x000000000000457c       0x84
                0x000000000000457c                . = ALIGN (0x4)
 *(SORT_NONE(.handle_reset))
 .handle_reset  0x000000000000457c       0x82 ./Startup/startup_ch32h417_v3f.o
                0x000000000000457c                handle_reset
                0x0000000000004600                . = ALIGN (0x4)
 *fill*         0x00000000000045fe        0x2 

.rela.dyn       0x0000000000004600        0x0
 .rela.init     0x0000000000004600        0x0 ./User/ch32h417_it.o
 .rela.vector   0x0000000000004600        0x0 ./User/ch32h417_it.o
 .rela.load     0x0000000000004600        0x0 ./User/ch32h417_it.o
 .rela.handle_reset
                0x0000000000004600        0x0 ./User/ch32h417_it.o
 .rela.text._sbrk
                0x0000000000004600        0x0 ./User/ch32h417_it.o
 .rela.sdata.curbrk.0
                0x0000000000004600        0x0 ./User/ch32h417_it.o
 .rela.text._vfprintf_r
                0x0000000000004600        0x0 ./User/ch32h417_it.o

.highcodelalign1
                0x0000000000004600        0x0
                0x0000000000004600                . = ALIGN (0x4)
                0x0000000000004600                PROVIDE (_highcode_lma1 = .)

.fini           0x0000000020104490        0x0 load address 0x0000000000004600
                0x0000000020104490                . = ALIGN (0x4)
                0x0000000020104490                PROVIDE (_highcode_vma_start1 = .)
 *(SORT_NONE(.fini))
                0x0000000020104490                . = ALIGN (0x4)
                [!provide]                        PROVIDE (_etext = .)
                [!provide]                        PROVIDE (_eitcm = .)

.preinit_array  0x0000000020104490        0x0 load address 0x0000000000004600
                [!provide]                        PROVIDE (__preinit_array_start = .)
 *(.preinit_array)
                [!provide]                        PROVIDE (__preinit_array_end = .)

.init_array     0x0000000020104490        0x0 load address 0x0000000000004600
                [!provide]                        PROVIDE (__init_array_start = .)
 *(SORT_BY_INIT_PRIORITY(.init_array.*) SORT_BY_INIT_PRIORITY(.ctors.*))
 *(.init_array EXCLUDE_FILE(*crtend?.o *crtend.o *crtbegin?.o *crtbegin.o) .ctors)
                [!provide]                        PROVIDE (__init_array_end = .)

.fini_array     0x0000000020104490        0x0 load address 0x0000000000004600
                [!provide]                        PROVIDE (__fini_array_start = .)
 *(SORT_BY_INIT_PRIORITY(.fini_array.*) SORT_BY_INIT_PRIORITY(.dtors.*))
 *(.fini_array EXCLUDE_FILE(*crtend?.o *crtend.o *crtbegin?.o *crtbegin.o) .dtors)
                [!provide]                        PROVIDE (__fini_array_end = .)

.ctors
 *crtbegin.o(.ctors)
 *crtbegin?.o(.ctors)
 *(EXCLUDE_FILE(*crtend?.o *crtend.o) .ctors)
 *(SORT_BY_NAME(.ctors.*))
 *(.ctors)

.dtors          0x0000000020104490        0x0 load address 0x0000000000004600
 *crtbegin.o(.dtors)
 *crtbegin?.o(.dtors)
 *(EXCLUDE_FILE(*crtend?.o *crtend.o) .dtors)
 *(SORT_BY_NAME(.dtors.*))
 *(.dtors)
                0x0000000020104490                . = ALIGN (0x4)
                0x0000000020104490                PROVIDE (_highcode_vma_end1 = .)

.dalign         0x0000000020110100        0x0 load address 0x0000000000004600
                0x0000000020110100                . = ALIGN (0x4)
                0x0000000020110100                PROVIDE (_data_vma = .)

.dlalign        0x0000000000004600        0x0
                0x0000000000004600                . = ALIGN (0x4)
                0x0000000000004600                PROVIDE (_data_lma = .)

.data           0x0000000020110100      0x130 load address 0x0000000000004600
                0x0000000020110100                . = ALIGN (0x4)
 *(.gnu.linkonce.r.*)
 *(.data .data.*)
 .data.SERDESPLLMULTB
                0x0000000020110100       0x10 ./User/system_ch32h417.o
 .data.HBPrescTB
                0x0000000020110110       0x10 ./User/system_ch32h417.o
 .data.PLLMULTB
                0x0000000020110120       0x20 ./User/system_ch32h417.o
 .data.SERDESPLLMULTable
                0x0000000020110140       0x10 ./Peripheral/src/ch32h417_rcc.o
 .data.HBPrescTable
                0x0000000020110150       0x10 ./Peripheral/src/ch32h417_rcc.o
 .data.PLLMULTable
                0x0000000020110160       0x20 ./Peripheral/src/ch32h417_rcc.o
 .data.impure_data
                0x0000000020110180       0x60 d:/mounriver/mounriver_studio2/resources/app/resources/win32/components/wch/toolchain/risc-v embedded gcc12/bin/../lib/gcc/riscv-wch-elf/12.2.0/../../../../riscv-wch-elf/lib/rv32imac_zba_zbb_zbc_zbs_xw/ilp32\libg_nano.a(lib_a-impure.o)
 *(.gnu.linkonce.d.*)
                0x00000000201101e0                . = ALIGN (0x8)
                0x00000000201109e0                PROVIDE (__global_pointer$ = (. + 0x800))
 *(.sdata .sdata.*)
 .sdata.FPRETB  0x00000000201101e0        0x4 ./User/system_ch32h417.o
 .sdata.SystemCoreClock
                0x00000000201101e4        0x4 ./User/system_ch32h417.o
                0x00000000201101e4                SystemCoreClock
 .sdata.SystemClock
                0x00000000201101e8        0x4 ./User/system_ch32h417.o
                0x00000000201101e8                SystemClock
 .sdata.ADCPRETable
                0x00000000201101ec        0x4 ./Peripheral/src/ch32h417_rcc.o
 .sdata.PPRE2Table
                0x00000000201101f0        0x8 ./Peripheral/src/ch32h417_rcc.o
 .sdata.FPRETable
                0x00000000201101f8        0x4 ./Peripheral/src/ch32h417_rcc.o
 .sdata.g_accel_fsr_idx
                0x00000000201101fc        0x1 ./Driver/atk_ms901m.o
 .sdata.g_gyro_fsr_idx
                0x00000000201101fd        0x1 ./Driver/atk_ms901m.o
 *fill*         0x00000000201101fe        0x2 
 .sdata.g_esc_pwm
                0x0000000020110200        0x8 ./Driver/bsp_esc_pwm.o
                0x0000000020110200                g_esc_pwm
 .sdata.curbrk.0
                0x0000000020110208        0x4 ./Debug/debug.o
 .sdata._impure_ptr
                0x000000002011020c        0x4 d:/mounriver/mounriver_studio2/resources/app/resources/win32/components/wch/toolchain/risc-v embedded gcc12/bin/../lib/gcc/riscv-wch-elf/12.2.0/../../../../riscv-wch-elf/lib/rv32imac_zba_zbb_zbc_zbs_xw/ilp32\libg_nano.a(lib_a-impure.o)
                0x000000002011020c                _impure_ptr
 *(.sdata2.*)
 *(.gnu.linkonce.s.*)
                0x0000000020110210                . = ALIGN (0x8)
 *(.srodata.cst16)
 *(.srodata.cst8)
 *(.srodata.cst4)
 .srodata.cst4  0x0000000020110210        0xc ./Driver/atk_ms901m.o
 .srodata.cst4  0x000000002011021c        0x4 ./Common/hardware.o
 *(.srodata.cst2)
 *(.srodata .srodata.*)
 .srodata.g_accel_fsr_table
                0x0000000020110220        0x4 ./Driver/atk_ms901m.o
 .srodata.g_gyro_fsr_table
                0x0000000020110224        0x8 ./Driver/atk_ms901m.o
 .srodata._global_impure_ptr
                0x000000002011022c        0x4 d:/mounriver/mounriver_studio2/resources/app/resources/win32/components/wch/toolchain/risc-v embedded gcc12/bin/../lib/gcc/riscv-wch-elf/12.2.0/../../../../riscv-wch-elf/lib/rv32imac_zba_zbb_zbc_zbs_xw/ilp32\libg_nano.a(lib_a-impure.o)
                0x000000002011022c                _global_impure_ptr
                0x0000000020110230                . = ALIGN (0x4)
                0x0000000020110230                PROVIDE (_edata = .)

.bss            0x0000000020110230      0x178 load address 0x0000000000004730
                0x0000000020110230                . = ALIGN (0x4)
                0x0000000020110230                PROVIDE (_sbss = .)
 *(.sbss*)
 .sbss.HCLKClock
                0x0000000020110230        0x4 ./User/system_ch32h417.o
                0x0000000020110230                HCLKClock
 .sbss.WFE_WkupSource
                0x0000000020110234        0x4 ./Peripheral/src/ch32h417_exti.o
                0x0000000020110234                WFE_WkupSource
 .sbss.rx_sync  0x0000000020110238        0x1 ./Driver/bsp_tof_tfmini.o
 .sbss.rx_idx   0x0000000020110239        0x1 ./Driver/bsp_tof_tfmini.o
 *fill*         0x000000002011023a        0x2 
 .sbss.rx_buf   0x000000002011023c        0x6 ./Driver/bsp_tof_tfmini.o
 *fill*         0x0000000020110242        0x2 
 .sbss.g_tfmini_data
                0x0000000020110244        0x4 ./Driver/bsp_tof_tfmini.o
 .sbss.p_ms     0x0000000020110248        0x4 ./Debug/debug.o
 .sbss.p_us     0x000000002011024c        0x2 ./Debug/debug.o
 *fill*         0x000000002011024e        0x2 
 .sbss.WFE_MASK
                0x0000000020110250        0x4 ./Core/core_riscv.o
                0x0000000020110250                WFE_MASK
 .sbss.__lock___malloc_recursive_mutex
                0x0000000020110254        0x1 d:/mounriver/mounriver_studio2/resources/app/resources/win32/components/wch/toolchain/risc-v embedded gcc12/bin/../lib/gcc/riscv-wch-elf/12.2.0/../../../../riscv-wch-elf/lib/rv32imac_zba_zbb_zbc_zbs_xw/ilp32\libg_nano.a(lib_a-lock.o)
                0x0000000020110254                __lock___malloc_recursive_mutex
 *fill*         0x0000000020110255        0x3 
 .sbss.__lock___sfp_recursive_mutex
                0x0000000020110258        0x1 d:/mounriver/mounriver_studio2/resources/app/resources/win32/components/wch/toolchain/risc-v embedded gcc12/bin/../lib/gcc/riscv-wch-elf/12.2.0/../../../../riscv-wch-elf/lib/rv32imac_zba_zbb_zbc_zbs_xw/ilp32\libg_nano.a(lib_a-lock.o)
                0x0000000020110258                __lock___sfp_recursive_mutex
 *fill*         0x0000000020110259        0x3 
 .sbss.__lock___sinit_recursive_mutex
                0x000000002011025c        0x1 d:/mounriver/mounriver_studio2/resources/app/resources/win32/components/wch/toolchain/risc-v embedded gcc12/bin/../lib/gcc/riscv-wch-elf/12.2.0/../../../../riscv-wch-elf/lib/rv32imac_zba_zbb_zbc_zbs_xw/ilp32\libg_nano.a(lib_a-lock.o)
                0x000000002011025c                __lock___sinit_recursive_mutex
 *fill*         0x000000002011025d        0x3 
 .sbss.__malloc_sbrk_start
                0x0000000020110260        0x4 d:/mounriver/mounriver_studio2/resources/app/resources/win32/components/wch/toolchain/risc-v embedded gcc12/bin/../lib/gcc/riscv-wch-elf/12.2.0/../../../../riscv-wch-elf/lib/rv32imac_zba_zbb_zbc_zbs_xw/ilp32\libg_nano.a(lib_a-nano-mallocr.o)
                0x0000000020110260                __malloc_sbrk_start
 .sbss.__malloc_free_list
                0x0000000020110264        0x4 d:/mounriver/mounriver_studio2/resources/app/resources/win32/components/wch/toolchain/risc-v embedded gcc12/bin/../lib/gcc/riscv-wch-elf/12.2.0/../../../../riscv-wch-elf/lib/rv32imac_zba_zbb_zbc_zbs_xw/ilp32\libg_nano.a(lib_a-nano-mallocr.o)
                0x0000000020110264                __malloc_free_list
 .sbss.errno    0x0000000020110268        0x4 d:/mounriver/mounriver_studio2/resources/app/resources/win32/components/wch/toolchain/risc-v embedded gcc12/bin/../lib/gcc/riscv-wch-elf/12.2.0/../../../../riscv-wch-elf/lib/rv32imac_zba_zbb_zbc_zbs_xw/ilp32\libg_nano.a(lib_a-reent.o)
                0x0000000020110268                errno
 *(.gnu.linkonce.sb.*)
 *(.bss*)
 .bss.g_uart_rx_fifo
                0x000000002011026c      0x106 ./Driver/atk_ms901m_uart.o
 *fill*         0x0000000020110372        0x2 
 .bss.g_accel   0x0000000020110374       0x14 ./Common/hardware.o
                0x0000000020110374                g_accel
 .bss.g_gyro    0x0000000020110388       0x14 ./Common/hardware.o
                0x0000000020110388                g_gyro
 .bss.g_att     0x000000002011039c        0xc ./Common/hardware.o
                0x000000002011039c                g_att
 *(.gnu.linkonce.b.*)
 *(COMMON*)
                0x00000000201103a8                . = ALIGN (0x4)
                0x00000000201103a8                PROVIDE (_ebss = .)
                0x00000000201103a8                PROVIDE (_end = _ebss)
                [!provide]                        PROVIDE (end = .)

.stack          0x000000002017f800      0x800
                0x000000002017f800                PROVIDE (_heap_end = .)
                0x000000002017f800                . = ALIGN (0x4)
                [!provide]                        PROVIDE (_susrstack = .)
                0x0000000020180000                . = (. + __stack_size)
 *fill*         0x000000002017f800      0x800 
                0x0000000020180000                PROVIDE (_eusrstack = .)
OUTPUT(USART_Interrupt_V3F.elf elf32-littleriscv)

.debug_info     0x0000000000000000     0xdbf6
 .debug_info    0x0000000000000000      0x400 ./User/ch32h417_it.o
 .debug_info    0x0000000000000400      0x6c9 ./User/main.o
 .debug_info    0x0000000000000ac9      0x732 ./User/system_ch32h417.o
 .debug_info    0x00000000000011fb       0x23 ./Startup/startup_ch32h417_v3f.o
 .debug_info    0x000000000000121e      0x35e ./Peripheral/src/ch32h417_exti.o
 .debug_info    0x000000000000157c      0xc73 ./Peripheral/src/ch32h417_flash.o
 .debug_info    0x00000000000021ef      0xc69 ./Peripheral/src/ch32h417_gpio.o
 .debug_info    0x0000000000002e58      0x927 ./Peripheral/src/ch32h417_hsem.o
 .debug_info    0x000000000000377f      0x579 ./Peripheral/src/ch32h417_ipc.o
 .debug_info    0x0000000000003cf8      0x6a2 ./Peripheral/src/ch32h417_pwr.o
 .debug_info    0x000000000000439a     0x1270 ./Peripheral/src/ch32h417_rcc.o
 .debug_info    0x000000000000560a     0x271f ./Peripheral/src/ch32h417_tim.o
 .debug_info    0x0000000000007d29      0xbc5 ./Peripheral/src/ch32h417_usart.o
 .debug_info    0x00000000000088ee      0xd4a ./Driver/atk_ms901m.o
 .debug_info    0x0000000000009638      0xe09 ./Driver/atk_ms901m_uart.o
 .debug_info    0x000000000000a441      0xb76 ./Driver/bsp_esc_pwm.o
 .debug_info    0x000000000000afb7      0xcd0 ./Driver/bsp_tof_tfmini.o
 .debug_info    0x000000000000bc87      0x6db ./Debug/debug.o
 .debug_info    0x000000000000c362      0x5a4 ./Core/core_riscv.o
 .debug_info    0x000000000000c906      0x913 ./Common/hardware.o
 .debug_info    0x000000000000d219      0x9dd ./Common/ipc_comm.o

.debug_abbrev   0x0000000000000000     0x2a74
 .debug_abbrev  0x0000000000000000      0x12d ./User/ch32h417_it.o
 .debug_abbrev  0x000000000000012d      0x1df ./User/main.o
 .debug_abbrev  0x000000000000030c      0x232 ./User/system_ch32h417.o
 .debug_abbrev  0x000000000000053e       0x12 ./Startup/startup_ch32h417_v3f.o
 .debug_abbrev  0x0000000000000550      0x19a ./Peripheral/src/ch32h417_exti.o
 .debug_abbrev  0x00000000000006ea      0x2c1 ./Peripheral/src/ch32h417_flash.o
 .debug_abbrev  0x00000000000009ab      0x27a ./Peripheral/src/ch32h417_gpio.o
 .debug_abbrev  0x0000000000000c25      0x230 ./Peripheral/src/ch32h417_hsem.o
 .debug_abbrev  0x0000000000000e55      0x1c7 ./Peripheral/src/ch32h417_ipc.o
 .debug_abbrev  0x000000000000101c      0x271 ./Peripheral/src/ch32h417_pwr.o
 .debug_abbrev  0x000000000000128d      0x302 ./Peripheral/src/ch32h417_rcc.o
 .debug_abbrev  0x000000000000158f      0x269 ./Peripheral/src/ch32h417_tim.o
 .debug_abbrev  0x00000000000017f8      0x20f ./Peripheral/src/ch32h417_usart.o
 .debug_abbrev  0x0000000000001a07      0x247 ./Driver/atk_ms901m.o
 .debug_abbrev  0x0000000000001c4e      0x2c6 ./Driver/atk_ms901m_uart.o
 .debug_abbrev  0x0000000000001f14      0x1f4 ./Driver/bsp_esc_pwm.o
 .debug_abbrev  0x0000000000002108      0x271 ./Driver/bsp_tof_tfmini.o
 .debug_abbrev  0x0000000000002379      0x22b ./Debug/debug.o
 .debug_abbrev  0x00000000000025a4      0x130 ./Core/core_riscv.o
 .debug_abbrev  0x00000000000026d4      0x219 ./Common/hardware.o
 .debug_abbrev  0x00000000000028ed      0x187 ./Common/ipc_comm.o

.debug_aranges  0x0000000000000000      0xe00
 .debug_aranges
                0x0000000000000000       0x30 ./User/ch32h417_it.o
 .debug_aranges
                0x0000000000000030       0x20 ./User/main.o
 .debug_aranges
                0x0000000000000050       0x38 ./User/system_ch32h417.o
 .debug_aranges
                0x0000000000000088       0x38 ./Startup/startup_ch32h417_v3f.o
 .debug_aranges
                0x00000000000000c0       0x60 ./Peripheral/src/ch32h417_exti.o
 .debug_aranges
                0x0000000000000120      0x118 ./Peripheral/src/ch32h417_flash.o
 .debug_aranges
                0x0000000000000238       0xa0 ./Peripheral/src/ch32h417_gpio.o
 .debug_aranges
                0x00000000000002d8       0xa0 ./Peripheral/src/ch32h417_hsem.o
 .debug_aranges
                0x0000000000000378       0x90 ./Peripheral/src/ch32h417_ipc.o
 .debug_aranges
                0x0000000000000408       0x68 ./Peripheral/src/ch32h417_pwr.o
 .debug_aranges
                0x0000000000000470      0x1f0 ./Peripheral/src/ch32h417_rcc.o
 .debug_aranges
                0x0000000000000660      0x3b8 ./Peripheral/src/ch32h417_tim.o
 .debug_aranges
                0x0000000000000a18      0x100 ./Peripheral/src/ch32h417_usart.o
 .debug_aranges
                0x0000000000000b18       0x68 ./Driver/atk_ms901m.o
 .debug_aranges
                0x0000000000000b80       0x48 ./Driver/atk_ms901m_uart.o
 .debug_aranges
                0x0000000000000bc8       0x30 ./Driver/bsp_esc_pwm.o
 .debug_aranges
                0x0000000000000bf8       0x30 ./Driver/bsp_tof_tfmini.o
 .debug_aranges
                0x0000000000000c28       0x48 ./Debug/debug.o
 .debug_aranges
                0x0000000000000c70      0x130 ./Core/core_riscv.o
 .debug_aranges
                0x0000000000000da0       0x20 ./Common/hardware.o
 .debug_aranges
                0x0000000000000dc0       0x40 ./Common/ipc_comm.o

.debug_rnglists
                0x0000000000000000      0xeb6
 .debug_rnglists
                0x0000000000000000       0x28 ./User/ch32h417_it.o
 .debug_rnglists
                0x0000000000000028       0x16 ./User/main.o
 .debug_rnglists
                0x000000000000003e       0x31 ./User/system_ch32h417.o
 .debug_rnglists
                0x000000000000006f       0x27 ./Startup/startup_ch32h417_v3f.o
 .debug_rnglists
                0x0000000000000096       0x5e ./Peripheral/src/ch32h417_exti.o
 .debug_rnglists
                0x00000000000000f4      0x12d ./Peripheral/src/ch32h417_flash.o
 .debug_rnglists
                0x0000000000000221       0xa6 ./Peripheral/src/ch32h417_gpio.o
 .debug_rnglists
                0x00000000000002c7       0xa6 ./Peripheral/src/ch32h417_hsem.o
 .debug_rnglists
                0x000000000000036d       0x94 ./Peripheral/src/ch32h417_ipc.o
 .debug_rnglists
                0x0000000000000401       0x7a ./Peripheral/src/ch32h417_pwr.o
 .debug_rnglists
                0x000000000000047b      0x220 ./Peripheral/src/ch32h417_rcc.o
 .debug_rnglists
                0x000000000000069b      0x421 ./Peripheral/src/ch32h417_tim.o
 .debug_rnglists
                0x0000000000000abc      0x112 ./Peripheral/src/ch32h417_usart.o
 .debug_rnglists
                0x0000000000000bce       0x67 ./Driver/atk_ms901m.o
 .debug_rnglists
                0x0000000000000c35       0x43 ./Driver/atk_ms901m_uart.o
 .debug_rnglists
                0x0000000000000c78       0x28 ./Driver/bsp_esc_pwm.o
 .debug_rnglists
                0x0000000000000ca0       0x3b ./Driver/bsp_tof_tfmini.o
 .debug_rnglists
                0x0000000000000cdb       0x43 ./Debug/debug.o
 .debug_rnglists
                0x0000000000000d1e      0x148 ./Core/core_riscv.o
 .debug_rnglists
                0x0000000000000e66       0x16 ./Common/hardware.o
 .debug_rnglists
                0x0000000000000e7c       0x3a ./Common/ipc_comm.o

.debug_line     0x0000000000000000     0xf73a
 .debug_line    0x0000000000000000      0x107 ./User/ch32h417_it.o
 .debug_line    0x0000000000000107      0x169 ./User/main.o
 .debug_line    0x0000000000000270      0xa5a ./User/system_ch32h417.o
 .debug_line    0x0000000000000cca      0x257 ./Startup/startup_ch32h417_v3f.o
 .debug_line    0x0000000000000f21      0x489 ./Peripheral/src/ch32h417_exti.o
 .debug_line    0x00000000000013aa     0x24fc ./Peripheral/src/ch32h417_flash.o
 .debug_line    0x00000000000038a6     0x14a8 ./Peripheral/src/ch32h417_gpio.o
 .debug_line    0x0000000000004d4e      0x576 ./Peripheral/src/ch32h417_hsem.o
 .debug_line    0x00000000000052c4      0x642 ./Peripheral/src/ch32h417_ipc.o
 .debug_line    0x0000000000005906      0x542 ./Peripheral/src/ch32h417_pwr.o
 .debug_line    0x0000000000005e48     0x1c93 ./Peripheral/src/ch32h417_rcc.o
 .debug_line    0x0000000000007adb     0x38cc ./Peripheral/src/ch32h417_tim.o
 .debug_line    0x000000000000b3a7      0xf29 ./Peripheral/src/ch32h417_usart.o
 .debug_line    0x000000000000c2d0     0x1264 ./Driver/atk_ms901m.o
 .debug_line    0x000000000000d534      0x56f ./Driver/atk_ms901m_uart.o
 .debug_line    0x000000000000daa3      0x342 ./Driver/bsp_esc_pwm.o
 .debug_line    0x000000000000dde5      0x3fe ./Driver/bsp_tof_tfmini.o
 .debug_line    0x000000000000e1e3      0x505 ./Debug/debug.o
 .debug_line    0x000000000000e6e8      0x626 ./Core/core_riscv.o
 .debug_line    0x000000000000ed0e      0x3d6 ./Common/hardware.o
 .debug_line    0x000000000000f0e4      0x656 ./Common/ipc_comm.o

.debug_str      0x0000000000000000     0x3f2d
 .debug_str     0x0000000000000000      0x292 ./User/ch32h417_it.o
                                        0x2e1 (size before relaxing)
 .debug_str     0x0000000000000292      0x249 ./User/main.o
                                        0x4d3 (size before relaxing)
 .debug_str     0x00000000000004db      0x162 ./User/system_ch32h417.o
                                        0x466 (size before relaxing)
 .debug_str     0x000000000000063d       0x77 ./Startup/startup_ch32h417_v3f.o
 .debug_str     0x00000000000006b4      0x1ce ./Peripheral/src/ch32h417_exti.o
                                        0x390 (size before relaxing)
 .debug_str     0x0000000000000882      0x495 ./Peripheral/src/ch32h417_flash.o
                                        0x6eb (size before relaxing)
 .debug_str     0x0000000000000d17      0x3fa ./Peripheral/src/ch32h417_gpio.o
                                        0x61c (size before relaxing)
 .debug_str     0x0000000000001111      0x17a ./Peripheral/src/ch32h417_hsem.o
                                        0x5d8 (size before relaxing)
 .debug_str     0x000000000000128b      0x289 ./Peripheral/src/ch32h417_ipc.o
                                        0x46b (size before relaxing)
 .debug_str     0x0000000000001514      0x1a1 ./Peripheral/src/ch32h417_pwr.o
                                        0x4af (size before relaxing)
 .debug_str     0x00000000000016b5      0x752 ./Peripheral/src/ch32h417_rcc.o
                                        0xd22 (size before relaxing)
 .debug_str     0x0000000000001e07      0xe0e ./Peripheral/src/ch32h417_tim.o
                                       0x1107 (size before relaxing)
 .debug_str     0x0000000000002c15      0x437 ./Peripheral/src/ch32h417_usart.o
                                        0x738 (size before relaxing)
 .debug_str     0x000000000000304c      0x38d ./Driver/atk_ms901m.o
                                        0x580 (size before relaxing)
 .debug_str     0x00000000000033d9      0x6e4 ./Driver/atk_ms901m_uart.o
                                        0xd04 (size before relaxing)
 .debug_str     0x0000000000003abd       0x7c ./Driver/bsp_esc_pwm.o
                                        0x767 (size before relaxing)
 .debug_str     0x0000000000003b39       0x80 ./Driver/bsp_tof_tfmini.o
                                        0xcad (size before relaxing)
 .debug_str     0x0000000000003bb9       0x3d ./Debug/debug.o
                                        0x540 (size before relaxing)
 .debug_str     0x0000000000003bf6      0x1dd ./Core/core_riscv.o
                                        0x363 (size before relaxing)
 .debug_str     0x0000000000003dd3      0x122 ./Common/hardware.o
                                        0x611 (size before relaxing)
 .debug_str     0x0000000000003ef5       0x38 ./Common/ipc_comm.o
                                        0x6d3 (size before relaxing)

.debug_line_str
                0x0000000000000000      0x870
 .debug_line_str
                0x0000000000000000      0x1ef ./User/ch32h417_it.o
                                        0x23e (size before relaxing)
 .debug_line_str
                0x00000000000001ef      0x1a4 ./User/main.o
                                        0x376 (size before relaxing)
 .debug_line_str
                0x0000000000000393       0x2a ./User/system_ch32h417.o
                                        0x28b (size before relaxing)
 .debug_line_str
                0x00000000000003bd       0x38 ./Startup/startup_ch32h417_v3f.o
                                         0x82 (size before relaxing)
 .debug_line_str
                0x00000000000003f5       0x70 ./Peripheral/src/ch32h417_exti.o
                                        0x27f (size before relaxing)
 .debug_line_str
                0x0000000000000465       0x4a ./Peripheral/src/ch32h417_flash.o
                                        0x283 (size before relaxing)
 .debug_line_str
                0x00000000000004af       0x38 ./Peripheral/src/ch32h417_gpio.o
                                        0x29f (size before relaxing)
 .debug_line_str
                0x00000000000004e7       0x38 ./Peripheral/src/ch32h417_hsem.o
                                        0x274 (size before relaxing)
 .debug_line_str
                0x000000000000051f       0x46 ./Peripheral/src/ch32h417_ipc.o
                                        0x270 (size before relaxing)
 .debug_line_str
                0x0000000000000565       0x37 ./Peripheral/src/ch32h417_pwr.o
                                        0x28a (size before relaxing)
 .debug_line_str
                0x000000000000059c       0x37 ./Peripheral/src/ch32h417_rcc.o
                                        0x28b (size before relaxing)
 .debug_line_str
                0x00000000000005d3       0x46 ./Peripheral/src/ch32h417_tim.o
                                        0x28a (size before relaxing)
 .debug_line_str
                0x0000000000000619       0x4a ./Peripheral/src/ch32h417_usart.o
                                        0x292 (size before relaxing)
 .debug_line_str
                0x0000000000000663       0x2e ./Driver/atk_ms901m.o
                                        0x2a7 (size before relaxing)
 .debug_line_str
                0x0000000000000691       0x1c ./Driver/atk_ms901m_uart.o
                                        0x269 (size before relaxing)
 .debug_line_str
                0x00000000000006ad       0x26 ./Driver/bsp_esc_pwm.o
                                        0x269 (size before relaxing)
 .debug_line_str
                0x00000000000006d3       0x2c ./Driver/bsp_tof_tfmini.o
                                        0x277 (size before relaxing)
 .debug_line_str
                0x00000000000006ff       0xc1 ./Debug/debug.o
                                        0x355 (size before relaxing)
 .debug_line_str
                0x00000000000007c0       0x2b ./Core/core_riscv.o
                                        0x1f4 (size before relaxing)
 .debug_line_str
                0x00000000000007eb       0x48 ./Common/hardware.o
                                        0x332 (size before relaxing)
 .debug_line_str
                0x0000000000000833       0x3d ./Common/ipc_comm.o
                                        0x29e (size before relaxing)

.comment        0x0000000000000000       0x31
 .comment       0x0000000000000000       0x31 ./User/ch32h417_it.o
                                         0x32 (size before relaxing)
 .comment       0x0000000000000031       0x32 ./User/main.o
 .comment       0x0000000000000031       0x32 ./User/system_ch32h417.o
 .comment       0x0000000000000031       0x32 ./Peripheral/src/ch32h417_exti.o
 .comment       0x0000000000000031       0x32 ./Peripheral/src/ch32h417_flash.o
 .comment       0x0000000000000031       0x32 ./Peripheral/src/ch32h417_gpio.o
 .comment       0x0000000000000031       0x32 ./Peripheral/src/ch32h417_hsem.o
 .comment       0x0000000000000031       0x32 ./Peripheral/src/ch32h417_ipc.o
 .comment       0x0000000000000031       0x32 ./Peripheral/src/ch32h417_pwr.o
 .comment       0x0000000000000031       0x32 ./Peripheral/src/ch32h417_rcc.o
 .comment       0x0000000000000031       0x32 ./Peripheral/src/ch32h417_tim.o
 .comment       0x0000000000000031       0x32 ./Peripheral/src/ch32h417_usart.o
 .comment       0x0000000000000031       0x32 ./Driver/atk_ms901m.o
 .comment       0x0000000000000031       0x32 ./Driver/atk_ms901m_uart.o
 .comment       0x0000000000000031       0x32 ./Driver/bsp_esc_pwm.o
 .comment       0x0000000000000031       0x32 ./Driver/bsp_tof_tfmini.o
 .comment       0x0000000000000031       0x32 ./Debug/debug.o
 .comment       0x0000000000000031       0x32 ./Core/core_riscv.o
 .comment       0x0000000000000031       0x32 ./Common/hardware.o
 .comment       0x0000000000000031       0x32 ./Common/ipc_comm.o
 .comment       0x0000000000000031       0x32 d:/mounriver/mounriver_studio2/resources/app/resources/win32/components/wch/toolchain/risc-v embedded gcc12/bin/../lib/gcc/riscv-wch-elf/12.2.0/rv32imac_zba_zbb_zbc_zbs_xw/ilp32\libgcc.a(_udivdi3.o)
 .comment       0x0000000000000031       0x32 d:/mounriver/mounriver_studio2/resources/app/resources/win32/components/wch/toolchain/risc-v embedded gcc12/bin/../lib/gcc/riscv-wch-elf/12.2.0/rv32imac_zba_zbb_zbc_zbs_xw/ilp32\libgcc.a(mulsf3.o)
 .comment       0x0000000000000031       0x32 d:/mounriver/mounriver_studio2/resources/app/resources/win32/components/wch/toolchain/risc-v embedded gcc12/bin/../lib/gcc/riscv-wch-elf/12.2.0/rv32imac_zba_zbb_zbc_zbs_xw/ilp32\libgcc.a(floatsisf.o)
 .comment       0x0000000000000031       0x32 d:/mounriver/mounriver_studio2/resources/app/resources/win32/components/wch/toolchain/risc-v embedded gcc12/bin/../lib/gcc/riscv-wch-elf/12.2.0/rv32imac_zba_zbb_zbc_zbs_xw/ilp32\libgcc.a(floatunsisf.o)
 .comment       0x0000000000000031       0x32 d:/mounriver/mounriver_studio2/resources/app/resources/win32/components/wch/toolchain/risc-v embedded gcc12/bin/../lib/gcc/riscv-wch-elf/12.2.0/rv32imac_zba_zbb_zbc_zbs_xw/ilp32\libgcc.a(_clz.o)
 .comment       0x0000000000000031       0x32 d:/mounriver/mounriver_studio2/resources/app/resources/win32/components/wch/toolchain/risc-v embedded gcc12/bin/../lib/gcc/riscv-wch-elf/12.2.0/../../../../riscv-wch-elf/lib/rv32imac_zba_zbb_zbc_zbs_xw/ilp32\libg_nano.a(lib_a-printf.o)
 .comment       0x0000000000000031       0x32 d:/mounriver/mounriver_studio2/resources/app/resources/win32/components/wch/toolchain/risc-v embedded gcc12/bin/../lib/gcc/riscv-wch-elf/12.2.0/../../../../riscv-wch-elf/lib/rv32imac_zba_zbb_zbc_zbs_xw/ilp32\libg_nano.a(lib_a-puts.o)
 .comment       0x0000000000000031       0x32 d:/mounriver/mounriver_studio2/resources/app/resources/win32/components/wch/toolchain/risc-v embedded gcc12/bin/../lib/gcc/riscv-wch-elf/12.2.0/../../../../riscv-wch-elf/lib/rv32imac_zba_zbb_zbc_zbs_xw/ilp32\libg_nano.a(lib_a-wbuf.o)
 .comment       0x0000000000000031       0x32 d:/mounriver/mounriver_studio2/resources/app/resources/win32/components/wch/toolchain/risc-v embedded gcc12/bin/../lib/gcc/riscv-wch-elf/12.2.0/../../../../riscv-wch-elf/lib/rv32imac_zba_zbb_zbc_zbs_xw/ilp32\libg_nano.a(lib_a-wsetup.o)
 .comment       0x0000000000000031       0x32 d:/mounriver/mounriver_studio2/resources/app/resources/win32/components/wch/toolchain/risc-v embedded gcc12/bin/../lib/gcc/riscv-wch-elf/12.2.0/../../../../riscv-wch-elf/lib/rv32imac_zba_zbb_zbc_zbs_xw/ilp32\libg_nano.a(lib_a-fflush.o)
 .comment       0x0000000000000031       0x32 d:/mounriver/mounriver_studio2/resources/app/resources/win32/components/wch/toolchain/risc-v embedded gcc12/bin/../lib/gcc/riscv-wch-elf/12.2.0/../../../../riscv-wch-elf/lib/rv32imac_zba_zbb_zbc_zbs_xw/ilp32\libg_nano.a(lib_a-findfp.o)
 .comment       0x0000000000000031       0x32 d:/mounriver/mounriver_studio2/resources/app/resources/win32/components/wch/toolchain/risc-v embedded gcc12/bin/../lib/gcc/riscv-wch-elf/12.2.0/../../../../riscv-wch-elf/lib/rv32imac_zba_zbb_zbc_zbs_xw/ilp32\libg_nano.a(lib_a-fwalk.o)
 .comment       0x0000000000000031       0x32 d:/mounriver/mounriver_studio2/resources/app/resources/win32/components/wch/toolchain/risc-v embedded gcc12/bin/../lib/gcc/riscv-wch-elf/12.2.0/../../../../riscv-wch-elf/lib/rv32imac_zba_zbb_zbc_zbs_xw/ilp32\libg_nano.a(lib_a-impure.o)
 .comment       0x0000000000000031       0x32 d:/mounriver/mounriver_studio2/resources/app/resources/win32/components/wch/toolchain/risc-v embedded gcc12/bin/../lib/gcc/riscv-wch-elf/12.2.0/../../../../riscv-wch-elf/lib/rv32imac_zba_zbb_zbc_zbs_xw/ilp32\libg_nano.a(lib_a-lock.o)
 .comment       0x0000000000000031       0x32 d:/mounriver/mounriver_studio2/resources/app/resources/win32/components/wch/toolchain/risc-v embedded gcc12/bin/../lib/gcc/riscv-wch-elf/12.2.0/../../../../riscv-wch-elf/lib/rv32imac_zba_zbb_zbc_zbs_xw/ilp32\libg_nano.a(lib_a-makebuf.o)
 .comment       0x0000000000000031       0x32 d:/mounriver/mounriver_studio2/resources/app/resources/win32/components/wch/toolchain/risc-v embedded gcc12/bin/../lib/gcc/riscv-wch-elf/12.2.0/../../../../riscv-wch-elf/lib/rv32imac_zba_zbb_zbc_zbs_xw/ilp32\libg_nano.a(lib_a-nano-freer.o)
 .comment       0x0000000000000031       0x32 d:/mounriver/mounriver_studio2/resources/app/resources/win32/components/wch/toolchain/risc-v embedded gcc12/bin/../lib/gcc/riscv-wch-elf/12.2.0/../../../../riscv-wch-elf/lib/rv32imac_zba_zbb_zbc_zbs_xw/ilp32\libg_nano.a(lib_a-nano-mallocr.o)
 .comment       0x0000000000000031       0x32 d:/mounriver/mounriver_studio2/resources/app/resources/win32/components/wch/toolchain/risc-v embedded gcc12/bin/../lib/gcc/riscv-wch-elf/12.2.0/../../../../riscv-wch-elf/lib/rv32imac_zba_zbb_zbc_zbs_xw/ilp32\libg_nano.a(lib_a-nano-vfprintf.o)
 .comment       0x0000000000000031       0x32 d:/mounriver/mounriver_studio2/resources/app/resources/win32/components/wch/toolchain/risc-v embedded gcc12/bin/../lib/gcc/riscv-wch-elf/12.2.0/../../../../riscv-wch-elf/lib/rv32imac_zba_zbb_zbc_zbs_xw/ilp32\libg_nano.a(lib_a-sbrkr.o)
 .comment       0x0000000000000031       0x32 d:/mounriver/mounriver_studio2/resources/app/resources/win32/components/wch/toolchain/risc-v embedded gcc12/bin/../lib/gcc/riscv-wch-elf/12.2.0/../../../../riscv-wch-elf/lib/rv32imac_zba_zbb_zbc_zbs_xw/ilp32\libg_nano.a(lib_a-stdio.o)
 .comment       0x0000000000000031       0x32 d:/mounriver/mounriver_studio2/resources/app/resources/win32/components/wch/toolchain/risc-v embedded gcc12/bin/../lib/gcc/riscv-wch-elf/12.2.0/../../../../riscv-wch-elf/lib/rv32imac_zba_zbb_zbc_zbs_xw/ilp32\libg_nano.a(lib_a-writer.o)
 .comment       0x0000000000000031       0x32 d:/mounriver/mounriver_studio2/resources/app/resources/win32/components/wch/toolchain/risc-v embedded gcc12/bin/../lib/gcc/riscv-wch-elf/12.2.0/../../../../riscv-wch-elf/lib/rv32imac_zba_zbb_zbc_zbs_xw/ilp32\libg_nano.a(lib_a-closer.o)
 .comment       0x0000000000000031       0x32 d:/mounriver/mounriver_studio2/resources/app/resources/win32/components/wch/toolchain/risc-v embedded gcc12/bin/../lib/gcc/riscv-wch-elf/12.2.0/../../../../riscv-wch-elf/lib/rv32imac_zba_zbb_zbc_zbs_xw/ilp32\libg_nano.a(lib_a-fstatr.o)
 .comment       0x0000000000000031       0x32 d:/mounriver/mounriver_studio2/resources/app/resources/win32/components/wch/toolchain/risc-v embedded gcc12/bin/../lib/gcc/riscv-wch-elf/12.2.0/../../../../riscv-wch-elf/lib/rv32imac_zba_zbb_zbc_zbs_xw/ilp32\libg_nano.a(lib_a-isattyr.o)
 .comment       0x0000000000000031       0x32 d:/mounriver/mounriver_studio2/resources/app/resources/win32/components/wch/toolchain/risc-v embedded gcc12/bin/../lib/gcc/riscv-wch-elf/12.2.0/../../../../riscv-wch-elf/lib/rv32imac_zba_zbb_zbc_zbs_xw/ilp32\libg_nano.a(lib_a-lseekr.o)
 .comment       0x0000000000000031       0x32 d:/mounriver/mounriver_studio2/resources/app/resources/win32/components/wch/toolchain/risc-v embedded gcc12/bin/../lib/gcc/riscv-wch-elf/12.2.0/../../../../riscv-wch-elf/lib/rv32imac_zba_zbb_zbc_zbs_xw/ilp32\libg_nano.a(lib_a-memchr.o)
 .comment       0x0000000000000031       0x32 d:/mounriver/mounriver_studio2/resources/app/resources/win32/components/wch/toolchain/risc-v embedded gcc12/bin/../lib/gcc/riscv-wch-elf/12.2.0/../../../../riscv-wch-elf/lib/rv32imac_zba_zbb_zbc_zbs_xw/ilp32\libg_nano.a(lib_a-mlock.o)
 .comment       0x0000000000000031       0x32 d:/mounriver/mounriver_studio2/resources/app/resources/win32/components/wch/toolchain/risc-v embedded gcc12/bin/../lib/gcc/riscv-wch-elf/12.2.0/../../../../riscv-wch-elf/lib/rv32imac_zba_zbb_zbc_zbs_xw/ilp32\libg_nano.a(lib_a-nano-vfprintf_i.o)
 .comment       0x0000000000000031       0x32 d:/mounriver/mounriver_studio2/resources/app/resources/win32/components/wch/toolchain/risc-v embedded gcc12/bin/../lib/gcc/riscv-wch-elf/12.2.0/../../../../riscv-wch-elf/lib/rv32imac_zba_zbb_zbc_zbs_xw/ilp32\libg_nano.a(lib_a-readr.o)
 .comment       0x0000000000000031       0x32 d:/mounriver/mounriver_studio2/resources/app/resources/win32/components/wch/toolchain/risc-v embedded gcc12/bin/../lib/gcc/riscv-wch-elf/12.2.0/../../../../riscv-wch-elf/lib/rv32imac_zba_zbb_zbc_zbs_xw/ilp32\libg_nano.a(lib_a-reent.o)
 .comment       0x0000000000000031       0x32 d:/mounriver/mounriver_studio2/resources/app/resources/win32/components/wch/toolchain/risc-v embedded gcc12/bin/../lib/gcc/riscv-wch-elf/12.2.0/../../../../riscv-wch-elf/lib/rv32imac_zba_zbb_zbc_zbs_xw/ilp32\libnosys.a(close.o)
 .comment       0x0000000000000031       0x32 d:/mounriver/mounriver_studio2/resources/app/resources/win32/components/wch/toolchain/risc-v embedded gcc12/bin/../lib/gcc/riscv-wch-elf/12.2.0/../../../../riscv-wch-elf/lib/rv32imac_zba_zbb_zbc_zbs_xw/ilp32\libnosys.a(fstat.o)
 .comment       0x0000000000000031       0x32 d:/mounriver/mounriver_studio2/resources/app/resources/win32/components/wch/toolchain/risc-v embedded gcc12/bin/../lib/gcc/riscv-wch-elf/12.2.0/../../../../riscv-wch-elf/lib/rv32imac_zba_zbb_zbc_zbs_xw/ilp32\libnosys.a(isatty.o)
 .comment       0x0000000000000031       0x32 d:/mounriver/mounriver_studio2/resources/app/resources/win32/components/wch/toolchain/risc-v embedded gcc12/bin/../lib/gcc/riscv-wch-elf/12.2.0/../../../../riscv-wch-elf/lib/rv32imac_zba_zbb_zbc_zbs_xw/ilp32\libnosys.a(lseek.o)
 .comment       0x0000000000000031       0x32 d:/mounriver/mounriver_studio2/resources/app/resources/win32/components/wch/toolchain/risc-v embedded gcc12/bin/../lib/gcc/riscv-wch-elf/12.2.0/../../../../riscv-wch-elf/lib/rv32imac_zba_zbb_zbc_zbs_xw/ilp32\libnosys.a(read.o)

.riscv.attributes
                0x0000000000000000       0x56
 .riscv.attributes
                0x0000000000000000       0x56 ./User/ch32h417_it.o
 .riscv.attributes
                0x0000000000000056       0x56 ./User/main.o
 .riscv.attributes
                0x00000000000000ac       0x56 ./User/system_ch32h417.o
 .riscv.attributes
                0x0000000000000102       0x54 ./Startup/startup_ch32h417_v3f.o
 .riscv.attributes
                0x0000000000000156       0x56 ./Peripheral/src/ch32h417_exti.o
 .riscv.attributes
                0x00000000000001ac       0x56 ./Peripheral/src/ch32h417_flash.o
 .riscv.attributes
                0x0000000000000202       0x56 ./Peripheral/src/ch32h417_gpio.o
 .riscv.attributes
                0x0000000000000258       0x56 ./Peripheral/src/ch32h417_hsem.o
 .riscv.attributes
                0x00000000000002ae       0x56 ./Peripheral/src/ch32h417_ipc.o
 .riscv.attributes
                0x0000000000000304       0x56 ./Peripheral/src/ch32h417_pwr.o
 .riscv.attributes
                0x000000000000035a       0x56 ./Peripheral/src/ch32h417_rcc.o
 .riscv.attributes
                0x00000000000003b0       0x56 ./Peripheral/src/ch32h417_tim.o
 .riscv.attributes
                0x0000000000000406       0x56 ./Peripheral/src/ch32h417_usart.o
 .riscv.attributes
                0x000000000000045c       0x56 ./Driver/atk_ms901m.o
 .riscv.attributes
                0x00000000000004b2       0x56 ./Driver/atk_ms901m_uart.o
 .riscv.attributes
                0x0000000000000508       0x56 ./Driver/bsp_esc_pwm.o
 .riscv.attributes
                0x000000000000055e       0x56 ./Driver/bsp_tof_tfmini.o
 .riscv.attributes
                0x00000000000005b4       0x56 ./Debug/debug.o
 .riscv.attributes
                0x000000000000060a       0x56 ./Core/core_riscv.o
 .riscv.attributes
                0x0000000000000660       0x56 ./Common/hardware.o
 .riscv.attributes
                0x00000000000006b6       0x56 ./Common/ipc_comm.o
 .riscv.attributes
                0x000000000000070c       0x56 d:/mounriver/mounriver_studio2/resources/app/resources/win32/components/wch/toolchain/risc-v embedded gcc12/bin/../lib/gcc/riscv-wch-elf/12.2.0/rv32imac_zba_zbb_zbc_zbs_xw/ilp32\libgcc.a(_udivdi3.o)
 .riscv.attributes
                0x0000000000000762       0x56 d:/mounriver/mounriver_studio2/resources/app/resources/win32/components/wch/toolchain/risc-v embedded gcc12/bin/../lib/gcc/riscv-wch-elf/12.2.0/rv32imac_zba_zbb_zbc_zbs_xw/ilp32\libgcc.a(mulsf3.o)
 .riscv.attributes
                0x00000000000007b8       0x56 d:/mounriver/mounriver_studio2/resources/app/resources/win32/components/wch/toolchain/risc-v embedded gcc12/bin/../lib/gcc/riscv-wch-elf/12.2.0/rv32imac_zba_zbb_zbc_zbs_xw/ilp32\libgcc.a(floatsisf.o)
 .riscv.attributes
                0x000000000000080e       0x56 d:/mounriver/mounriver_studio2/resources/app/resources/win32/components/wch/toolchain/risc-v embedded gcc12/bin/../lib/gcc/riscv-wch-elf/12.2.0/rv32imac_zba_zbb_zbc_zbs_xw/ilp32\libgcc.a(floatunsisf.o)
 .riscv.attributes
                0x0000000000000864       0x54 d:/mounriver/mounriver_studio2/resources/app/resources/win32/components/wch/toolchain/risc-v embedded gcc12/bin/../lib/gcc/riscv-wch-elf/12.2.0/rv32imac_zba_zbb_zbc_zbs_xw/ilp32\libgcc.a(save-restore.o)
 .riscv.attributes