Archive member included to satisfy reference by file (symbol)

d:/mounriver/mounriver_studio2/resources/app/resources/win32/components/wch/toolchain/risc-v embedded gcc12/bin/../lib/gcc/riscv-wch-elf/12.2.0/../../../../riscv-wch-elf/lib/rv32imac_zba_zbb_zbc_zbs_xw/ilp32\libm_nano.a(lib_a-sf_tan.o)
                              ./Driver/sensor_flow.o (tanf)
d:/mounriver/mounriver_studio2/resources/app/resources/win32/components/wch/toolchain/risc-v embedded gcc12/bin/../lib/gcc/riscv-wch-elf/12.2.0/../../../../riscv-wch-elf/lib/rv32imac_zba_zbb_zbc_zbs_xw/ilp32\libm_nano.a(lib_a-wf_atan2.o)
                              ./Driver/sensor_compass.o (atan2f)
d:/mounriver/mounriver_studio2/resources/app/resources/win32/components/wch/toolchain/risc-v embedded gcc12/bin/../lib/gcc/riscv-wch-elf/12.2.0/../../../../riscv-wch-elf/lib/rv32imac_zba_zbb_zbc_zbs_xw/ilp32\libm_nano.a(lib_a-ef_atan2.o)
                              d:/mounriver/mounriver_studio2/resources/app/resources/win32/components/wch/toolchain/risc-v embedded gcc12/bin/../lib/gcc/riscv-wch-elf/12.2.0/../../../../riscv-wch-elf/lib/rv32imac_zba_zbb_zbc_zbs_xw/ilp32\libm_nano.a(lib_a-wf_atan2.o) (__ieee754_atan2f)
d:/mounriver/mounriver_studio2/resources/app/resources/win32/components/wch/toolchain/risc-v embedded gcc12/bin/../lib/gcc/riscv-wch-elf/12.2.0/../../../../riscv-wch-elf/lib/rv32imac_zba_zbb_zbc_zbs_xw/ilp32\libm_nano.a(lib_a-ef_rem_pio2.o)
                              d:/mounriver/mounriver_studio2/resources/app/resources/win32/components/wch/toolchain/risc-v embedded gcc12/bin/../lib/gcc/riscv-wch-elf/12.2.0/../../../../riscv-wch-elf/lib/rv32imac_zba_zbb_zbc_zbs_xw/ilp32\libm_nano.a(lib_a-sf_tan.o) (__ieee754_rem_pio2f)
d:/mounriver/mounriver_studio2/resources/app/resources/win32/components/wch/toolchain/risc-v embedded gcc12/bin/../lib/gcc/riscv-wch-elf/12.2.0/../../../../riscv-wch-elf/lib/rv32imac_zba_zbb_zbc_zbs_xw/ilp32\libm_nano.a(lib_a-kf_rem_pio2.o)
                              d:/mounriver/mounriver_studio2/resources/app/resources/win32/components/wch/toolchain/risc-v embedded gcc12/bin/../lib/gcc/riscv-wch-elf/12.2.0/../../../../riscv-wch-elf/lib/rv32imac_zba_zbb_zbc_zbs_xw/ilp32\libm_nano.a(lib_a-ef_rem_pio2.o) (__kernel_rem_pio2f)
d:/mounriver/mounriver_studio2/resources/app/resources/win32/components/wch/toolchain/risc-v embedded gcc12/bin/../lib/gcc/riscv-wch-elf/12.2.0/../../../../riscv-wch-elf/lib/rv32imac_zba_zbb_zbc_zbs_xw/ilp32\libm_nano.a(lib_a-kf_tan.o)
                              d:/mounriver/mounriver_studio2/resources/app/resources/win32/components/wch/toolchain/risc-v embedded gcc12/bin/../lib/gcc/riscv-wch-elf/12.2.0/../../../../riscv-wch-elf/lib/rv32imac_zba_zbb_zbc_zbs_xw/ilp32\libm_nano.a(lib_a-sf_tan.o) (__kernel_tanf)
d:/mounriver/mounriver_studio2/resources/app/resources/win32/components/wch/toolchain/risc-v embedded gcc12/bin/../lib/gcc/riscv-wch-elf/12.2.0/../../../../riscv-wch-elf/lib/rv32imac_zba_zbb_zbc_zbs_xw/ilp32\libm_nano.a(lib_a-sf_atan.o)
                              d:/mounriver/mounriver_studio2/resources/app/resources/win32/components/wch/toolchain/risc-v embedded gcc12/bin/../lib/gcc/riscv-wch-elf/12.2.0/../../../../riscv-wch-elf/lib/rv32imac_zba_zbb_zbc_zbs_xw/ilp32\libm_nano.a(lib_a-ef_atan2.o) (atanf)
d:/mounriver/mounriver_studio2/resources/app/resources/win32/components/wch/toolchain/risc-v embedded gcc12/bin/../lib/gcc/riscv-wch-elf/12.2.0/../../../../riscv-wch-elf/lib/rv32imac_zba_zbb_zbc_zbs_xw/ilp32\libm_nano.a(lib_a-sf_fabs.o)
                              d:/mounriver/mounriver_studio2/resources/app/resources/win32/components/wch/toolchain/risc-v embedded gcc12/bin/../lib/gcc/riscv-wch-elf/12.2.0/../../../../riscv-wch-elf/lib/rv32imac_zba_zbb_zbc_zbs_xw/ilp32\libm_nano.a(lib_a-ef_atan2.o) (fabsf)
d:/mounriver/mounriver_studio2/resources/app/resources/win32/components/wch/toolchain/risc-v embedded gcc12/bin/../lib/gcc/riscv-wch-elf/12.2.0/../../../../riscv-wch-elf/lib/rv32imac_zba_zbb_zbc_zbs_xw/ilp32\libm_nano.a(lib_a-sf_floor.o)
                              d:/mounriver/mounriver_studio2/resources/app/resources/win32/components/wch/toolchain/risc-v embedded gcc12/bin/../lib/gcc/riscv-wch-elf/12.2.0/../../../../riscv-wch-elf/lib/rv32imac_zba_zbb_zbc_zbs_xw/ilp32\libm_nano.a(lib_a-kf_rem_pio2.o) (floorf)
d:/mounriver/mounriver_studio2/resources/app/resources/win32/components/wch/toolchain/risc-v embedded gcc12/bin/../lib/gcc/riscv-wch-elf/12.2.0/../../../../riscv-wch-elf/lib/rv32imac_zba_zbb_zbc_zbs_xw/ilp32\libm_nano.a(lib_a-sf_scalbn.o)
                              d:/mounriver/mounriver_studio2/resources/app/resources/win32/components/wch/toolchain/risc-v embedded gcc12/bin/../lib/gcc/riscv-wch-elf/12.2.0/../../../../riscv-wch-elf/lib/rv32imac_zba_zbb_zbc_zbs_xw/ilp32\libm_nano.a(lib_a-kf_rem_pio2.o) (scalbnf)
[...]
Memory Configuration

Name             Origin             Length             Attributes
FLASH            0x0000000000000000 0x0000000000010000 xr
RAM_CODE         0x0000000020100000 0x0000000000010000 xrw
RAM              0x0000000020110100 0x000000000006ff00 xrw
RAM_LOAD         0x0000000020110000 0x0000000000000100 xrw
*default*        0x0000000000000000 0xffffffffffffffff

Linker script and memory map

LOAD ./User/ch32h417_it.o
LOAD ./User/main.o
LOAD ./User/system_ch32h417.o
LOAD ./Startup/startup_ch32h417_v3f.o
LOAD ./Peripheral/src/ch32h417_adc.o
LOAD ./Peripheral/src/ch32h417_can.o
LOAD ./Peripheral/src/ch32h417_crc.o
LOAD ./Peripheral/src/ch32h417_dac.o
LOAD ./Peripheral/src/ch32h417_dbgmcu.o
LOAD ./Peripheral/src/ch32h417_dfsdm.o
LOAD ./Peripheral/src/ch32h417_dma.o
LOAD ./Peripheral/src/ch32h417_dvp.o
LOAD ./Peripheral/src/ch32h417_ecdc.o
LOAD ./Peripheral/src/ch32h417_eth.o
LOAD ./Peripheral/src/ch32h417_exti.o
LOAD ./Peripheral/src/ch32h417_flash.o
LOAD ./Peripheral/src/ch32h417_fmc.o
LOAD ./Peripheral/src/ch32h417_gpha.o
LOAD ./Peripheral/src/ch32h417_gpio.o
LOAD ./Peripheral/src/ch32h417_hsadc.o
LOAD ./Peripheral/src/ch32h417_hsem.o
LOAD ./Peripheral/src/ch32h417_i2c.o
LOAD ./Peripheral/src/ch32h417_i3c.o
LOAD ./Peripheral/src/ch32h417_ipc.o
LOAD ./Peripheral/src/ch32h417_iwdg.o
LOAD ./Peripheral/src/ch32h417_lptim.o
LOAD ./Peripheral/src/ch32h417_ltdc.o
LOAD ./Peripheral/src/ch32h417_opa.o
LOAD ./Peripheral/src/ch32h417_pwr.o
LOAD ./Peripheral/src/ch32h417_qspi.o
LOAD ./Peripheral/src/ch32h417_rcc.o
LOAD ./Peripheral/src/ch32h417_rng.o
LOAD ./Peripheral/src/ch32h417_rtc.o
LOAD ./Peripheral/src/ch32h417_sai.o
LOAD ./Peripheral/src/ch32h417_sdio.o
LOAD ./Peripheral/src/ch32h417_sdmmc.o
LOAD ./Peripheral/src/ch32h417_serdes.o
LOAD ./Peripheral/src/ch32h417_spi.o
LOAD ./Peripheral/src/ch32h417_swpmi.o
LOAD ./Peripheral/src/ch32h417_tim.o
LOAD ./Peripheral/src/ch32h417_usart.o
LOAD ./Peripheral/src/ch32h417_wwdg.o
LOAD ./Driver/atk_ms901m.o
LOAD ./Driver/atk_ms901m_uart.o
LOAD ./Driver/bsp_esc_pwm.o
LOAD ./Driver/bsp_tof_tfmini.o
LOAD ./Driver/oled_ssd1306.o
LOAD ./Driver/sensor_compass.o
LOAD ./Driver/sensor_flow.o
LOAD ./Driver/sensor_gps.o
LOAD ./Debug/debug.o
LOAD ./Core/core_riscv.o
LOAD ./Common/atk_ms901m_uart.o
LOAD ./Common/hardware.o
LOAD ./Common/ipc_comm.o
LOAD d:/mounriver/mounriver_studio2/resources/app/resources/win32/components/wch/toolchain/risc-v embedded gcc12/bin/../lib/gcc/riscv-wch-elf/12.2.0/../../../../riscv-wch-elf/lib/rv32imac_zba_zbb_zbc_zbs_xw/ilp32\libm_nano.a
LOAD d:/mounriver/mounriver_studio2/resources/app/resources/win32/components/wch/toolchain/risc-v embedded gcc12/bin/../lib/gcc/riscv-wch-elf/12.2.0/rv32imac_zba_zbb_zbc_zbs_xw/ilp32\libgcc.a
LOAD d:/mounriver/mounriver_studio2/resources/app/resources/win32/components/wch/toolchain/risc-v embedded gcc12/bin/../lib/gcc/riscv-wch-elf/12.2.0/../../../../riscv-wch-elf/lib/rv32imac_zba_zbb_zbc_zbs_xw/ilp32\libg_nano.a
LOAD d:/mounriver/mounriver_studio2/resources/app/resources/win32/components/wch/toolchain/risc-v embedded gcc12/bin/../lib/gcc/riscv-wch-elf/12.2.0/../../../../riscv-wch-elf/lib/rv32imac_zba_zbb_zbc_zbs_xw/ilp32\libc_nano.a
LOAD d:/mounriver/mounriver_studio2/resources/app/resources/win32/components/wch/toolchain/risc-v embedded gcc12/bin/../lib/gcc/riscv-wch-elf/12.2.0/rv32imac_zba_zbb_zbc_zbs_xw/ilp32\libgcc.a
START GROUP
LOAD d:/mounriver/mounriver_studio2/resources/app/resources/win32/components/wch/toolchain/risc-v embedded gcc12/bin/../lib/gcc/riscv-wch-elf/12.2.0/rv32imac_zba_zbb_zbc_zbs_xw/ilp32\libgcc.a
LOAD d:/mounriver/mounriver_studio2/resources/app/resources/win32/components/wch/toolchain/risc-v embedded gcc12/bin/../lib/gcc/riscv-wch-elf/12.2.0/../../../../riscv-wch-elf/lib/rv32imac_zba_zbb_zbc_zbs_xw/ilp32\libc_nano.a
LOAD d:/mounriver/mounriver_studio2/resources/app/resources/win32/components/wch/toolchain/risc-v embedded gcc12/bin/../lib/gcc/riscv-wch-elf/12.2.0/../../../../riscv-wch-elf/lib/rv32imac_zba_zbb_zbc_zbs_xw/ilp32\libnosys.a
END GROUP
START GROUP
LOAD d:/mounriver/mounriver_studio2/resources/app/resources/win32/components/wch/toolchain/risc-v embedded gcc12/bin/../lib/gcc/riscv-wch-elf/12.2.0/rv32imac_zba_zbb_zbc_zbs_xw/ilp32\libgcc.a
LOAD d:/mounriver/mounriver_studio2/resources/app/resources/win32/components/wch/toolchain/risc-v embedded gcc12/bin/../lib/gcc/riscv-wch-elf/12.2.0/../../../../riscv-wch-elf/lib/rv32imac_zba_zbb_zbc_zbs_xw/ilp32\libc_nano.a
LOAD d:/mounriver/mounriver_studio2/resources/app/resources/win32/components/wch/toolchain/risc-v embedded gcc12/bin/../lib/gcc/riscv-wch-elf/12.2.0/../../../../riscv-wch-elf/lib/rv32imac_zba_zbb_zbc_zbs_xw/ilp32\libnosys.a
END GROUP
                0x0000000000000800                __stack_size = 0x800
                [!provide]                        PROVIDE (_stack_size = __stack_size)

.init           0x0000000000000000        0x8
                0x0000000000000000                _sinit = .
                0x0000000000000000                . = ALIGN (0x4)
 *(SORT_NONE(.init))
 .init          0x0000000000000000        0x6 ./Startup/startup_ch32h417_v3f.o
                0x0000000000000000                _start
                0x0000000000000008                . = ALIGN (0x4)
 *fill*         0x0000000000000006        0x2 
                0x0000000000000008                _einit = .

.loadcodelalign
                0x0000000000000008        0x0
                0x0000000000000008                . = ALIGN (0x4)
                0x0000000000000008                PROVIDE (_loadcode_lma = .)

.loadcode       0x0000000020110000       0xe4 load address 0x0000000000000008
                0x0000000020110000                . = ALIGN (0x4)
                0x0000000020110000                PROVIDE (_loadcode_vma_start = .)
 *(.load)
 .load          0x0000000020110000       0xe2 ./Startup/startup_ch32h417_v3f.o
                0x00000000201100e4                . = ALIGN (0x4)
 *fill*         0x00000000201100e2        0x2 
                0x00000000201100e4                PROVIDE (_loadcode_vma_end = .)

.highcodelalign
                0x00000000000000ec        0x0
                0x00000000000000ec                . = ALIGN (0x4)
                0x00000000000000ec                PROVIDE (_highcode_lma = .)

.highcode       0x0000000020100000     0x6290 load address 0x00000000000000ec
                0x0000000020100000                . = ALIGN (0x4)
                0x0000000020100000                PROVIDE (_highcode_vma_start = .)
 *(.vector)
 .vector        0x0000000020100000      0x254 ./Startup/startup_ch32h417_v3f.o
 *(SORT_NONE(.vector_handler))
 *(.text)
 .text          0x0000000020100254       0x60 d:/mounriver/mounriver_studio2/resources/app/resources/win32/components/wch/toolchain/risc-v embedded gcc12/bin/../lib/gcc/riscv-wch-elf/12.2.0/rv32imac_zba_zbb_zbc_zbs_xw/ilp32\libgcc.a(save-restore.o)
                0x0000000020100254                __riscv_save_12
                0x000000002010025c                __riscv_save_9
                0x000000002010025c                __riscv_save_11
                0x000000002010025c                __riscv_save_10
                0x000000002010025c                __riscv_save_8
                0x000000002010026a                __riscv_save_4
                0x000000002010026a                __riscv_save_6
                0x000000002010026a                __riscv_save_5
                0x000000002010026a                __riscv_save_7
                0x0000000020100284                __riscv_save_3
                0x0000000020100284                __riscv_save_2
                0x0000000020100284                __riscv_save_1
                0x0000000020100284                __riscv_save_0
                0x0000000020100290                __riscv_restore_12
                0x0000000020100294                __riscv_restore_11
                0x0000000020100294                __riscv_restore_9
                0x0000000020100294                __riscv_restore_10
                0x0000000020100294                __riscv_restore_8
                0x000000002010029e                __riscv_restore_5
                0x000000002010029e                __riscv_restore_7
                0x000000002010029e                __riscv_restore_6
                0x000000002010029e                __riscv_restore_4
                0x00000000201002a8                __riscv_restore_3
                0x00000000201002a8                __riscv_restore_0
                0x00000000201002a8                __riscv_restore_2
                0x00000000201002a8                __riscv_restore_1
 .text          0x00000000201002b4       0x16 d:/mounriver/mounriver_studio2/resources/app/resources/win32/components/wch/toolchain/risc-v embedded gcc12/bin/../lib/gcc/riscv-wch-elf/12.2.0/../../../../riscv-wch-elf/lib/rv32imac_zba_zbb_zbc_zbs_xw/ilp32\libg_nano.a(lib_a-memcpy-asm.o)
                0x00000000201002b4                memcpy
 .text          0x00000000201002ca       0x10 d:/mounriver/mounriver_studio2/resources/app/resources/win32/components/wch/toolchain/risc-v embedded gcc12/bin/../lib/gcc/riscv-wch-elf/12.2.0/../../../../riscv-wch-elf/lib/rv32imac_zba_zbb_zbc_zbs_xw/ilp32\libg_nano.a(lib_a-memset.o)
                0x00000000201002ca                memset
 .text          0x00000000201002da       0x14 d:/mounriver/mounriver_studio2/resources/app/resources/win32/components/wch/toolchain/risc-v embedded gcc12/bin/../lib/gcc/riscv-wch-elf/12.2.0/../../../../riscv-wch-elf/lib/rv32imac_zba_zbb_zbc_zbs_xw/ilp32\libg_nano.a(lib_a-strcmp.o)
                0x00000000201002da                strcmp
 .text          0x00000000201002ee       0x26 d:/mounriver/mounriver_studio2/resources/app/resources/win32/components/wch/toolchain/risc-v embedded gcc12/bin/../lib/gcc/riscv-wch-elf/12.2.0/../../../../riscv-wch-elf/lib/rv32imac_zba_zbb_zbc_zbs_xw/ilp32\libg_nano.a(lib_a-memmove.o)
                0x00000000201002ee                memmove
 *(.text.*)
 .text.NMI_Handler
                0x0000000020100314        0x2 ./User/ch32h417_it.o
                0x0000000020100314                NMI_Handler
 .text.HardFault_Handler
                0x0000000020100316       0x10 ./User/ch32h417_it.o
                0x0000000020100316                HardFault_Handler
 .text.USART3_IRQHandler
                0x0000000020100326        0x8 ./User/ch32h417_it.o
                0x0000000020100326                USART3_IRQHandler
 .text.USART4_IRQHandler
                0x000000002010032e        0x8 ./User/ch32h417_it.o
                0x000000002010032e                USART4_IRQHandler
 .text.main     0x0000000020100336       0x50 ./User/main.o
                0x0000000020100336                main
 .text.SetSYSCLK_400M_CoreCLK_V5F_400M_V3F_100M_HSE
                0x0000000020100386      0x140 ./User/system_ch32h417.o
 .text.SetSysClock
                0x00000000201004c6        0xa ./User/system_ch32h417.o
 .text.SystemInit
                0x00000000201004d0       0x88 ./User/system_ch32h417.o
                0x00000000201004d0                SystemInit
 .text.SystemAndCoreClockUpdate
                0x0000000020100558      0x21c ./User/system_ch32h417.o
                0x0000000020100558                SystemAndCoreClockUpdate
 .text.vector_handler
                0x0000000020100774        0x2 ./Startup/startup_ch32h417_v3f.o
                0x0000000020100774                TIM8_TRG_COM_IRQHandler
                0x0000000020100774                TIM8_CC_IRQHandler
                0x0000000020100774                USART_WKUP_IRQHandler
                0x0000000020100774                SPI4_IRQHandler
                0x0000000020100774                DFSDM0_IRQHandler
                0x0000000020100774                TIM1_CC_IRQHandler
                0x0000000020100774                TIM10_IRQHandler
                0x0000000020100774                IPC_CH2_Handler
                0x0000000020100774                USBPD_IRQHandler
                0x0000000020100774                TIM6_IRQHandler
                0x0000000020100774                CAN3_RX1_IRQHandler
                0x0000000020100774                I3C_ER_IRQHandler
                0x0000000020100774                SDIO_IRQHandler
                0x0000000020100774                DMA2_Channel8_IRQHandler
                0x0000000020100774                CAN2_RX1_IRQHandler
                0x0000000020100774                HSEM_Handler
                0x0000000020100774                USBHS_IRQHandler
                0x0000000020100774                LPTIM2_IRQHandler
                0x0000000020100774                USBFSWakeup_IRQHandler
                0x0000000020100774                I2C3_ER_IRQHandler
                0x0000000020100774                USBFS_IRQHandler
                0x0000000020100774                USART8_IRQHandler
                0x0000000020100774                I2C2_EV_IRQHandler
                0x0000000020100774                CAN1_RX0_IRQHandler
                0x0000000020100774                CAN3_SCE_IRQHandler
                0x0000000020100774                CAN2_SCE_IRQHandler
                0x0000000020100774                ADC1_2_IRQHandler
                0x0000000020100774                Break_Point_Handler
                0x0000000020100774                IPC_CH0_Handler
                0x0000000020100774                SPI1_IRQHandler
                0x0000000020100774                USART5_IRQHandler
                0x0000000020100774                SysTick0_Handler
                0x0000000020100774                EXTI7_0_IRQHandler
                0x0000000020100774                CAN2_RX0_IRQHandler
                0x0000000020100774                TIM8_UP_IRQHandler
                0x0000000020100774                Ecall_M_Mode_Handler
                0x0000000020100774                ECDC_IRQHandler
                0x0000000020100774                SDMMC_IRQHandler
                0x0000000020100774                USART7_IRQHandler
                0x0000000020100774                DMA2_Channel2_IRQHandler
                0x0000000020100774                DMA1_Channel4_IRQHandler
                0x0000000020100774                CAN3_RX0_IRQHandler
                0x0000000020100774                HSADC_IRQHandler
                0x0000000020100774                RTC_IRQHandler
                0x0000000020100774                DMA1_Channel7_IRQHandler
                0x0000000020100774                CAN1_RX1_IRQHandler
                0x0000000020100774                DVP_IRQHandler
                0x0000000020100774                USBSS_IRQHandler
                0x0000000020100774                SWPMI_IRQHandler
                0x0000000020100774                USBPDWakeUp_IRQHandler
                0x0000000020100774                EXTI15_8_IRQHandler
                0x0000000020100774                TIM4_IRQHandler
                0x0000000020100774                DMA2_Channel1_IRQHandler
                0x0000000020100774                SWPMI_WKUP_IRQHandler
                0x0000000020100774                I2C1_EV_IRQHandler
                0x0000000020100774                USBSSWakeup_IRQHandler
                0x0000000020100774                DMA1_Channel6_IRQHandler
                0x0000000020100774                DMA2_Channel4_IRQHandler
                0x0000000020100774                TIM3_IRQHandler
                0x0000000020100774                RCC_IRQHandler
                0x0000000020100774                TIM1_TRG_COM_IRQHandler
                0x0000000020100774                DMA1_Channel1_IRQHandler
                0x0000000020100774                DMA2_Channel7_IRQHandler
                0x0000000020100774                QSPI1_IRQHandler
                0x0000000020100774                DMA1_Channel8_IRQHandler
                0x0000000020100774                IPC_CH3_Handler
                0x0000000020100774                I3C_EV_IRQHandler
                0x0000000020100774                I3C_WKUP_IRQHandler
                0x0000000020100774                TIM12_IRQHandler
                0x0000000020100774                TIM7_IRQHandler
                0x0000000020100774                CAN2_TX_IRQHandler
                0x0000000020100774                TIM5_IRQHandler
                0x0000000020100774                I2C3_EV_IRQHandler
                0x0000000020100774                PIOC_IRQHandler
                0x0000000020100774                TIM9_IRQHandler
                0x0000000020100774                LTDC_IRQHandler
                0x0000000020100774                SAI_IRQHandler
                0x0000000020100774                ETH_WKUP_IRQHandler
                0x0000000020100774                SPI2_IRQHandler
                0x0000000020100774                IPC_CH1_Handler
                0x0000000020100774                LPTIM1_WKUP_IRQHandler
                0x0000000020100774                CAN1_TX_IRQHandler
                0x0000000020100774                DMA2_Channel5_IRQHandler
                0x0000000020100774                DMA1_Channel5_IRQHandler
                0x0000000020100774                QSPI2_IRQHandler
                0x0000000020100774                RNG_IRQHandler
                0x0000000020100774                DMA1_Channel3_IRQHandler
                0x0000000020100774                ETH_IRQHandler
                0x0000000020100774                TIM1_UP_IRQHandler
                0x0000000020100774                WWDG_IRQHandler
                0x0000000020100774                USBHSWakeup_IRQHandler
                0x0000000020100774                Ecall_U_Mode_Handler
                0x0000000020100774                I2C4_EV_IRQHandler
                0x0000000020100774                CAN3_TX_IRQHandler
                0x0000000020100774                DMA2_Channel6_IRQHandler
                0x0000000020100774                TIM2_IRQHandler
                0x0000000020100774                SW_Handler
                0x0000000020100774                TIM1_BRK_IRQHandler
                0x0000000020100774                GPHA_IRQHandler
                0x0000000020100774                LPTIM2_WKUP_IRQHandler
                0x0000000020100774                RTCAlarm_IRQHandler
                0x0000000020100774                TIM11_IRQHandler
                0x0000000020100774                USART2_IRQHandler
                0x0000000020100774                UHSIF_IRQHandler
                0x0000000020100774                I2C2_ER_IRQHandler
                0x0000000020100774                DMA1_Channel2_IRQHandler
                0x0000000020100774                TIM8_BRK_IRQHandler
                0x0000000020100774                CAN1_SCE_IRQHandler
                0x0000000020100774                FLASH_IRQHandler
                0x0000000020100774                USART1_IRQHandler
                0x0000000020100774                SPI3_IRQHandler
                0x0000000020100774                I2C1_ER_IRQHandler
                0x0000000020100774                FMC_IRQHandler
                0x0000000020100774                SysTick1_Handler
                0x0000000020100774                LPTIM1_IRQHandler
                0x0000000020100774                DFSDM1_IRQHandler
                0x0000000020100774                I2C4_ER_IRQHandler
                0x0000000020100774                SERDES_IRQHandler
                0x0000000020100774                USBSS_LINK_IRQHandler
                0x0000000020100774                DMA2_Channel3_IRQHandler
 .text.FLASH_BOOT_GetMode
                0x0000000020100776       0x36 ./Peripheral/src/ch32h417_flash.o
                0x0000000020100776                FLASH_BOOT_GetMode
 .text.FLASH_GetUserOptionByte
                0x00000000201007ac        0xa ./Peripheral/src/ch32h417_flash.o
                0x00000000201007ac                FLASH_GetUserOptionByte
 .text.GPIO_Init
                0x00000000201007b6       0xee ./Peripheral/src/ch32h417_gpio.o
                0x00000000201007b6                GPIO_Init
 .text.GPIO_ReadInputDataBit
                0x00000000201008a4        0xe ./Peripheral/src/ch32h417_gpio.o
                0x00000000201008a4                GPIO_ReadInputDataBit
 .text.GPIO_ReadOutputDataBit
                0x00000000201008b2        0xe ./Peripheral/src/ch32h417_gpio.o
                0x00000000201008b2                GPIO_ReadOutputDataBit
 .text.GPIO_SetBits
                0x00000000201008c0        0x4 ./Peripheral/src/ch32h417_gpio.o
                0x00000000201008c0                GPIO_SetBits
 .text.GPIO_ResetBits
                0x00000000201008c4        0x4 ./Peripheral/src/ch32h417_gpio.o
                0x00000000201008c4                GPIO_ResetBits
 .text.GPIO_PinAFConfig
                0x00000000201008c8      0x1fe ./Peripheral/src/ch32h417_gpio.o
                0x00000000201008c8                GPIO_PinAFConfig
 .text.GPIO_IPD_Unused
                0x0000000020100ac6      0x288 ./Peripheral/src/ch32h417_gpio.o
                0x0000000020100ac6                GPIO_IPD_Unused
 .text.HSEM_FastTake
                0x0000000020100d4e       0x2c ./Peripheral/src/ch32h417_hsem.o
                0x0000000020100d4e                HSEM_FastTake
 .text.HSEM_ReleaseOneSem
                0x0000000020100d7a       0x20 ./Peripheral/src/ch32h417_hsem.o
                0x0000000020100d7a                HSEM_ReleaseOneSem
 .text.HSEM_ReleaseAllSem
                0x0000000020100d9a        0xe ./Peripheral/src/ch32h417_hsem.o
                0x0000000020100d9a                HSEM_ReleaseAllSem
 .text.I2C_Init
                0x0000000020100da8      0x104 ./Peripheral/src/ch32h417_i2c.o
                0x0000000020100da8                I2C_Init
 .text.I2C_Cmd  0x0000000020100eac       0x1c ./Peripheral/src/ch32h417_i2c.o
                0x0000000020100eac                I2C_Cmd
 .text.I2C_GenerateSTART
                0x0000000020100ec8       0x1e ./Peripheral/src/ch32h417_i2c.o
                0x0000000020100ec8                I2C_GenerateSTART
 .text.I2C_GenerateSTOP
                0x0000000020100ee6       0x1e ./Peripheral/src/ch32h417_i2c.o
                0x0000000020100ee6                I2C_GenerateSTOP
 .text.I2C_SendData
                0x0000000020100f04        0x4 ./Peripheral/src/ch32h417_i2c.o
                0x0000000020100f04                I2C_SendData
 .text.I2C_Send7bitAddress
                0x0000000020100f08       0x10 ./Peripheral/src/ch32h417_i2c.o
                0x0000000020100f08                I2C_Send7bitAddress
 .text.I2C_CheckEvent
                0x0000000020100f18       0x1e ./Peripheral/src/ch32h417_i2c.o
                0x0000000020100f18                I2C_CheckEvent
 .text.I2C_GetFlagStatus
                0x0000000020100f36       0x38 ./Peripheral/src/ch32h417_i2c.o
                0x0000000020100f36                I2C_GetFlagStatus
 .text.IPC_Init
                0x0000000020100f6e       0x50 ./Peripheral/src/ch32h417_ipc.o
                0x0000000020100f6e                IPC_Init
 .text.IPC_StructInit
                0x0000000020100fbe       0x1a ./Peripheral/src/ch32h417_ipc.o
                0x0000000020100fbe                IPC_StructInit
 .text.IPC_CH0_Lock
                0x0000000020100fd8        0xe ./Peripheral/src/ch32h417_ipc.o
                0x0000000020100fd8                IPC_CH0_Lock
 .text.IPC_CH1_Lock
                0x0000000020100fe6        0xe ./Peripheral/src/ch32h417_ipc.o
                0x0000000020100fe6                IPC_CH1_Lock
 .text.IPC_GetFlagStatus
                0x0000000020100ff4       0x16 ./Peripheral/src/ch32h417_ipc.o
                0x0000000020100ff4                IPC_GetFlagStatus
 .text.IPC_SetFlagStatus
                0x000000002010100a       0x10 ./Peripheral/src/ch32h417_ipc.o
                0x000000002010100a                IPC_SetFlagStatus
 .text.IPC_ClearFlagStatus
                0x000000002010101a       0x10 ./Peripheral/src/ch32h417_ipc.o
                0x000000002010101a                IPC_ClearFlagStatus
 .text.IPC_WriteMSG
                0x000000002010102a       0x1e ./Peripheral/src/ch32h417_ipc.o
                0x000000002010102a                IPC_WriteMSG
 .text.IPC_ReadMSG
                0x0000000020101048       0x1e ./Peripheral/src/ch32h417_ipc.o
                0x0000000020101048                IPC_ReadMSG
 .text.RCC_GetClocksFreq
                0x0000000020101066      0x24a ./Peripheral/src/ch32h417_rcc.o
                0x0000000020101066                RCC_GetClocksFreq
 .text.RCC_HB2PeriphClockCmd
                0x00000000201012b0       0x1c ./Peripheral/src/ch32h417_rcc.o
                0x00000000201012b0                RCC_HB2PeriphClockCmd
 .text.RCC_HB1PeriphClockCmd
                0x00000000201012cc       0x1c ./Peripheral/src/ch32h417_rcc.o
                0x00000000201012cc                RCC_HB1PeriphClockCmd
 .text.SPI_Init
                0x00000000201012e8       0x52 ./Peripheral/src/ch32h417_spi.o
                0x00000000201012e8                SPI_Init
 .text.SPI_Cmd  0x000000002010133a       0x1e ./Peripheral/src/ch32h417_spi.o
                0x000000002010133a                SPI_Cmd
 .text.SPI_I2S_SendData
                0x0000000020101358        0x4 ./Peripheral/src/ch32h417_spi.o
                0x0000000020101358                SPI_I2S_SendData
 .text.SPI_I2S_ReceiveData
                0x000000002010135c        0x4 ./Peripheral/src/ch32h417_spi.o
                0x000000002010135c                SPI_I2S_ReceiveData
 .text.SPI_I2S_GetFlagStatus
                0x0000000020101360        0xe ./Peripheral/src/ch32h417_spi.o
                0x0000000020101360                SPI_I2S_GetFlagStatus
 .text.TIM_TimeBaseInit
                0x000000002010136e       0x82 ./Peripheral/src/ch32h417_tim.o
                0x000000002010136e                TIM_TimeBaseInit
 .text.TIM_OC1Init
                0x00000000201013f0       0x6e ./Peripheral/src/ch32h417_tim.o
                0x00000000201013f0                TIM_OC1Init
 .text.TIM_OC2Init
                0x000000002010145e       0xa2 ./Peripheral/src/ch32h417_tim.o
                0x000000002010145e                TIM_OC2Init
 .text.TIM_OC3Init
                0x0000000020101500       0xa0 ./Peripheral/src/ch32h417_tim.o
                0x0000000020101500                TIM_OC3Init
 .text.TIM_OC4Init
                0x00000000201015a0       0x76 ./Peripheral/src/ch32h417_tim.o
                0x00000000201015a0                TIM_OC4Init
 .text.TIM_Cmd  0x0000000020101616       0x1c ./Peripheral/src/ch32h417_tim.o
                0x0000000020101616                TIM_Cmd
 .text.TIM_CtrlPWMOutputs
                0x0000000020101632       0x24 ./Peripheral/src/ch32h417_tim.o
                0x0000000020101632                TIM_CtrlPWMOutputs
 .text.TIM_ARRPreloadConfig
                0x0000000020101656       0x1e ./Peripheral/src/ch32h417_tim.o
                0x0000000020101656                TIM_ARRPreloadConfig
 .text.TIM_OC1PreloadConfig
                0x0000000020101674        0xe ./Peripheral/src/ch32h417_tim.o
                0x0000000020101674                TIM_OC1PreloadConfig
 .text.TIM_OC2PreloadConfig
                0x0000000020101682       0x16 ./Peripheral/src/ch32h417_tim.o
                0x0000000020101682                TIM_OC2PreloadConfig
 .text.TIM_OC3PreloadConfig
                0x0000000020101698        0xe ./Peripheral/src/ch32h417_tim.o
                0x0000000020101698                TIM_OC3PreloadConfig
 .text.TIM_OC4PreloadConfig
                0x00000000201016a6       0x16 ./Peripheral/src/ch32h417_tim.o
                0x00000000201016a6                TIM_OC4PreloadConfig
 .text.TIM_SetCompare1
                0x00000000201016bc        0x4 ./Peripheral/src/ch32h417_tim.o
                0x00000000201016bc                TIM_SetCompare1
 .text.TIM_SetCompare2
                0x00000000201016c0        0x4 ./Peripheral/src/ch32h417_tim.o
                0x00000000201016c0                TIM_SetCompare2
 .text.TIM_SetCompare3
                0x00000000201016c4        0x4 ./Peripheral/src/ch32h417_tim.o
                0x00000000201016c4                TIM_SetCompare3
 .text.TIM_SetCompare4
                0x00000000201016c8        0x6 ./Peripheral/src/ch32h417_tim.o
                0x00000000201016c8                TIM_SetCompare4
 .text.USART_Init
                0x00000000201016ce       0xc2 ./Peripheral/src/ch32h417_usart.o
                0x00000000201016ce                USART_Init
 .text.USART_Cmd
                0x0000000020101790       0x18 ./Peripheral/src/ch32h417_usart.o
                0x0000000020101790                USART_Cmd
 .text.USART_ITConfig
                0x00000000201017a8       0x4e ./Peripheral/src/ch32h417_usart.o
                0x00000000201017a8                USART_ITConfig
 .text.USART_SendData
                0x00000000201017f6        0x8 ./Peripheral/src/ch32h417_usart.o
                0x00000000201017f6                USART_SendData
 .text.USART_ReceiveData
                0x00000000201017fe        0x8 ./Peripheral/src/ch32h417_usart.o
                0x00000000201017fe                USART_ReceiveData
 .text.USART_GetFlagStatus
                0x0000000020101806        0xe ./Peripheral/src/ch32h417_usart.o
                0x0000000020101806                USART_GetFlagStatus
 .text.USART_GetITStatus
                0x0000000020101814       0x52 ./Peripheral/src/ch32h417_usart.o
                0x0000000020101814                USART_GetITStatus
 .text.atk_ms901m_write_reg_by_id
                0x0000000020101866       0x72 ./Driver/atk_ms901m.o
 .text.atk_ms901m_get_frame_by_id
                0x00000000201018d8      0x152 ./Driver/atk_ms901m.o
 .text.atk_ms901m_read_reg_by_id
                0x0000000020101a2a       0x82 ./Driver/atk_ms901m.o
 .text.atk_ms901m_init
                0x0000000020101aac       0xbc ./Driver/atk_ms901m.o
                0x0000000020101aac                atk_ms901m_init
 .text.atk_ms901m_uart_rx_fifo_write
                0x0000000020101b68       0x3c ./Driver/atk_ms901m_uart.o
                0x0000000020101b68                atk_ms901m_uart_rx_fifo_write
 .text.atk_ms901m_uart_rx_fifo_read
                0x0000000020101ba4       0x72 ./Driver/atk_ms901m_uart.o
                0x0000000020101ba4                atk_ms901m_uart_rx_fifo_read
 .text.atk_ms901m_uart_rx_fifo_flush
                0x0000000020101c16       0x12 ./Driver/atk_ms901m_uart.o
                0x0000000020101c16                atk_ms901m_uart_rx_fifo_flush
 .text.atk_ms901m_uart_send
                0x0000000020101c28       0x3a ./Driver/atk_ms901m_uart.o
                0x0000000020101c28                atk_ms901m_uart_send
 .text.atk_ms901m_uart_init
                0x0000000020101c62       0xd2 ./Driver/atk_ms901m_uart.o
                0x0000000020101c62                atk_ms901m_uart_init
 .text.ATK_MS901M_UART_IRQHandler
                0x0000000020101d34       0x4e ./Driver/atk_ms901m_uart.o
                0x0000000020101d34                ATK_MS901M_UART_IRQHandler
 .text.bsp_esc_pwm_init
                0x0000000020101d82      0x122 ./Driver/bsp_esc_pwm.o
                0x0000000020101d82                bsp_esc_pwm_init
 .text.bsp_esc_pwm_set_all
                0x0000000020101ea4       0x46 ./Driver/bsp_esc_pwm.o
                0x0000000020101ea4                bsp_esc_pwm_set_all
 .text.bsp_tof_tfmini_init
                0x0000000020101eea       0x96 ./Driver/bsp_tof_tfmini.o
                0x0000000020101eea                bsp_tof_tfmini_init
 .text.USART6_IRQHandler
                0x0000000020101f80      0x10e ./Driver/bsp_tof_tfmini.o
                0x0000000020101f80                USART6_IRQHandler
 .text.i2c_start
                0x000000002010208e       0x3c ./Driver/oled_ssd1306.o
 .text.i2c_send_addr
                0x00000000201020ca       0x32 ./Driver/oled_ssd1306.o
 .text.i2c_send_byte
                0x00000000201020fc       0x2c ./Driver/oled_ssd1306.o
 .text.i2c_stop
                0x0000000020102128        0xe ./Driver/oled_ssd1306.o
 .text.oled_write_cmd
                0x0000000020102136       0x1e ./Driver/oled_ssd1306.o
 .text.oled_init_sequence
                0x0000000020102154       0x9c ./Driver/oled_ssd1306.o
 .text.oled_write_data_burst
                0x00000000201021f0       0x34 ./Driver/oled_ssd1306.o
 .text.oled_clear
                0x0000000020102224       0x12 ./Driver/oled_ssd1306.o
                0x0000000020102224                oled_clear
 .text.oled_refresh
                0x0000000020102236       0x34 ./Driver/oled_ssd1306.o
                0x0000000020102236                oled_refresh
 .text.oled_init
                0x000000002010226a       0xaa ./Driver/oled_ssd1306.o
                0x000000002010226a                oled_init
 .text.oled_show_char
                0x0000000020102314       0xd4 ./Driver/oled_ssd1306.o
                0x0000000020102314                oled_show_char
 .text.oled_show_string
                0x00000000201023e8       0x42 ./Driver/oled_ssd1306.o
                0x00000000201023e8                oled_show_string
 .text.spi3_transfer
                0x000000002010242a       0x48 ./Driver/sensor_flow.o
 .text.registerWrite
                0x0000000020102472       0x2e ./Driver/sensor_flow.o
 .text.InitRegisters
                0x00000000201024a0       0xe4 ./Driver/sensor_flow.o
 .text.registerRead
                0x0000000020102584       0x30 ./Driver/sensor_flow.o
 .text.sensor_flow_init
                0x00000000201025b4      0x178 ./Driver/sensor_flow.o
                0x00000000201025b4                sensor_flow_init
 .text.fifo_available
                0x000000002010272c       0x24 ./Driver/sensor_gps.o
 .text.fifo_read
                0x0000000020102750       0x1a ./Driver/sensor_gps.o
 .text.parse_int
                0x000000002010276a       0x44 ./Driver/sensor_gps.o
 .text.parse_decimal_scaled
                0x00000000201027ae       0x9a ./Driver/sensor_gps.o
 .text.parse_latlon_deg_e7
                0x0000000020102848       0x62 ./Driver/sensor_gps.o
 .text.parse_utc_ms
                0x00000000201028aa       0x56 ./Driver/sensor_gps.o
 .text.hex_val  0x0000000020102900       0x48 ./Driver/sensor_gps.o
 .text.nmea_checksum_ok
                0x0000000020102948       0x7c ./Driver/sensor_gps.o
 .text.split_fields
                0x00000000201029c4       0x5e ./Driver/sensor_gps.o
 .text.talker_supported
                0x0000000020102a22       0x74 ./Driver/sensor_gps.o
 .text.parse_gga
                0x0000000020102a96       0xd8 ./Driver/sensor_gps.o
 .text.parse_rmc
                0x0000000020102b6e       0xe4 ./Driver/sensor_gps.o
 .text.parse_vtg
                0x0000000020102c52       0x6e ./Driver/sensor_gps.o
 .text.parse_gsa
                0x0000000020102cc0       0x48 ./Driver/sensor_gps.o
 .text.parse_gsv
                0x0000000020102d08       0x22 ./Driver/sensor_gps.o
 .text.parse_gll
                0x0000000020102d2a       0x7a ./Driver/sensor_gps.o
 .text.copy_field
                0x0000000020102da4       0x24 ./Driver/sensor_gps.o
 .text.parse_nmea_line
                0x0000000020102dc8      0x110 ./Driver/sensor_gps.o
 .text.sensor_gps_init
                0x0000000020102ed8      0x12a ./Driver/sensor_gps.o
                0x0000000020102ed8                sensor_gps_init
 .text.sensor_gps_poll
                0x0000000020103002      0x130 ./Driver/sensor_gps.o
                0x0000000020103002                sensor_gps_poll
 .text.sensor_gps_get_data
                0x0000000020103132       0x40 ./Driver/sensor_gps.o
                0x0000000020103132                sensor_gps_get_data
 .text.SENSOR_GPS_UART_IRQHandler
                0x0000000020103172       0xbc ./Driver/sensor_gps.o
                0x0000000020103172                SENSOR_GPS_UART_IRQHandler
 .text.Delay_Init
                0x000000002010322e       0x26 ./Debug/debug.o
                0x000000002010322e                Delay_Init
 .text.Delay_Us
                0x0000000020103254       0x3a ./Debug/debug.o
                0x0000000020103254                Delay_Us
 .text.Delay_Ms
                0x000000002010328e       0x3a ./Debug/debug.o
                0x000000002010328e                Delay_Ms
 .text.USART_Printf_Init
                0x00000000201032c8       0x7c ./Debug/debug.o
                0x00000000201032c8                USART_Printf_Init
 .text._write   0x0000000020103344       0x44 ./Debug/debug.o
                0x0000000020103344                _write
 .text._sbrk    0x0000000020103388       0x2a ./Debug/debug.o
                0x0000000020103388                _sbrk
 .text.abs_i32  0x00000000201033b2        0xa ./Common/hardware.o
 .text.gps_fix_type_text
                0x00000000201033bc       0x2a ./Common/hardware.o
 .text.format_deg_e7
                0x00000000201033e6       0x42 ./Common/hardware.o
 .text.oled_show_gps_page
                0x0000000020103428      0x1a6 ./Common/hardware.o
 .text.Hardware
                0x00000000201035ce      0x26a ./Common/hardware.o
                0x00000000201035ce                Hardware
 .text.ipc_comm_init
                0x0000000020103838       0x56 ./Common/ipc_comm.o
                0x0000000020103838                ipc_comm_init
 .text.ipc_v3f_send_sensor_frame
                0x000000002010388e      0x232 ./Common/ipc_comm.o
                0x000000002010388e                ipc_v3f_send_sensor_frame
 .text.ipc_v3f_recv_control
                0x0000000020103ac0       0x52 ./Common/ipc_comm.o
                0x0000000020103ac0                ipc_v3f_recv_control
 .text.__divdi3
                0x0000000020103b12      0x3da d:/mounriver/mounriver_studio2/resources/app/resources/win32/components/wch/toolchain/risc-v embedded gcc12/bin/../lib/gcc/riscv-wch-elf/12.2.0/rv32imac_zba_zbb_zbc_zbs_xw/ilp32\libgcc.a(_divdi3.o)
                0x0000000020103b12                __divdi3
 .text.__udivdi3
                0x0000000020103eec      0x39a d:/mounriver/mounriver_studio2/resources/app/resources/win32/components/wch/toolchain/risc-v embedded gcc12/bin/../lib/gcc/riscv-wch-elf/12.2.0/rv32imac_zba_zbb_zbc_zbs_xw/ilp32\libgcc.a(_udivdi3.o)
                0x0000000020103eec                __udivdi3
 .text.printf   0x0000000020104286       0x3a d:/mounriver/mounriver_studio2/resources/app/resources/win32/components/wch/toolchain/risc-v embedded gcc12/bin/../lib/gcc/riscv-wch-elf/12.2.0/../../../../riscv-wch-elf/lib/rv32imac_zba_zbb_zbc_zbs_xw/ilp32\libg_nano.a(lib_a-printf.o)
                0x0000000020104286                iprintf
                0x0000000020104286                printf
 .text._puts_r  0x00000000201042c0      0x106 d:/mounriver/mounriver_studio2/resources/app/resources/win32/components/wch/toolchain/risc-v embedded gcc12/bin/../lib/gcc/riscv-wch-elf/12.2.0/../../../../riscv-wch-elf/lib/rv32imac_zba_zbb_zbc_zbs_xw/ilp32\libg_nano.a(lib_a-puts.o)
                0x00000000201042c0                _puts_r
 .text.puts     0x00000000201043c6        0xa d:/mounriver/mounriver_studio2/resources/app/resources/win32/components/wch/toolchain/risc-v embedded gcc12/bin/../lib/gcc/riscv-wch-elf/12.2.0/../../../../riscv-wch-elf/lib/rv32imac_zba_zbb_zbc_zbs_xw/ilp32\libg_nano.a(lib_a-puts.o)
                0x00000000201043c6                puts
 .text.snprintf
                0x00000000201043d0       0x6e d:/mounriver/mounriver_studio2/resources/app/resources/win32/components/wch/toolchain/risc-v embedded gcc12/bin/../lib/gcc/riscv-wch-elf/12.2.0/../../../../riscv-wch-elf/lib/rv32imac_zba_zbb_zbc_zbs_xw/ilp32\libg_nano.a(lib_a-snprintf.o)
                0x00000000201043d0                sniprintf
                0x00000000201043d0                snprintf
 .text.strlen   0x000000002010443e       0x10 d:/mounriver/mounriver_studio2/resources/app/resources/win32/components/wch/toolchain/risc-v embedded gcc12/bin/../lib/gcc/riscv-wch-elf/12.2.0/../../../../riscv-wch-elf/lib/rv32imac_zba_zbb_zbc_zbs_xw/ilp32\libg_nano.a(lib_a-strlen.o)
                0x000000002010443e                strlen
 .text.__swbuf_r
                0x000000002010444e       0xbc d:/mounriver/mounriver_studio2/resources/app/resources/win32/components/wch/toolchain/risc-v embedded gcc12/bin/../lib/gcc/riscv-wch-elf/12.2.0/../../../../riscv-wch-elf/lib/rv32imac_zba_zbb_zbc_zbs_xw/ilp32\libg_nano.a(lib_a-wbuf.o)
                0x000000002010444e                __swbuf_r
 .text.__swsetup_r
                0x000000002010450a       0xee d:/mounriver/mounriver_studio2/resources/app/resources/win32/components/wch/toolchain/risc-v embedded gcc12/bin/../lib/gcc/riscv-wch-elf/12.2.0/../../../../riscv-wch-elf/lib/rv32imac_zba_zbb_zbc_zbs_xw/ilp32\libg_nano.a(lib_a-wsetup.o)
                0x000000002010450a                __swsetup_r
 .text.__sflush_r
                0x00000000201045f8      0x132 d:/mounriver/mounriver_studio2/resources/app/resources/win32/components/wch/toolchain/risc-v embedded gcc12/bin/../lib/gcc/riscv-wch-elf/12.2.0/../../../../riscv-wch-elf/lib/rv32imac_zba_zbb_zbc_zbs_xw/ilp32\libg_nano.a(lib_a-fflush.o)
                0x00000000201045f8                __sflush_r
 .text._fflush_r
                0x000000002010472a       0x88 d:/mounriver/mounriver_studio2/resources/app/resources/win32/components/wch/toolchain/risc-v embedded gcc12/bin/../lib/gcc/riscv-wch-elf/12.2.0/../../../../riscv-wch-elf/lib/rv32imac_zba_zbb_zbc_zbs_xw/ilp32\libg_nano.a(lib_a-fflush.o)
                0x000000002010472a                _fflush_r
 .text.std      0x00000000201047b2       0x66 d:/mounriver/mounriver_studio2/resources/app/resources/win32/components/wch/toolchain/risc-v embedded gcc12/bin/../lib/gcc/riscv-wch-elf/12.2.0/../../../../riscv-wch-elf/lib/rv32imac_zba_zbb_zbc_zbs_xw/ilp32\libg_nano.a(lib_a-findfp.o)
 .text._cleanup_r
                0x0000000020104818        0xa d:/mounriver/mounriver_studio2/resources/app/resources/win32/components/wch/toolchain/risc-v embedded gcc12/bin/../lib/gcc/riscv-wch-elf/12.2.0/../../../../riscv-wch-elf/lib/rv32imac_zba_zbb_zbc_zbs_xw/ilp32\libg_nano.a(lib_a-findfp.o)
                0x0000000020104818                _cleanup_r
 .text.__sfmoreglue
                0x0000000020104822       0x46 d:/mounriver/mounriver_studio2/resources/app/resources/win32/components/wch/toolchain/risc-v embedded gcc12/bin/../lib/gcc/riscv-wch-elf/12.2.0/../../../../riscv-wch-elf/lib/rv32imac_zba_zbb_zbc_zbs_xw/ilp32\libg_nano.a(lib_a-findfp.o)
                0x0000000020104822                __sfmoreglue
 .text.__sfp_lock_acquire
                0x0000000020104868        0x6 d:/mounriver/mounriver_studio2/resources/app/resources/win32/components/wch/toolchain/risc-v embedded gcc12/bin/../lib/gcc/riscv-wch-elf/12.2.0/../../../../riscv-wch-elf/lib/rv32imac_zba_zbb_zbc_zbs_xw/ilp32\libg_nano.a(lib_a-findfp.o)
                0x0000000020104868                __sfp_lock_acquire
 .text.__sfp_lock_release
                0x000000002010486e        0x6 d:/mounriver/mounriver_studio2/resources/app/resources/win32/components/wch/toolchain/risc-v embedded gcc12/bin/../lib/gcc/riscv-wch-elf/12.2.0/../../../../riscv-wch-elf/lib/rv32imac_zba_zbb_zbc_zbs_xw/ilp32\libg_nano.a(lib_a-findfp.o)
                0x000000002010486e                __sfp_lock_release
 .text.__sinit_lock_acquire
                0x0000000020104874        0x6 d:/mounriver/mounriver_studio2/resources/app/resources/win32/components/wch/toolchain/risc-v embedded gcc12/bin/../lib/gcc/riscv-wch-elf/12.2.0/../../../../riscv-wch-elf/lib/rv32imac_zba_zbb_zbc_zbs_xw/ilp32\libg_nano.a(lib_a-findfp.o)
                0x0000000020104874                __sinit_lock_acquire
 .text.__sinit_lock_release
                0x000000002010487a        0x6 d:/mounriver/mounriver_studio2/resources/app/resources/win32/components/wch/toolchain/risc-v embedded gcc12/bin/../lib/gcc/riscv-wch-elf/12.2.0/../../../../riscv-wch-elf/lib/rv32imac_zba_zbb_zbc_zbs_xw/ilp32\libg_nano.a(lib_a-findfp.o)
                0x000000002010487a                __sinit_lock_release
 .text.__sinit  0x0000000020104880       0x72 d:/mounriver/mounriver_studio2/resources/app/resources/win32/components/wch/toolchain/risc-v embedded gcc12/bin/../lib/gcc/riscv-wch-elf/12.2.0/../../../../riscv-wch-elf/lib/rv32imac_zba_zbb_zbc_zbs_xw/ilp32\libg_nano.a(lib_a-findfp.o)
                0x0000000020104880                __sinit
 .text.__sfp    0x00000000201048f2       0xb0 d:/mounriver/mounriver_studio2/resources/app/resources/win32/components/wch/toolchain/risc-v embedded gcc12/bin/../lib/gcc/riscv-wch-elf/12.2.0/../../../../riscv-wch-elf/lib/rv32imac_zba_zbb_zbc_zbs_xw/ilp32\libg_nano.a(lib_a-findfp.o)
                0x00000000201048f2                __sfp
 .text._fwalk_reent
                0x00000000201049a2       0x68 d:/mounriver/mounriver_studio2/resources/app/resources/win32/components/wch/toolchain/risc-v embedded gcc12/bin/../lib/gcc/riscv-wch-elf/12.2.0/../../../../riscv-wch-elf/lib/rv32imac_zba_zbb_zbc_zbs_xw/ilp32\libg_nano.a(lib_a-fwalk.o)
                0x00000000201049a2                _fwalk_reent
 .text.__retarget_lock_init_recursive
                0x0000000020104a0a        0x2 d:/mounriver/mounriver_studio2/resources/app/resources/win32/components/wch/toolchain/risc-v embedded gcc12/bin/../lib/gcc/riscv-wch-elf/12.2.0/../../../../riscv-wch-elf/lib/rv32imac_zba_zbb_zbc_zbs_xw/ilp32\libg_nano.a(lib_a-lock.o)
                0x0000000020104a0a                __retarget_lock_init_recursive
 .text.__retarget_lock_acquire_recursive
                0x0000000020104a0c        0x2 d:/mounriver/mounriver_studio2/resources/app/resources/win32/components/wch/toolchain/risc-v embedded gcc12/bin/../lib/gcc/riscv-wch-elf/12.2.0/../../../../riscv-wch-elf/lib/rv32imac_zba_zbb_zbc_zbs_xw/ilp32\libg_nano.a(lib_a-lock.o)
                0x0000000020104a0c                __retarget_lock_acquire_recursive
 .text.__retarget_lock_release_recursive
                0x0000000020104a0e        0x2 d:/mounriver/mounriver_studio2/resources/app/resources/win32/components/wch/toolchain/risc-v embedded gcc12/bin/../lib/gcc/riscv-wch-elf/12.2.0/../../../../riscv-wch-elf/lib/rv32imac_zba_zbb_zbc_zbs_xw/ilp32\libg_nano.a(lib_a-lock.o)
                0x0000000020104a0e                __retarget_lock_release_recursive
 .text.__swhatbuf_r
                0x0000000020104a10       0x5a d:/mounriver/mounriver_studio2/resources/app/resources/win32/components/wch/toolchain/risc-v embedded gcc12/bin/../lib/gcc/riscv-wch-elf/12.2.0/../../../../riscv-wch-elf/lib/rv32imac_zba_zbb_zbc_zbs_xw/ilp32\libg_nano.a(lib_a-makebuf.o)
                0x0000000020104a10                __swhatbuf_r
 .text.__smakebuf_r
                0x0000000020104a6a       0x96 d:/mounriver/mounriver_studio2/resources/app/resources/win32/components/wch/toolchain/risc-v embedded gcc12/bin/../lib/gcc/riscv-wch-elf/12.2.0/../../../../riscv-wch-elf/lib/rv32imac_zba_zbb_zbc_zbs_xw/ilp32\libg_nano.a(lib_a-makebuf.o)
                0x0000000020104a6a                __smakebuf_r
 .text._free_r  0x0000000020104b00       0xa2 d:/mounriver/mounriver_studio2/resources/app/resources/win32/components/wch/toolchain/risc-v embedded gcc12/bin/../lib/gcc/riscv-wch-elf/12.2.0/../../../../riscv-wch-elf/lib/rv32imac_zba_zbb_zbc_zbs_xw/ilp32\libg_nano.a(lib_a-nano-freer.o)
                0x0000000020104b00                _free_r
 .text.sbrk_aligned
                0x0000000020104ba2       0x5a d:/mounriver/mounriver_studio2/resources/app/resources/win32/components/wch/toolchain/risc-v embedded gcc12/bin/../lib/gcc/riscv-wch-elf/12.2.0/../../../../riscv-wch-elf/lib/rv32imac_zba_zbb_zbc_zbs_xw/ilp32\libg_nano.a(lib_a-nano-mallocr.o)
 .text._malloc_r
                0x0000000020104bfc      0x10e d:/mounriver/mounriver_studio2/resources/app/resources/win32/components/wch/toolchain/risc-v embedded gcc12/bin/../lib/gcc/riscv-wch-elf/12.2.0/../../../../riscv-wch-elf/lib/rv32imac_zba_zbb_zbc_zbs_xw/ilp32\libg_nano.a(lib_a-nano-mallocr.o)
                0x0000000020104bfc                _malloc_r
 .text.__ssputs_r
                0x0000000020104d0a       0xde d:/mounriver/mounriver_studio2/resources/app/resources/win32/components/wch/toolchain/risc-v embedded gcc12/bin/../lib/gcc/riscv-wch-elf/12.2.0/../../../../riscv-wch-elf/lib/rv32imac_zba_zbb_zbc_zbs_xw/ilp32\libg_nano.a(lib_a-nano-svfprintf.o)
                0x0000000020104d0a                __ssputs_r
 .text._svfprintf_r
                0x0000000020104de8      0x258 d:/mounriver/mounriver_studio2/resources/app/resources/win32/components/wch/toolchain/risc-v embedded gcc12/bin/../lib/gcc/riscv-wch-elf/12.2.0/../../../../riscv-wch-elf/lib/rv32imac_zba_zbb_zbc_zbs_xw/ilp32\libg_nano.a(lib_a-nano-svfprintf.o)
                0x0000000020104de8                _svfiprintf_r
                0x0000000020104de8                _svfprintf_r
 .text._printf_common
                0x0000000020105040      0x10a d:/mounriver/mounriver_studio2/resources/app/resources/win32/components/wch/toolchain/risc-v embedded gcc12/bin/../lib/gcc/riscv-wch-elf/12.2.0/../../../../riscv-wch-elf/lib/rv32imac_zba_zbb_zbc_zbs_xw/ilp32\libg_nano.a(lib_a-nano-vfprintf_i.o)
                0x0000000020105040                _printf_common
 .text._printf_i
                0x000000002010514a      0x27a d:/mounriver/mounriver_studio2/resources/app/resources/win32/components/wch/toolchain/risc-v embedded gcc12/bin/../lib/gcc/riscv-wch-elf/12.2.0/../../../../riscv-wch-elf/lib/rv32imac_zba_zbb_zbc_zbs_xw/ilp32\libg_nano.a(lib_a-nano-vfprintf_i.o)
                0x000000002010514a                _printf_i
 .text.__sfputc_r
                0x00000000201053c4       0x28 d:/mounriver/mounriver_studio2/resources/app/resources/win32/components/wch/toolchain/risc-v embedded gcc12/bin/../lib/gcc/riscv-wch-elf/12.2.0/../../../../riscv-wch-elf/lib/rv32imac_zba_zbb_zbc_zbs_xw/ilp32\libg_nano.a(lib_a-nano-vfprintf.o)
 .text.__sfputs_r
                0x00000000201053ec       0x42 d:/mounriver/mounriver_studio2/resources/app/resources/win32/components/wch/toolchain/risc-v embedded gcc12/bin/../lib/gcc/riscv-wch-elf/12.2.0/../../../../riscv-wch-elf/lib/rv32imac_zba_zbb_zbc_zbs_xw/ilp32\libg_nano.a(lib_a-nano-vfprintf.o)
                0x00000000201053ec                __sfputs_r
 .text._vfprintf_r
                0x000000002010542e      0x2ba d:/mounriver/mounriver_studio2/resources/app/resources/win32/components/wch/toolchain/risc-v embedded gcc12/bin/../lib/gcc/riscv-wch-elf/12.2.0/../../../../riscv-wch-elf/lib/rv32imac_zba_zbb_zbc_zbs_xw/ilp32\libg_nano.a(lib_a-nano-vfprintf.o)
                0x000000002010542e                _vfprintf_r
                0x000000002010542e                _vfiprintf_r
 .text._sbrk_r  0x00000000201056e8       0x28 d:/mounriver/mounriver_studio2/resources/app/resources/win32/components/wch/toolchain/risc-v embedded gcc12/bin/../lib/gcc/riscv-wch-elf/12.2.0/../../../../riscv-wch-elf/lib/rv32imac_zba_zbb_zbc_zbs_xw/ilp32\libg_nano.a(lib_a-sbrkr.o)
                0x00000000201056e8                _sbrk_r
 .text.__sread  0x0000000020105710       0x2a d:/mounriver/mounriver_studio2/resources/app/resources/win32/components/wch/toolchain/risc-v embedded gcc12/bin/../lib/gcc/riscv-wch-elf/12.2.0/../../../../riscv-wch-elf/lib/rv32imac_zba_zbb_zbc_zbs_xw/ilp32\libg_nano.a(lib_a-stdio.o)
                0x0000000020105710                __sread
 .text.__swrite
                0x000000002010573a       0x46 d:/mounriver/mounriver_studio2/resources/app/resources/win32/components/wch/toolchain/risc-v embedded gcc12/bin/../lib/gcc/riscv-wch-elf/12.2.0/../../../../riscv-wch-elf/lib/rv32imac_zba_zbb_zbc_zbs_xw/ilp32\libg_nano.a(lib_a-stdio.o)
                0x000000002010573a                __swrite
 .text.__sseek  0x0000000020105780       0x2e d:/mounriver/mounriver_studio2/resources/app/resources/win32/components/wch/toolchain/risc-v embedded gcc12/bin/../lib/gcc/riscv-wch-elf/12.2.0/../../../../riscv-wch-elf/lib/rv32imac_zba_zbb_zbc_zbs_xw/ilp32\libg_nano.a(lib_a-stdio.o)
                0x0000000020105780                __sseek
 .text.__sclose
                0x00000000201057ae        0x6 d:/mounriver/mounriver_studio2/resources/app/resources/win32/components/wch/toolchain/risc-v embedded gcc12/bin/../lib/gcc/riscv-wch-elf/12.2.0/../../../../riscv-wch-elf/lib/rv32imac_zba_zbb_zbc_zbs_xw/ilp32\libg_nano.a(lib_a-stdio.o)
                0x00000000201057ae                __sclose
 .text._write_r
                0x00000000201057b4       0x2c d:/mounriver/mounriver_studio2/resources/app/resources/win32/components/wch/toolchain/risc-v embedded gcc12/bin/../lib/gcc/riscv-wch-elf/12.2.0/../../../../riscv-wch-elf/lib/rv32imac_zba_zbb_zbc_zbs_xw/ilp32\libg_nano.a(lib_a-writer.o)
                0x00000000201057b4                _write_r
 .text._close_r
                0x00000000201057e0       0x26 d:/mounriver/mounriver_studio2/resources/app/resources/win32/components/wch/toolchain/risc-v embedded gcc12/bin/../lib/gcc/riscv-wch-elf/12.2.0/../../../../riscv-wch-elf/lib/rv32imac_zba_zbb_zbc_zbs_xw/ilp32\libg_nano.a(lib_a-closer.o)
                0x00000000201057e0                _close_r
 .text._fstat_r
                0x0000000020105806       0x28 d:/mounriver/mounriver_studio2/resources/app/resources/win32/components/wch/toolchain/risc-v embedded gcc12/bin/../lib/gcc/riscv-wch-elf/12.2.0/../../../../riscv-wch-elf/lib/rv32imac_zba_zbb_zbc_zbs_xw/ilp32\libg_nano.a(lib_a-fstatr.o)
                0x0000000020105806                _fstat_r
 .text._isatty_r
                0x000000002010582e       0x26 d:/mounriver/mounriver_studio2/resources/app/resources/win32/components/wch/toolchain/risc-v embedded gcc12/bin/../lib/gcc/riscv-wch-elf/12.2.0/../../../../riscv-wch-elf/lib/rv32imac_zba_zbb_zbc_zbs_xw/ilp32\libg_nano.a(lib_a-isattyr.o)
                0x000000002010582e                _isatty_r
 .text._lseek_r
                0x0000000020105854       0x2a d:/mounriver/mounriver_studio2/resources/app/resources/win32/components/wch/toolchain/risc-v embedded gcc12/bin/../lib/gcc/riscv-wch-elf/12.2.0/../../../../riscv-wch-elf/lib/rv32imac_zba_zbb_zbc_zbs_xw/ilp32\libg_nano.a(lib_a-lseekr.o)
                0x0000000020105854                _lseek_r
 .text.memchr   0x000000002010587e       0x18 d:/mounriver/mounriver_studio2/resources/app/resources/win32/components/wch/toolchain/risc-v embedded gcc12/bin/../lib/gcc/riscv-wch-elf/12.2.0/../../../../riscv-wch-elf/lib/rv32imac_zba_zbb_zbc_zbs_xw/ilp32\libg_nano.a(lib_a-memchr.o)
                0x000000002010587e                memchr
 .text.__malloc_lock
                0x0000000020105896        0x8 d:/mounriver/mounriver_studio2/resources/app/resources/win32/components/wch/toolchain/risc-v embedded gcc12/bin/../lib/gcc/riscv-wch-elf/12.2.0/../../../../riscv-wch-elf/lib/rv32imac_zba_zbb_zbc_zbs_xw/ilp32\libg_nano.a(lib_a-mlock.o)
                0x0000000020105896                __malloc_lock
 .text.__malloc_unlock
                0x000000002010589e        0x8 d:/mounriver/mounriver_studio2/resources/app/resources/win32/components/wch/toolchain/risc-v embedded gcc12/bin/../lib/gcc/riscv-wch-elf/12.2.0/../../../../riscv-wch-elf/lib/rv32imac_zba_zbb_zbc_zbs_xw/ilp32\libg_nano.a(lib_a-mlock.o)
                0x000000002010589e                __malloc_unlock
 .text._realloc_r
                0x00000000201058a6       0x76 d:/mounriver/mounriver_studio2/resources/app/resources/win32/components/wch/toolchain/risc-v embedded gcc12/bin/../lib/gcc/riscv-wch-elf/12.2.0/../../../../riscv-wch-elf/lib/rv32imac_zba_zbb_zbc_zbs_xw/ilp32\libg_nano.a(lib_a-nano-reallocr.o)
                0x00000000201058a6                _realloc_r
 .text._read_r  0x000000002010591c       0x2a d:/mounriver/mounriver_studio2/resources/app/resources/win32/components/wch/toolchain/risc-v embedded gcc12/bin/../lib/gcc/riscv-wch-elf/12.2.0/../../../../riscv-wch-elf/lib/rv32imac_zba_zbb_zbc_zbs_xw/ilp32\libg_nano.a(lib_a-readr.o)
                0x000000002010591c                _read_r
 .text._malloc_usable_size_r
                0x0000000020105946       0x14 d:/mounriver/mounriver_studio2/resources/app/resources/win32/components/wch/toolchain/risc-v embedded gcc12/bin/../lib/gcc/riscv-wch-elf/12.2.0/../../../../riscv-wch-elf/lib/rv32imac_zba_zbb_zbc_zbs_xw/ilp32\libg_nano.a(lib_a-nano-msizer.o)
                0x0000000020105946                _malloc_usable_size_r
 .text._close   0x000000002010595a        0xc d:/mounriver/mounriver_studio2/resources/app/resources/win32/components/wch/toolchain/risc-v embedded gcc12/bin/../lib/gcc/riscv-wch-elf/12.2.0/../../../../riscv-wch-elf/lib/rv32imac_zba_zbb_zbc_zbs_xw/ilp32\libnosys.a(close.o)
                0x000000002010595a                _close
 .text._fstat   0x0000000020105966        0xc d:/mounriver/mounriver_studio2/resources/app/resources/win32/components/wch/toolchain/risc-v embedded gcc12/bin/../lib/gcc/riscv-wch-elf/12.2.0/../../../../riscv-wch-elf/lib/rv32imac_zba_zbb_zbc_zbs_xw/ilp32\libnosys.a(fstat.o)
                0x0000000020105966                _fstat
 .text._isatty  0x0000000020105972        0xc d:/mounriver/mounriver_studio2/resources/app/resources/win32/components/wch/toolchain/risc-v embedded gcc12/bin/../lib/gcc/riscv-wch-elf/12.2.0/../../../../riscv-wch-elf/lib/rv32imac_zba_zbb_zbc_zbs_xw/ilp32\libnosys.a(isatty.o)
                0x0000000020105972                _isatty
 .text._lseek   0x000000002010597e        0xc d:/mounriver/mounriver_studio2/resources/app/resources/win32/components/wch/toolchain/risc-v embedded gcc12/bin/../lib/gcc/riscv-wch-elf/12.2.0/../../../../riscv-wch-elf/lib/rv32imac_zba_zbb_zbc_zbs_xw/ilp32\libnosys.a(lseek.o)
                0x000000002010597e                _lseek
 .text._read    0x000000002010598a        0xc d:/mounriver/mounriver_studio2/resources/app/resources/win32/components/wch/toolchain/risc-v embedded gcc12/bin/../lib/gcc/riscv-wch-elf/12.2.0/../../../../riscv-wch-elf/lib/rv32imac_zba_zbb_zbc_zbs_xw/ilp32\libnosys.a(read.o)
                0x000000002010598a                _read
 *(.rodata)
 *(.rodata*)
 *fill*         0x0000000020105996        0x2 
 .rodata.main.str1.4
                0x0000000020105998       0x27 ./User/main.o
 *fill*         0x00000000201059bf        0x1 
 .rodata.atk_ms901m_get_frame_by_id
                0x00000000201059c0       0x44 ./Driver/atk_ms901m.o
 .rodata.atk_ms901m_init.str1.4
                0x0000000020105a04       0xea ./Driver/atk_ms901m.o
 *fill*         0x0000000020105aee        0x2 
 .rodata.g_font_6x8
                0x0000000020105af0      0x23a ./Driver/oled_ssd1306.o
 *fill*         0x0000000020105d2a        0x2 
 .rodata.sensor_flow_init.str1.4
                0x0000000020105d2c       0xa1 ./Driver/sensor_flow.o
 *fill*         0x0000000020105dcd        0x3 
 .rodata.parse_nmea_line.str1.4
                0x0000000020105dd0       0x18 ./Driver/sensor_gps.o
 .rodata.gps_fix_type_text.str1.4
                0x0000000020105de8        0xb ./Common/hardware.o
 *fill*         0x0000000020105df3        0x1 
 .rodata.format_deg_e7.str1.4
                0x0000000020105df4        0xc ./Common/hardware.o
 .rodata.oled_show_gps_page.str1.4
                0x0000000020105e00       0x90 ./Common/hardware.o
 .rodata.Hardware.str1.4
                0x0000000020105e90      0x1d0 ./Common/hardware.o
 .rodata.ipc_comm_init.str1.4
                0x0000000020106060       0x17 ./Common/ipc_comm.o
 *fill*         0x0000000020106077        0x1 
 .rodata.ipc_v3f_send_sensor_frame
                0x0000000020106078       0x24 ./Common/ipc_comm.o
 .rodata.__clz_tab
                0x000000002010609c      0x100 d:/mounriver/mounriver_studio2/resources/app/resources/win32/components/wch/toolchain/risc-v embedded gcc12/bin/../lib/gcc/riscv-wch-elf/12.2.0/rv32imac_zba_zbb_zbc_zbs_xw/ilp32\libgcc.a(_clz.o)
                0x000000002010609c                __clz_tab
 .rodata.__sf_fake_stderr
                0x000000002010619c       0x20 d:/mounriver/mounriver_studio2/resources/app/resources/win32/components/wch/toolchain/risc-v embedded gcc12/bin/../lib/gcc/riscv-wch-elf/12.2.0/../../../../riscv-wch-elf/lib/rv32imac_zba_zbb_zbc_zbs_xw/ilp32\libg_nano.a(lib_a-findfp.o)
                0x000000002010619c                __sf_fake_stderr
 .rodata.__sf_fake_stdout
                0x00000000201061bc       0x20 d:/mounriver/mounriver_studio2/resources/app/resources/win32/components/wch/toolchain/risc-v embedded gcc12/bin/../lib/gcc/riscv-wch-elf/12.2.0/../../../../riscv-wch-elf/lib/rv32imac_zba_zbb_zbc_zbs_xw/ilp32\libg_nano.a(lib_a-findfp.o)
                0x00000000201061bc                __sf_fake_stdout
 .rodata.__sf_fake_stdin
                0x00000000201061dc       0x20 d:/mounriver/mounriver_studio2/resources/app/resources/win32/components/wch/toolchain/risc-v embedded gcc12/bin/../lib/gcc/riscv-wch-elf/12.2.0/../../../../riscv-wch-elf/lib/rv32imac_zba_zbb_zbc_zbs_xw/ilp32\libg_nano.a(lib_a-findfp.o)
                0x00000000201061dc                __sf_fake_stdin
 .rodata._svfprintf_r.str1.4
                0x00000000201061fc       0x13 d:/mounriver/mounriver_studio2/resources/app/resources/win32/components/wch/toolchain/risc-v embedded gcc12/bin/../lib/gcc/riscv-wch-elf/12.2.0/../../../../riscv-wch-elf/lib/rv32imac_zba_zbb_zbc_zbs_xw/ilp32\libg_nano.a(lib_a-nano-svfprintf.o)
 *fill*         0x000000002010620f        0x1 
 .rodata._printf_i.str1.4
                0x0000000020106210       0x25 d:/mounriver/mounriver_studio2/resources/app/resources/win32/components/wch/toolchain/risc-v embedded gcc12/bin/../lib/gcc/riscv-wch-elf/12.2.0/../../../../riscv-wch-elf/lib/rv32imac_zba_zbb_zbc_zbs_xw/ilp32\libg_nano.a(lib_a-nano-vfprintf_i.o)
 *fill*         0x0000000020106235        0x3 
 .rodata._printf_i
                0x0000000020106238       0x58 d:/mounriver/mounriver_studio2/resources/app/resources/win32/components/wch/toolchain/risc-v embedded gcc12/bin/../lib/gcc/riscv-wch-elf/12.2.0/../../../../riscv-wch-elf/lib/rv32imac_zba_zbb_zbc_zbs_xw/ilp32\libg_nano.a(lib_a-nano-vfprintf_i.o)
 .rodata._vfprintf_r.str1.4
                0x0000000020106290       0x13 d:/mounriver/mounriver_studio2/resources/app/resources/win32/components/wch/toolchain/risc-v embedded gcc12/bin/../lib/gcc/riscv-wch-elf/12.2.0/../../../../riscv-wch-elf/lib/rv32imac_zba_zbb_zbc_zbs_xw/ilp32\libg_nano.a(lib_a-nano-vfprintf.o)
 *(.sdata2.*)
 *(.glue_7)
 *(.glue_7t)
 *(.gnu.linkonce.t.*)
                0x00000000201062a4                . = ALIGN (0x4)
                0x0000000020106290                PROVIDE (_highcode_vma_end = .)

.text           0x000000000000637c       0x84
                0x000000000000637c                . = ALIGN (0x4)
 *(SORT_NONE(.handle_reset))
 .handle_reset  0x000000000000637c       0x82 ./Startup/startup_ch32h417_v3f.o
                0x000000000000637c                handle_reset
                0x0000000000006400                . = ALIGN (0x4)
 *fill*         0x00000000000063fe        0x2 

.rela.dyn       0x0000000000006400        0x0
 .rela.init     0x0000000000006400        0x0 ./User/ch32h417_it.o
 .rela.vector   0x0000000000006400        0x0 ./User/ch32h417_it.o
 .rela.load     0x0000000000006400        0x0 ./User/ch32h417_it.o
 .rela.handle_reset
                0x0000000000006400        0x0 ./User/ch32h417_it.o
 .rela.text._sbrk
                0x0000000000006400        0x0 ./User/ch32h417_it.o
 .rela.sdata.curbrk.0
                0x0000000000006400        0x0 ./User/ch32h417_it.o
 .rela.text._svfprintf_r
                0x0000000000006400        0x0 ./User/ch32h417_it.o
 .rela.text._vfprintf_r
                0x0000000000006400        0x0 ./User/ch32h417_it.o

.highcodelalign1
                0x0000000000006400        0x0
                0x0000000000006400                . = ALIGN (0x4)
                0x0000000000006400                PROVIDE (_highcode_lma1 = .)

.fini           0x0000000020106290        0x0 load address 0x0000000000006400
                0x0000000020106290                . = ALIGN (0x4)
                0x0000000020106290                PROVIDE (_highcode_vma_start1 = .)
 *(SORT_NONE(.fini))
                0x0000000020106290                . = ALIGN (0x4)
                [!provide]                        PROVIDE (_etext = .)
                [!provide]                        PROVIDE (_eitcm = .)

.preinit_array  0x0000000020106290        0x0 load address 0x0000000000006400
                [!provide]                        PROVIDE (__preinit_array_start = .)
 *(.preinit_array)
                [!provide]                        PROVIDE (__preinit_array_end = .)

.init_array     0x0000000020106290        0x0 load address 0x0000000000006400
                [!provide]                        PROVIDE (__init_array_start = .)
 *(SORT_BY_INIT_PRIORITY(.init_array.*) SORT_BY_INIT_PRIORITY(.ctors.*))
 *(.init_array EXCLUDE_FILE(*crtend?.o *crtend.o *crtbegin?.o *crtbegin.o) .ctors)
                [!provide]                        PROVIDE (__init_array_end = .)

.fini_array     0x0000000020106290        0x0 load address 0x0000000000006400
                [!provide]                        PROVIDE (__fini_array_start = .)
 *(SORT_BY_INIT_PRIORITY(.fini_array.*) SORT_BY_INIT_PRIORITY(.dtors.*))
 *(.fini_array EXCLUDE_FILE(*crtend?.o *crtend.o *crtbegin?.o *crtbegin.o) .dtors)
                [!provide]                        PROVIDE (__fini_array_end = .)

.ctors
 *crtbegin.o(.ctors)
 *crtbegin?.o(.ctors)
 *(EXCLUDE_FILE(*crtend?.o *crtend.o) .ctors)
 *(SORT_BY_NAME(.ctors.*))
 *(.ctors)

.dtors          0x0000000020106290        0x0 load address 0x0000000000006400
 *crtbegin.o(.dtors)
 *crtbegin?.o(.dtors)
 *(EXCLUDE_FILE(*crtend?.o *crtend.o) .dtors)
 *(SORT_BY_NAME(.dtors.*))
 *(.dtors)
                0x0000000020106290                . = ALIGN (0x4)
                0x0000000020106290                PROVIDE (_highcode_vma_end1 = .)

.dalign         0x0000000020110100        0x0 load address 0x0000000000006400
                0x0000000020110100                . = ALIGN (0x4)
                0x0000000020110100                PROVIDE (_data_vma = .)

.dlalign        0x0000000000006400        0x0
                0x0000000000006400                . = ALIGN (0x4)
                0x0000000000006400                PROVIDE (_data_lma = .)

.data           0x0000000020110100      0x120 load address 0x0000000000006400
                0x0000000020110100                . = ALIGN (0x4)
 *(.gnu.linkonce.r.*)
 *(.data .data.*)
 .data.SERDESPLLMULTB
                0x0000000020110100       0x10 ./User/system_ch32h417.o
 .data.HBPrescTB
                0x0000000020110110       0x10 ./User/system_ch32h417.o
 .data.PLLMULTB
                0x0000000020110120       0x20 ./User/system_ch32h417.o
 .data.SERDESPLLMULTable
                0x0000000020110140       0x10 ./Peripheral/src/ch32h417_rcc.o
 .data.HBPrescTable
                0x0000000020110150       0x10 ./Peripheral/src/ch32h417_rcc.o
 .data.PLLMULTable
                0x0000000020110160       0x20 ./Peripheral/src/ch32h417_rcc.o
 .data.impure_data
                0x0000000020110180       0x60 d:/mounriver/mounriver_studio2/resources/app/resources/win32/components/wch/toolchain/risc-v embedded gcc12/bin/../lib/gcc/riscv-wch-elf/12.2.0/../../../../riscv-wch-elf/lib/rv32imac_zba_zbb_zbc_zbs_xw/ilp32\libg_nano.a(lib_a-impure.o)
 *(.gnu.linkonce.d.*)
                0x00000000201101e0                . = ALIGN (0x8)
                0x00000000201109e0                PROVIDE (__global_pointer$ = (. + 0x800))
 *(.sdata .sdata.*)
 .sdata.FPRETB  0x00000000201101e0        0x4 ./User/system_ch32h417.o
 .sdata.SystemCoreClock
                0x00000000201101e4        0x4 ./User/system_ch32h417.o
                0x00000000201101e4                SystemCoreClock
 .sdata.SystemClock
                0x00000000201101e8        0x4 ./User/system_ch32h417.o
                0x00000000201101e8                SystemClock
 .sdata.ADCPRETable
                0x00000000201101ec        0x4 ./Peripheral/src/ch32h417_rcc.o
 .sdata.PPRE2Table
                0x00000000201101f0        0x8 ./Peripheral/src/ch32h417_rcc.o
 .sdata.FPRETable
                0x00000000201101f8        0x4 ./Peripheral/src/ch32h417_rcc.o
 .sdata.g_accel_fsr_idx
                0x00000000201101fc        0x1 ./Driver/atk_ms901m.o
 .sdata.g_gyro_fsr_idx
                0x00000000201101fd        0x1 ./Driver/atk_ms901m.o
 *fill*         0x00000000201101fe        0x2 
 .sdata.g_esc_pwm
                0x0000000020110200        0x8 ./Driver/bsp_esc_pwm.o
                0x0000000020110200                g_esc_pwm
 .sdata.curbrk.0
                0x0000000020110208        0x4 ./Debug/debug.o
 .sdata._impure_ptr
                0x000000002011020c        0x4 d:/mounriver/mounriver_studio2/resources/app/resources/win32/components/wch/toolchain/risc-v embedded gcc12/bin/../lib/gcc/riscv-wch-elf/12.2.0/../../../../riscv-wch-elf/lib/rv32imac_zba_zbb_zbc_zbs_xw/ilp32\libg_nano.a(lib_a-impure.o)
                0x000000002011020c                _impure_ptr
 *(.sdata2.*)
 *(.gnu.linkonce.s.*)
                0x0000000020110210                . = ALIGN (0x8)
 *(.srodata.cst16)
 *(.srodata.cst8)
 *(.srodata.cst4)
 *(.srodata.cst2)
 *(.srodata .srodata.*)
 .srodata.g_accel_fsr_table
                0x0000000020110210        0x4 ./Driver/atk_ms901m.o
 .srodata.g_gyro_fsr_table
                0x0000000020110214        0x8 ./Driver/atk_ms901m.o
 .srodata._global_impure_ptr
                0x000000002011021c        0x4 d:/mounriver/mounriver_studio2/resources/app/resources/win32/components/wch/toolchain/risc-v embedded gcc12/bin/../lib/gcc/riscv-wch-elf/12.2.0/../../../../riscv-wch-elf/lib/rv32imac_zba_zbb_zbc_zbs_xw/ilp32\libg_nano.a(lib_a-impure.o)
                0x000000002011021c                _global_impure_ptr
                0x0000000020110220                . = ALIGN (0x4)
                0x0000000020110220                PROVIDE (_edata = .)

.bss            0x0000000020110220      0xa88 load address 0x0000000000006520
                0x0000000020110220                . = ALIGN (0x4)
                0x0000000020110220                PROVIDE (_sbss = .)
 *(.sbss*)
 .sbss.HCLKClock
                0x0000000020110220        0x4 ./User/system_ch32h417.o
                0x0000000020110220                HCLKClock
 .sbss.rx_sync  0x0000000020110224        0x1 ./Driver/bsp_tof_tfmini.o
 .sbss.rx_idx   0x0000000020110225        0x1 ./Driver/bsp_tof_tfmini.o
 *fill*         0x0000000020110226        0x2 
 .sbss.rx_buf   0x0000000020110228        0x6 ./Driver/bsp_tof_tfmini.o
 *fill*         0x000000002011022e        0x2 
 .sbss.g_tof_last_frame
                0x0000000020110230        0x6 ./Driver/bsp_tof_tfmini.o
                0x0000000020110230                g_tof_last_frame
 .sbss.g_tof_last_rx_byte
                0x0000000020110236        0x1 ./Driver/bsp_tof_tfmini.o
                0x0000000020110236                g_tof_last_rx_byte
 *fill*         0x0000000020110237        0x1 
 .sbss.g_tof_len_error_count
                0x0000000020110238        0x4 ./Driver/bsp_tof_tfmini.o
                0x0000000020110238                g_tof_len_error_count
 .sbss.g_tof_crc_error_count
                0x000000002011023c        0x4 ./Driver/bsp_tof_tfmini.o
                0x000000002011023c                g_tof_crc_error_count
 .sbss.g_tof_frame_count
                0x0000000020110240        0x4 ./Driver/bsp_tof_tfmini.o
                0x0000000020110240                g_tof_frame_count
 .sbss.g_tof_irq_count
                0x0000000020110244        0x4 ./Driver/bsp_tof_tfmini.o
                0x0000000020110244                g_tof_irq_count
 .sbss.g_tfmini_data
                0x0000000020110248        0x4 ./Driver/bsp_tof_tfmini.o
 .sbss.g_error_count
                0x000000002011024c        0x2 ./Driver/sensor_flow.o
 .sbss.g_nmea_collecting
                0x000000002011024e        0x1 ./Driver/sensor_gps.o
 *fill*         0x000000002011024f        0x1 
 .sbss.g_nmea_idx
                0x0000000020110250        0x2 ./Driver/sensor_gps.o
 *fill*         0x0000000020110252        0x2 
 .sbss.p_ms     0x0000000020110254        0x4 ./Debug/debug.o
 .sbss.p_us     0x0000000020110258        0x2 ./Debug/debug.o
 *fill*         0x000000002011025a        0x2 
 .sbss.__lock___malloc_recursive_mutex
                0x000000002011025c        0x1 d:/mounriver/mounriver_studio2/resources/app/resources/win32/components/wch/toolchain/risc-v embedded gcc12/bin/../lib/gcc/riscv-wch-elf/12.2.0/../../../../riscv-wch-elf/lib/rv32imac_zba_zbb_zbc_zbs_xw/ilp32\libg_nano.a(lib_a-lock.o)
                0x000000002011025c                __lock___malloc_recursive_mutex
 *fill*         0x000000002011025d        0x3 
 .sbss.__lock___sfp_recursive_mutex
                0x0000000020110260        0x1 d:/mounriver/mounriver_studio2/resources/app/resources/win32/components/wch/toolchain/risc-v embedded gcc12/bin/../lib/gcc/riscv-wch-elf/12.2.0/../../../../riscv-wch-elf/lib/rv32imac_zba_zbb_zbc_zbs_xw/ilp32\libg_nano.a(lib_a-lock.o)
                0x0000000020110260                __lock___sfp_recursive_mutex
 *fill*         0x0000000020110261        0x3 
 .sbss.__lock___sinit_recursive_mutex
                0x0000000020110264        0x1 d:/mounriver/mounriver_studio2/resources/app/resources/win32/components/wch/toolchain/risc-v embedded gcc12/bin/../lib/gcc/riscv-wch-elf/12.2.0/../../../../riscv-wch-elf/lib/rv32imac_zba_zbb_zbc_zbs_xw/ilp32\libg_nano.a(lib_a-lock.o)
                0x0000000020110264                __lock___sinit_recursive_mutex
 *fill*         0x0000000020110265        0x3 
 .sbss.__malloc_sbrk_start
                0x0000000020110268        0x4 d:/mounriver/mounriver_studio2/resources/app/resources/win32/components/wch/toolchain/risc-v embedded gcc12/bin/../lib/gcc/riscv-wch-elf/12.2.0/../../../../riscv-wch-elf/lib/rv32imac_zba_zbb_zbc_zbs_xw/ilp32\libg_nano.a(lib_a-nano-mallocr.o)
                0x0000000020110268                __malloc_sbrk_start
 .sbss.__malloc_free_list
                0x000000002011026c        0x4 d:/mounriver/mounriver_studio2/resources/app/resources/win32/components/wch/toolchain/risc-v embedded gcc12/bin/../lib/gcc/riscv-wch-elf/12.2.0/../../../../riscv-wch-elf/lib/rv32imac_zba_zbb_zbc_zbs_xw/ilp32\libg_nano.a(lib_a-nano-mallocr.o)
                0x000000002011026c                __malloc_free_list
 .sbss.errno    0x0000000020110270        0x4 d:/mounriver/mounriver_studio2/resources/app/resources/win32/components/wch/toolchain/risc-v embedded gcc12/bin/../lib/gcc/riscv-wch-elf/12.2.0/../../../../riscv-wch-elf/lib/rv32imac_zba_zbb_zbc_zbs_xw/ilp32\libg_nano.a(lib_a-reent.o)
                0x0000000020110270                errno
 *(.gnu.linkonce.sb.*)
 *(.bss*)
 .bss.g_uart_rx_fifo
                0x0000000020110274      0x106 ./Driver/atk_ms901m_uart.o
 *fill*         0x000000002011037a        0x2 
 .bss.g_oled_fb
                0x000000002011037c      0x400 ./Driver/oled_ssd1306.o
 .bss.g_nmea_line
                0x000000002011077c       0x80 ./Driver/sensor_gps.o
 .bss.g_gps_data
                0x00000000201107fc       0x54 ./Driver/sensor_gps.o
 .bss.g_gps_rx_fifo
                0x0000000020110850      0x404 ./Driver/sensor_gps.o
 .bss.g_gps     0x0000000020110c54       0x54 ./Common/hardware.o
                0x0000000020110c54                g_gps
 *(.gnu.linkonce.b.*)
 *(COMMON*)
                0x0000000020110ca8                . = ALIGN (0x4)
                0x0000000020110ca8                PROVIDE (_ebss = .)
                0x0000000020110ca8                PROVIDE (_end = _ebss)
                [!provide]                        PROVIDE (end = .)

.stack          0x000000002017f800      0x800
                0x000000002017f800                PROVIDE (_heap_end = .)
                0x000000002017f800                . = ALIGN (0x4)
                [!provide]                        PROVIDE (_susrstack = .)
                0x0000000020180000                . = (. + __stack_size)
 *fill*         0x000000002017f800      0x800 
                0x0000000020180000                PROVIDE (_eusrstack = .)
OUTPUT(USART_Interrupt_V3F.elf elf32-littleriscv)

.debug_info     0x0000000000000000    0x1288b
 .debug_info    0x0000000000000000      0x426 ./User/ch32h417_it.o
 .debug_info    0x0000000000000426      0x1aa ./User/main.o
 .debug_info    0x00000000000005d0      0x732 ./User/system_ch32h417.o
 .debug_info    0x0000000000000d02       0x23 ./Startup/startup_ch32h417_v3f.o
 .debug_info    0x0000000000000d25      0xc73 ./Peripheral/src/ch32h417_flash.o
 .debug_info    0x0000000000001998      0xc69 ./Peripheral/src/ch32h417_gpio.o
 .debug_info    0x0000000000002601      0x927 ./Peripheral/src/ch32h417_hsem.o
 .debug_info    0x0000000000002f28      0xbcc ./Peripheral/src/ch32h417_i2c.o
 .debug_info    0x0000000000003af4      0x579 ./Peripheral/src/ch32h417_ipc.o
 .debug_info    0x000000000000406d     0x1270 ./Peripheral/src/ch32h417_rcc.o
 .debug_info    0x00000000000052dd      0xa2c ./Peripheral/src/ch32h417_spi.o
 .debug_info    0x0000000000005d09     0x271f ./Peripheral/src/ch32h417_tim.o
 .debug_info    0x0000000000008428      0xbc5 ./Peripheral/src/ch32h417_usart.o
 .debug_info    0x0000000000008fed      0xd4a ./Driver/atk_ms901m.o
 .debug_info    0x0000000000009d37      0xe09 ./Driver/atk_ms901m_uart.o
 .debug_info    0x000000000000ab40      0xb76 ./Driver/bsp_esc_pwm.o
 .debug_info    0x000000000000b6b6      0xdaf ./Driver/bsp_tof_tfmini.o
 .debug_info    0x000000000000c465     0x10e3 ./Driver/oled_ssd1306.o
 .debug_info    0x000000000000d548     0x1128 ./Driver/sensor_flow.o
 .debug_info    0x000000000000e670     0x1b42 ./Driver/sensor_gps.o
 .debug_info    0x00000000000101b2      0x6db ./Debug/debug.o
 .debug_info    0x000000000001088d     0x135f ./Common/hardware.o
 .debug_info    0x0000000000011bec      0xc9f ./Common/ipc_comm.o

.debug_abbrev   0x0000000000000000     0x3363
 .debug_abbrev  0x0000000000000000      0x12d ./User/ch32h417_it.o
 .debug_abbrev  0x000000000000012d       0xe3 ./User/main.o
 .debug_abbrev  0x0000000000000210      0x232 ./User/system_ch32h417.o
 .debug_abbrev  0x0000000000000442       0x12 ./Startup/startup_ch32h417_v3f.o
 .debug_abbrev  0x0000000000000454      0x2c1 ./Peripheral/src/ch32h417_flash.o
 .debug_abbrev  0x0000000000000715      0x27a ./Peripheral/src/ch32h417_gpio.o
 .debug_abbrev  0x000000000000098f      0x230 ./Peripheral/src/ch32h417_hsem.o
 .debug_abbrev  0x0000000000000bbf      0x236 ./Peripheral/src/ch32h417_i2c.o
 .debug_abbrev  0x0000000000000df5      0x1c7 ./Peripheral/src/ch32h417_ipc.o
 .debug_abbrev  0x0000000000000fbc      0x302 ./Peripheral/src/ch32h417_rcc.o
 .debug_abbrev  0x00000000000012be      0x210 ./Peripheral/src/ch32h417_spi.o
 .debug_abbrev  0x00000000000014ce      0x269 ./Peripheral/src/ch32h417_tim.o
 .debug_abbrev  0x0000000000001737      0x20f ./Peripheral/src/ch32h417_usart.o
 .debug_abbrev  0x0000000000001946      0x247 ./Driver/atk_ms901m.o
 .debug_abbrev  0x0000000000001b8d      0x2c6 ./Driver/atk_ms901m_uart.o
 .debug_abbrev  0x0000000000001e53      0x1f4 ./Driver/bsp_esc_pwm.o
 .debug_abbrev  0x0000000000002047      0x297 ./Driver/bsp_tof_tfmini.o
 .debug_abbrev  0x00000000000022de      0x311 ./Driver/oled_ssd1306.o
 .debug_abbrev  0x00000000000025ef      0x2f8 ./Driver/sensor_flow.o
 .debug_abbrev  0x00000000000028e7      0x3d4 ./Driver/sensor_gps.o
 .debug_abbrev  0x0000000000002cbb      0x22b ./Debug/debug.o
 .debug_abbrev  0x0000000000002ee6      0x2b7 ./Common/hardware.o
 .debug_abbrev  0x000000000000319d      0x1c6 ./Common/ipc_comm.o

.debug_aranges  0x0000000000000000      0xfe0
 .debug_aranges
                0x0000000000000000       0x38 ./User/ch32h417_it.o
 .debug_aranges
                0x0000000000000038       0x20 ./User/main.o
 .debug_aranges
                0x0000000000000058       0x38 ./User/system_ch32h417.o
 .debug_aranges
                0x0000000000000090       0x38 ./Startup/startup_ch32h417_v3f.o
 .debug_aranges
                0x00000000000000c8      0x118 ./Peripheral/src/ch32h417_flash.o
 .debug_aranges
                0x00000000000001e0       0xa0 ./Peripheral/src/ch32h417_gpio.o
 .debug_aranges
                0x0000000000000280       0xa0 ./Peripheral/src/ch32h417_hsem.o
 .debug_aranges
                0x0000000000000320      0x120 ./Peripheral/src/ch32h417_i2c.o
 .debug_aranges
                0x0000000000000440       0x90 ./Peripheral/src/ch32h417_ipc.o
 .debug_aranges
                0x00000000000004d0      0x1f0 ./Peripheral/src/ch32h417_rcc.o
 .debug_aranges
                0x00000000000006c0       0xd8 ./Peripheral/src/ch32h417_spi.o
 .debug_aranges
                0x0000000000000798      0x3b8 ./Peripheral/src/ch32h417_tim.o
 .debug_aranges
                0x0000000000000b50      0x100 ./Peripheral/src/ch32h417_usart.o
 .debug_aranges
                0x0000000000000c50       0x68 ./Driver/atk_ms901m.o
 .debug_aranges
                0x0000000000000cb8       0x48 ./Driver/atk_ms901m_uart.o
 .debug_aranges
                0x0000000000000d00       0x30 ./Driver/bsp_esc_pwm.o
 .debug_aranges
                0x0000000000000d30       0x30 ./Driver/bsp_tof_tfmini.o
 .debug_aranges
                0x0000000000000d60       0x98 ./Driver/oled_ssd1306.o
 .debug_aranges
                0x0000000000000df8       0x58 ./Driver/sensor_flow.o
 .debug_aranges
                0x0000000000000e50       0xc8 ./Driver/sensor_gps.o
 .debug_aranges
                0x0000000000000f18       0x48 ./Debug/debug.o
 .debug_aranges
                0x0000000000000f60       0x40 ./Common/hardware.o
 .debug_aranges
                0x0000000000000fa0       0x40 ./Common/ipc_comm.o

.debug_rnglists
                0x0000000000000000     0x1102
 .debug_rnglists
                0x0000000000000000       0x31 ./User/ch32h417_it.o
 .debug_rnglists
                0x0000000000000031       0x16 ./User/main.o
 .debug_rnglists
                0x0000000000000047       0x31 ./User/system_ch32h417.o
 .debug_rnglists
                0x0000000000000078       0x27 ./Startup/startup_ch32h417_v3f.o
 .debug_rnglists
                0x000000000000009f      0x12d ./Peripheral/src/ch32h417_flash.o
 .debug_rnglists
                0x00000000000001cc       0xa6 ./Peripheral/src/ch32h417_gpio.o
 .debug_rnglists
                0x0000000000000272       0xa6 ./Peripheral/src/ch32h417_hsem.o
 .debug_rnglists
                0x0000000000000318      0x136 ./Peripheral/src/ch32h417_i2c.o
 .debug_rnglists
                0x000000000000044e       0x94 ./Peripheral/src/ch32h417_ipc.o
 .debug_rnglists
                0x00000000000004e2      0x220 ./Peripheral/src/ch32h417_rcc.o
 .debug_rnglists
                0x0000000000000702       0xe5 ./Peripheral/src/ch32h417_spi.o
 .debug_rnglists
                0x00000000000007e7      0x421 ./Peripheral/src/ch32h417_tim.o
 .debug_rnglists
                0x0000000000000c08      0x112 ./Peripheral/src/ch32h417_usart.o
 .debug_rnglists
                0x0000000000000d1a       0x67 ./Driver/atk_ms901m.o
 .debug_rnglists
                0x0000000000000d81       0x43 ./Driver/atk_ms901m_uart.o
 .debug_rnglists
                0x0000000000000dc4       0x28 ./Driver/bsp_esc_pwm.o
 .debug_rnglists
                0x0000000000000dec       0x3b ./Driver/bsp_tof_tfmini.o
 .debug_rnglists
                0x0000000000000e27       0xe9 ./Driver/oled_ssd1306.o
 .debug_rnglists
                0x0000000000000f10       0x55 ./Driver/sensor_flow.o
 .debug_rnglists
                0x0000000000000f65       0xe6 ./Driver/sensor_gps.o
 .debug_rnglists
                0x000000000000104b       0x43 ./Debug/debug.o
 .debug_rnglists
                0x000000000000108e       0x3a ./Common/hardware.o
 .debug_rnglists
                0x00000000000010c8       0x3a ./Common/ipc_comm.o

.debug_line     0x0000000000000000    0x13c0b
 .debug_line    0x0000000000000000      0x12f ./User/ch32h417_it.o
 .debug_line    0x000000000000012f       0xd0 ./User/main.o
 .debug_line    0x00000000000001ff      0xa5a ./User/system_ch32h417.o
 .debug_line    0x0000000000000c59      0x257 ./Startup/startup_ch32h417_v3f.o
 .debug_line    0x0000000000000eb0     0x24fc ./Peripheral/src/ch32h417_flash.o
 .debug_line    0x00000000000033ac     0x14a8 ./Peripheral/src/ch32h417_gpio.o
 .debug_line    0x0000000000004854      0x576 ./Peripheral/src/ch32h417_hsem.o
 .debug_line    0x0000000000004dca     0x104a ./Peripheral/src/ch32h417_i2c.o
 .debug_line    0x0000000000005e14      0x642 ./Peripheral/src/ch32h417_ipc.o
 .debug_line    0x0000000000006456     0x1c93 ./Peripheral/src/ch32h417_rcc.o
 .debug_line    0x00000000000080e9      0xc24 ./Peripheral/src/ch32h417_spi.o
 .debug_line    0x0000000000008d0d     0x38cc ./Peripheral/src/ch32h417_tim.o
 .debug_line    0x000000000000c5d9      0xf29 ./Peripheral/src/ch32h417_usart.o
 .debug_line    0x000000000000d502     0x1264 ./Driver/atk_ms901m.o
 .debug_line    0x000000000000e766      0x56f ./Driver/atk_ms901m_uart.o
 .debug_line    0x000000000000ecd5      0x342 ./Driver/bsp_esc_pwm.o
 .debug_line    0x000000000000f017      0x4b0 ./Driver/bsp_tof_tfmini.o
 .debug_line    0x000000000000f4c7      0xb13 ./Driver/oled_ssd1306.o
 .debug_line    0x000000000000ffda      0xae9 ./Driver/sensor_flow.o
 .debug_line    0x0000000000010ac3     0x1b13 ./Driver/sensor_gps.o
 .debug_line    0x00000000000125d6      0x505 ./Debug/debug.o
 .debug_line    0x0000000000012adb      0x71a ./Common/hardware.o
 .debug_line    0x00000000000131f5      0xa16 ./Common/ipc_comm.o

.debug_str      0x0000000000000000     0x4a31
 .debug_str     0x0000000000000000      0x2bf ./User/ch32h417_it.o
                                        0x30e (size before relaxing)
 .debug_str     0x00000000000002bf       0x74 ./User/main.o
                                        0x1fd (size before relaxing)
 .debug_str     0x0000000000000333      0x162 ./User/system_ch32h417.o
                                        0x466 (size before relaxing)
 .debug_str     0x0000000000000495       0x77 ./Startup/startup_ch32h417_v3f.o
 .debug_str     0x000000000000050c      0x4be ./Peripheral/src/ch32h417_flash.o
                                        0x6eb (size before relaxing)
 .debug_str     0x00000000000009ca      0x410 ./Peripheral/src/ch32h417_gpio.o
                                        0x61c (size before relaxing)
 .debug_str     0x0000000000000dda      0x2dd ./Peripheral/src/ch32h417_hsem.o
                                        0x5d8 (size before relaxing)
 .debug_str     0x00000000000010b7      0x41e ./Peripheral/src/ch32h417_i2c.o
                                        0x6c3 (size before relaxing)
 .debug_str     0x00000000000014d5      0x289 ./Peripheral/src/ch32h417_ipc.o
                                        0x46b (size before relaxing)
 .debug_str     0x000000000000175e      0x6ee ./Peripheral/src/ch32h417_rcc.o
                                        0xd22 (size before relaxing)
 .debug_str     0x0000000000001e4c      0x354 ./Peripheral/src/ch32h417_spi.o
                                        0x683 (size before relaxing)
 .debug_str     0x00000000000021a0      0xe14 ./Peripheral/src/ch32h417_tim.o
                                       0x1107 (size before relaxing)
 .debug_str     0x0000000000002fb4      0x42a ./Peripheral/src/ch32h417_usart.o
                                        0x738 (size before relaxing)
 .debug_str     0x00000000000033de      0x397 ./Driver/atk_ms901m.o
                                        0x580 (size before relaxing)
 .debug_str     0x0000000000003775      0x6e4 ./Driver/atk_ms901m_uart.o
                                        0xd04 (size before relaxing)
 .debug_str     0x0000000000003e59       0x7c ./Driver/bsp_esc_pwm.o
                                        0x767 (size before relaxing)
 .debug_str     0x0000000000003ed5      0x110 ./Driver/bsp_tof_tfmini.o
                                        0xd45 (size before relaxing)
 .debug_str     0x0000000000003fe5      0x188 ./Driver/oled_ssd1306.o
                                        0x6df (size before relaxing)
 .debug_str     0x000000000000416d      0x21b ./Driver/sensor_flow.o
                                        0x7a0 (size before relaxing)
 .debug_str     0x0000000000004388      0x2a3 ./Driver/sensor_gps.o
                                       0x1057 (size before relaxing)
 .debug_str     0x000000000000462b       0x3d ./Debug/debug.o
                                        0x540 (size before relaxing)
 .debug_str     0x0000000000004668      0x391 ./Common/hardware.o
                                        0xb11 (size before relaxing)
 .debug_str     0x00000000000049f9       0x38 ./Common/ipc_comm.o
                                        0x832 (size before relaxing)

.debug_line_str
                0x0000000000000000      0x8d6
 .debug_line_str
                0x0000000000000000      0x1fc ./User/ch32h417_it.o
                                        0x24b (size before relaxing)
 .debug_line_str
                0x00000000000001fc      0x143 ./User/main.o
                                        0x2ea (size before relaxing)
 .debug_line_str
                0x000000000000033f       0x52 ./User/system_ch32h417.o
                                        0x28b (size before relaxing)
 .debug_line_str
                0x0000000000000391       0x38 ./Startup/startup_ch32h417_v3f.o
                                         0x82 (size before relaxing)
 .debug_line_str
                0x00000000000003c9       0x72 ./Peripheral/src/ch32h417_flash.o
                                        0x283 (size before relaxing)
 .debug_line_str
                0x000000000000043b       0x47 ./Peripheral/src/ch32h417_gpio.o
                                        0x29f (size before relaxing)
 .debug_line_str
                0x0000000000000482       0x48 ./Peripheral/src/ch32h417_hsem.o
                                        0x274 (size before relaxing)
 .debug_line_str
                0x00000000000004ca       0x46 ./Peripheral/src/ch32h417_i2c.o
                                        0x28a (size before relaxing)
 .debug_line_str
                0x0000000000000510       0x46 ./Peripheral/src/ch32h417_ipc.o
                                        0x270 (size before relaxing)
 .debug_line_str
                0x0000000000000556       0x37 ./Peripheral/src/ch32h417_rcc.o
                                        0x28b (size before relaxing)
 .debug_line_str
                0x000000000000058d       0x46 ./Peripheral/src/ch32h417_spi.o
                                        0x28a (size before relaxing)
 .debug_line_str
                0x00000000000005d3       0x46 ./Peripheral/src/ch32h417_tim.o
                                        0x28a (size before relaxing)
 .debug_line_str
                0x0000000000000619       0x4a ./Peripheral/src/ch32h417_usart.o
                                        0x292 (size before relaxing)
 .debug_line_str
                0x0000000000000663       0x39 ./Driver/atk_ms901m.o
                                        0x2a7 (size before relaxing)
 .debug_line_str
                0x000000000000069c       0x1c ./Driver/atk_ms901m_uart.o
                                        0x269 (size before relaxing)
 .debug_line_str
                0x00000000000006b8       0x26 ./Driver/bsp_esc_pwm.o
                                        0x269 (size before relaxing)
 .debug_line_str
                0x00000000000006de       0x2c ./Driver/bsp_tof_tfmini.o
                                        0x277 (size before relaxing)
 .debug_line_str
                0x000000000000070a       0xbc ./Driver/oled_ssd1306.o
                                        0x396 (size before relaxing)
 .debug_line_str
                0x00000000000007c6       0x2d ./Driver/sensor_flow.o
                                        0x32c (size before relaxing)
 .debug_line_str
                0x00000000000007f3       0x17 ./Driver/sensor_gps.o
                                        0x397 (size before relaxing)
 .debug_line_str
                0x000000000000080a       0x27 ./Debug/debug.o
                                        0x355 (size before relaxing)
 .debug_line_str
                0x0000000000000831       0x68 ./Common/hardware.o
                                        0x491 (size before relaxing)
 .debug_line_str
                0x0000000000000899       0x3d ./Common/ipc_comm.o
                                        0x29e (size before relaxing)

.comment        0x0000000000000000       0x31
 .comment       0x0000000000000000       0x31 ./User/ch32h417_it.o
                                         0x32 (size before relaxing)
 .comment       0x0000000000000031       0x32 ./User/main.o
 .comment       0x0000000000000031       0x32 ./User/system_ch32h417.o
 .comment       0x0000000000000031       0x32 ./Peripheral/src/ch32h417_flash.o
 .comment       0x0000000000000031       0x32 ./Peripheral/src/ch32h417_gpio.o
 .comment       0x0000000000000031       0x32 ./Peripheral/src/ch32h417_hsem.o
 .comment       0x0000000000000031       0x32 ./Peripheral/src/ch32h417_i2c.o
 .comment       0x0000000000000031       0x32 ./Peripheral/src/ch32h417_ipc.o
 .comment       0x0000000000000031       0x32 ./Peripheral/src/ch32h417_rcc.o
 .comment       0x0000000000000031       0x32 ./Peripheral/src/ch32h417_spi.o
 .comment       0x0000000000000031       0x32 ./Peripheral/src/ch32h417_tim.o
 .comment       0x0000000000000031       0x32 ./Peripheral/src/ch32h417_usart.o
 .comment       0x0000000000000031       0x32 ./Driver/atk_ms901m.o
 .comment       0x0000000000000031       0x32 ./Driver/atk_ms901m_uart.o
 .comment       0x0000000000000031       0x32 ./Driver/bsp_esc_pwm.o
 .comment       0x0000000000000031       0x32 ./Driver/bsp_tof_tfmini.o
 .comment       0x0000000000000031       0x32 ./Driver/oled_ssd1306.o
 .comment       0x0000000000000031       0x32 ./Driver/sensor_flow.o
 .comment       0x0000000000000031       0x32 ./Driver/sensor_gps.o
 .comment       0x0000000000000031       0x32 ./Debug/debug.o
 .comment       0x0000000000000031       0x32 ./Common/hardware.o
 .comment       0x0000000000000031       0x32 ./Common/ipc_comm.o
 .comment       0x0000000000000031       0x32 d:/mounriver/mounriver_studio2/resources/app/resources/win32/components/wch/toolchain/risc-v embedded gcc12/bin/../lib/gcc/riscv-wch-elf/12.2.0/rv32imac_zba_zbb_zbc_zbs_xw/ilp32\libgcc.a(_divdi3.o)
 .comment       0x0000000000000031       0x32 d:/mounriver/mounriver_studio2/resources/app/resources/win32/components/wch/toolchain/risc-v embedded gcc12/bin/../lib/gcc/riscv-wch-elf/12.2.0/rv32imac_zba_zbb_zbc_zbs_xw/ilp32\libgcc.a(_udivdi3.o)